07:00:18 **** Build of configuration Debug for project stm32f4xx_drivers_cpp ****
make -j12 all 
arm-none-eabi-gcc -mcpu=cortex-m4 -g3 -DDEBUG -c -x assembler-with-cpp -MMD -MP -MF"Startup/startup_stm32f446retx.d" -MT"Startup/startup_stm32f446retx.o" --specs=nano.specs -mfpu=fpv4-sp-d16 -mfloat-abi=hard -mthumb -o "Startup/startup_stm32f446retx.o" "../Startup/startup_stm32f446retx.s"
arm-none-eabi-gcc "../Src/main.c" -mcpu=cortex-m4 -std=gnu11 -g3 -DDEBUG -DSTM32 -DSTM32F4 -DSTM32F446RETx -c -I../Inc -I"C:/Users/RShah23/Documents/R_ws/stm32f4xx_drivers_cpp/drivers/Inc" -O0 -ffunction-sections -fdata-sections -Wall -fstack-usage -fcyclomatic-complexity -MMD -MP -MF"Src/main.d" -MT"Src/main.o" --specs=nano.specs -mfpu=fpv4-sp-d16 -mfloat-abi=hard -mthumb -o "Src/main.o"
arm-none-eabi-gcc "../Src/syscalls.c" -mcpu=cortex-m4 -std=gnu11 -g3 -DDEBUG -DSTM32 -DSTM32F4 -DSTM32F446RETx -c -I../Inc -I"C:/Users/RShah23/Documents/R_ws/stm32f4xx_drivers_cpp/drivers/Inc" -O0 -ffunction-sections -fdata-sections -Wall -fstack-usage -fcyclomatic-complexity -MMD -MP -MF"Src/syscalls.d" -MT"Src/syscalls.o" --specs=nano.specs -mfpu=fpv4-sp-d16 -mfloat-abi=hard -mthumb -o "Src/syscalls.o"
arm-none-eabi-gcc "../Src/sysmem.c" -mcpu=cortex-m4 -std=gnu11 -g3 -DDEBUG -DSTM32 -DSTM32F4 -DSTM32F446RETx -c -I../Inc -I"C:/Users/RShah23/Documents/R_ws/stm32f4xx_drivers_cpp/drivers/Inc" -O0 -ffunction-sections -fdata-sections -Wall -fstack-usage -fcyclomatic-complexity -MMD -MP -MF"Src/sysmem.d" -MT"Src/sysmem.o" --specs=nano.specs -mfpu=fpv4-sp-d16 -mfloat-abi=hard -mthumb -o "Src/sysmem.o"
../Src/main.c:22:4: warning: #warning "FPU is not initialized, but the project is compiling for an FPU. Please initialize the FPU before use." [-Wcpp]
   22 |   #warning "FPU is not initialized, but the project is compiling for an FPU. Please initialize the FPU before use."
      |    ^~~~~~~
arm-none-eabi-g++ -o "stm32f4xx_drivers_cpp.elf" @"objects.list"   -mcpu=cortex-m4 -T"C:\Users\RShah23\Documents\R_ws\stm32f4xx_drivers_cpp\STM32F446RETX_FLASH.ld" --specs=nosys.specs -Wl,-Map="stm32f4xx_drivers_cpp.map" -Wl,--gc-sections -static --specs=nano.specs -mfpu=fpv4-sp-d16 -mfloat-abi=hard -mthumb -Wl,--start-group -lc -lm -lstdc++ -lsupc++ -Wl,--end-group
Finished building target: stm32f4xx_drivers_cpp.elf
 
arm-none-eabi-size  stm32f4xx_drivers_cpp.elf 
arm-none-eabi-objdump -h -S stm32f4xx_drivers_cpp.elf  > "stm32f4xx_drivers_cpp.list"
   text	   data	    bss	    dec	    hex	filename
    704	      8	   1568	   2280	    8e8	stm32f4xx_drivers_cpp.elf
Finished building: default.size.stdout
 
Finished building: stm32f4xx_drivers_cpp.list
 

07:00:19 Build Finished. 0 errors, 1 warnings. (took 1s.107ms)

