Archive member included to satisfy reference by file (symbol)

C:/ST/STM32CubeIDE_1.16.0/STM32CubeIDE/plugins/com.st.stm32cube.ide.mcu.externaltools.gnu-tools-for-stm32.12.3.rel1.win32_1.0.200.202406191623/tools/bin/../lib/gcc/arm-none-eabi/12.3.1/../../../../arm-none-eabi/lib/thumb/v7e-m+fp/hard\libc_nano.a(libc_a-exit.o)
                              C:/ST/STM32CubeIDE_1.16.0/STM32CubeIDE/plugins/com.st.stm32cube.ide.mcu.externaltools.gnu-tools-for-stm32.12.3.rel1.win32_1.0.200.202406191623/tools/bin/../lib/gcc/arm-none-eabi/12.3.1/../../../../arm-none-eabi/lib/thumb/v7e-m+fp/hard/crt0.o (exit)
C:/ST/STM32CubeIDE_1.16.0/STM32CubeIDE/plugins/com.st.stm32cube.ide.mcu.externaltools.gnu-tools-for-stm32.12.3.rel1.win32_1.0.200.202406191623/tools/bin/../lib/gcc/arm-none-eabi/12.3.1/../../../../arm-none-eabi/lib/thumb/v7e-m+fp/hard\libc_nano.a(libc_a-findfp.o)
                              C:/ST/STM32CubeIDE_1.16.0/STM32CubeIDE/plugins/com.st.stm32cube.ide.mcu.externaltools.gnu-tools-for-stm32.12.3.rel1.win32_1.0.200.202406191623/tools/bin/../lib/gcc/arm-none-eabi/12.3.1/../../../../arm-none-eabi/lib/thumb/v7e-m+fp/hard\libc_nano.a(libc_a-exit.o) (__stdio_exit_handler)
C:/ST/STM32CubeIDE_1.16.0/STM32CubeIDE/plugins/com.st.stm32cube.ide.mcu.externaltools.gnu-tools-for-stm32.12.3.rel1.win32_1.0.200.202406191623/tools/bin/../lib/gcc/arm-none-eabi/12.3.1/../../../../arm-none-eabi/lib/thumb/v7e-m+fp/hard\libc_nano.a(libc_a-fwalk.o)
                              C:/ST/STM32CubeIDE_1.16.0/STM32CubeIDE/plugins/com.st.stm32cube.ide.mcu.externaltools.gnu-tools-for-stm32.12.3.rel1.win32_1.0.200.202406191623/tools/bin/../lib/gcc/arm-none-eabi/12.3.1/../../../../arm-none-eabi/lib/thumb/v7e-m+fp/hard\libc_nano.a(libc_a-findfp.o) (_fwalk_sglue)
C:/ST/STM32CubeIDE_1.16.0/STM32CubeIDE/plugins/com.st.stm32cube.ide.mcu.externaltools.gnu-tools-for-stm32.12.3.rel1.win32_1.0.200.202406191623/tools/bin/../lib/gcc/arm-none-eabi/12.3.1/../../../../arm-none-eabi/lib/thumb/v7e-m+fp/hard\libc_nano.a(libc_a-stdio.o)
                              C:/ST/STM32CubeIDE_1.16.0/STM32CubeIDE/plugins/com.st.stm32cube.ide.mcu.externaltools.gnu-tools-for-stm32.12.3.rel1.win32_1.0.200.202406191623/tools/bin/../lib/gcc/arm-none-eabi/12.3.1/../../../../arm-none-eabi/lib/thumb/v7e-m+fp/hard\libc_nano.a(libc_a-findfp.o) (__sread)
C:/ST/STM32CubeIDE_1.16.0/STM32CubeIDE/plugins/com.st.stm32cube.ide.mcu.externaltools.gnu-tools-for-stm32.12.3.rel1.win32_1.0.200.202406191623/tools/bin/../lib/gcc/arm-none-eabi/12.3.1/../../../../arm-none-eabi/lib/thumb/v7e-m+fp/hard\libc_nano.a(libc_a-memset.o)
                              C:/ST/STM32CubeIDE_1.16.0/STM32CubeIDE/plugins/com.st.stm32cube.ide.mcu.externaltools.gnu-tools-for-stm32.12.3.rel1.win32_1.0.200.202406191623/tools/bin/../lib/gcc/arm-none-eabi/12.3.1/../../../../arm-none-eabi/lib/thumb/v7e-m+fp/hard/crt0.o (memset)
C:/ST/STM32CubeIDE_1.16.0/STM32CubeIDE/plugins/com.st.stm32cube.ide.mcu.externaltools.gnu-tools-for-stm32.12.3.rel1.win32_1.0.200.202406191623/tools/bin/../lib/gcc/arm-none-eabi/12.3.1/../../../../arm-none-eabi/lib/thumb/v7e-m+fp/hard\libc_nano.a(libc_a-closer.o)
                              C:/ST/STM32CubeIDE_1.16.0/STM32CubeIDE/plugins/com.st.stm32cube.ide.mcu.externaltools.gnu-tools-for-stm32.12.3.rel1.win32_1.0.200.202406191623/tools/bin/../lib/gcc/arm-none-eabi/12.3.1/../../../../arm-none-eabi/lib/thumb/v7e-m+fp/hard\libc_nano.a(libc_a-stdio.o) (_close_r)
C:/ST/STM32CubeIDE_1.16.0/STM32CubeIDE/plugins/com.st.stm32cube.ide.mcu.externaltools.gnu-tools-for-stm32.12.3.rel1.win32_1.0.200.202406191623/tools/bin/../lib/gcc/arm-none-eabi/12.3.1/../../../../arm-none-eabi/lib/thumb/v7e-m+fp/hard\libc_nano.a(libc_a-reent.o)
                              C:/ST/STM32CubeIDE_1.16.0/STM32CubeIDE/plugins/com.st.stm32cube.ide.mcu.externaltools.gnu-tools-for-stm32.12.3.rel1.win32_1.0.200.202406191623/tools/bin/../lib/gcc/arm-none-eabi/12.3.1/../../../../arm-none-eabi/lib/thumb/v7e-m+fp/hard\libc_nano.a(libc_a-closer.o) (errno)
C:/ST/STM32CubeIDE_1.16.0/STM32CubeIDE/plugins/com.st.stm32cube.ide.mcu.externaltools.gnu-tools-for-stm32.12.3.rel1.win32_1.0.200.202406191623/tools/bin/../lib/gcc/arm-none-eabi/12.3.1/../../../../arm-none-eabi/lib/thumb/v7e-m+fp/hard\libc_nano.a(libc_a-impure.o)
                              C:/ST/STM32CubeIDE_1.16.0/STM32CubeIDE/plugins/com.st.stm32cube.ide.mcu.externaltools.gnu-tools-for-stm32.12.3.rel1.win32_1.0.200.202406191623/tools/bin/../lib/gcc/arm-none-eabi/12.3.1/../../../../arm-none-eabi/lib/thumb/v7e-m+fp/hard\libc_nano.a(libc_a-reent.o) (_impure_ptr)
C:/ST/STM32CubeIDE_1.16.0/STM32CubeIDE/plugins/com.st.stm32cube.ide.mcu.externaltools.gnu-tools-for-stm32.12.3.rel1.win32_1.0.200.202406191623/tools/bin/../lib/gcc/arm-none-eabi/12.3.1/../../../../arm-none-eabi/lib/thumb/v7e-m+fp/hard\libc_nano.a(libc_a-lseekr.o)
[...]
Memory Configuration

Name             Origin             Length             Attributes
RAM              0x20000000         0x00020000         xrw
FLASH            0x08000000         0x00080000         xr
*default*        0x00000000         0xffffffff

Linker script and memory map

LOAD C:/ST/STM32CubeIDE_1.16.0/STM32CubeIDE/plugins/com.st.stm32cube.ide.mcu.externaltools.gnu-tools-for-stm32.12.3.rel1.win32_1.0.200.202406191623/tools/bin/../lib/gcc/arm-none-eabi/12.3.1/thumb/v7e-m+fp/hard/crti.o
LOAD C:/ST/STM32CubeIDE_1.16.0/STM32CubeIDE/plugins/com.st.stm32cube.ide.mcu.externaltools.gnu-tools-for-stm32.12.3.rel1.win32_1.0.200.202406191623/tools/bin/../lib/gcc/arm-none-eabi/12.3.1/thumb/v7e-m+fp/hard/crtbegin.o
LOAD C:/ST/STM32CubeIDE_1.16.0/STM32CubeIDE/plugins/com.st.stm32cube.ide.mcu.externaltools.gnu-tools-for-stm32.12.3.rel1.win32_1.0.200.202406191623/tools/bin/../lib/gcc/arm-none-eabi/12.3.1/../../../../arm-none-eabi/lib/thumb/v7e-m+fp/hard/crt0.o
LOAD ./Core/Src/led_effect.o
LOAD ./Core/Src/main.o
LOAD ./Core/Src/rtc.o
LOAD ./Core/Src/stm32f4xx_hal_msp.o
LOAD ./Core/Src/stm32f4xx_hal_timebase_tim.o
LOAD ./Core/Src/stm32f4xx_it.o
LOAD ./Core/Src/syscalls.o
LOAD ./Core/Src/sysmem.o
LOAD ./Core/Src/system_stm32f4xx.o
LOAD ./Core/Src/task_handler.o
LOAD ./Core/Startup/startup_stm32f446retx.o
LOAD ./Drivers/STM32F4xx_HAL_Driver/Src/stm32f4xx_hal.o
LOAD ./Drivers/STM32F4xx_HAL_Driver/Src/stm32f4xx_hal_cortex.o
LOAD ./Drivers/STM32F4xx_HAL_Driver/Src/stm32f4xx_hal_dma.o
LOAD ./Drivers/STM32F4xx_HAL_Driver/Src/stm32f4xx_hal_dma_ex.o
LOAD ./Drivers/STM32F4xx_HAL_Driver/Src/stm32f4xx_hal_exti.o
LOAD ./Drivers/STM32F4xx_HAL_Driver/Src/stm32f4xx_hal_flash.o
LOAD ./Drivers/STM32F4xx_HAL_Driver/Src/stm32f4xx_hal_flash_ex.o
LOAD ./Drivers/STM32F4xx_HAL_Driver/Src/stm32f4xx_hal_flash_ramfunc.o
LOAD ./Drivers/STM32F4xx_HAL_Driver/Src/stm32f4xx_hal_gpio.o
LOAD ./Drivers/STM32F4xx_HAL_Driver/Src/stm32f4xx_hal_pwr.o
LOAD ./Drivers/STM32F4xx_HAL_Driver/Src/stm32f4xx_hal_pwr_ex.o
LOAD ./Drivers/STM32F4xx_HAL_Driver/Src/stm32f4xx_hal_rcc.o
LOAD ./Drivers/STM32F4xx_HAL_Driver/Src/stm32f4xx_hal_rcc_ex.o
LOAD ./Drivers/STM32F4xx_HAL_Driver/Src/stm32f4xx_hal_rtc.o
LOAD ./Drivers/STM32F4xx_HAL_Driver/Src/stm32f4xx_hal_rtc_ex.o
LOAD ./Drivers/STM32F4xx_HAL_Driver/Src/stm32f4xx_hal_tim.o
LOAD ./Drivers/STM32F4xx_HAL_Driver/Src/stm32f4xx_hal_tim_ex.o
LOAD ./Drivers/STM32F4xx_HAL_Driver/Src/stm32f4xx_hal_uart.o
LOAD ./common/ThirdParty/FreeRTOS/croutine.o
LOAD ./common/ThirdParty/FreeRTOS/event_groups.o
LOAD ./common/ThirdParty/FreeRTOS/list.o
LOAD ./common/ThirdParty/FreeRTOS/queue.o
LOAD ./common/ThirdParty/FreeRTOS/stream_buffer.o
LOAD ./common/ThirdParty/FreeRTOS/tasks.o
LOAD ./common/ThirdParty/FreeRTOS/timers.o
LOAD ./common/ThirdParty/FreeRTOS/portable/GCC/ARM_CM4F/port.o
LOAD ./common/ThirdParty/FreeRTOS/portable/MemMang/heap_4.o
START GROUP
LOAD C:/ST/STM32CubeIDE_1.16.0/STM32CubeIDE/plugins/com.st.stm32cube.ide.mcu.externaltools.gnu-tools-for-stm32.12.3.rel1.win32_1.0.200.202406191623/tools/bin/../lib/gcc/arm-none-eabi/12.3.1/../../../../arm-none-eabi/lib/thumb/v7e-m+fp/hard\libc_nano.a
LOAD C:/ST/STM32CubeIDE_1.16.0/STM32CubeIDE/plugins/com.st.stm32cube.ide.mcu.externaltools.gnu-tools-for-stm32.12.3.rel1.win32_1.0.200.202406191623/tools/bin/../lib/gcc/arm-none-eabi/12.3.1/../../../../arm-none-eabi/lib/thumb/v7e-m+fp/hard\libm.a
END GROUP
START GROUP
LOAD C:/ST/STM32CubeIDE_1.16.0/STM32CubeIDE/plugins/com.st.stm32cube.ide.mcu.externaltools.gnu-tools-for-stm32.12.3.rel1.win32_1.0.200.202406191623/tools/bin/../lib/gcc/arm-none-eabi/12.3.1/thumb/v7e-m+fp/hard\libgcc.a
LOAD C:/ST/STM32CubeIDE_1.16.0/STM32CubeIDE/plugins/com.st.stm32cube.ide.mcu.externaltools.gnu-tools-for-stm32.12.3.rel1.win32_1.0.200.202406191623/tools/bin/../lib/gcc/arm-none-eabi/12.3.1/../../../../arm-none-eabi/lib/thumb/v7e-m+fp/hard\libc_nano.a
END GROUP
START GROUP
LOAD C:/ST/STM32CubeIDE_1.16.0/STM32CubeIDE/plugins/com.st.stm32cube.ide.mcu.externaltools.gnu-tools-for-stm32.12.3.rel1.win32_1.0.200.202406191623/tools/bin/../lib/gcc/arm-none-eabi/12.3.1/thumb/v7e-m+fp/hard\libgcc.a
LOAD C:/ST/STM32CubeIDE_1.16.0/STM32CubeIDE/plugins/com.st.stm32cube.ide.mcu.externaltools.gnu-tools-for-stm32.12.3.rel1.win32_1.0.200.202406191623/tools/bin/../lib/gcc/arm-none-eabi/12.3.1/../../../../arm-none-eabi/lib/thumb/v7e-m+fp/hard\libc_nano.a
LOAD C:/ST/STM32CubeIDE_1.16.0/STM32CubeIDE/plugins/com.st.stm32cube.ide.mcu.externaltools.gnu-tools-for-stm32.12.3.rel1.win32_1.0.200.202406191623/tools/bin/../lib/gcc/arm-none-eabi/12.3.1/../../../../arm-none-eabi/lib/thumb/v7e-m+fp/hard\libnosys.a
END GROUP
START GROUP
LOAD C:/ST/STM32CubeIDE_1.16.0/STM32CubeIDE/plugins/com.st.stm32cube.ide.mcu.externaltools.gnu-tools-for-stm32.12.3.rel1.win32_1.0.200.202406191623/tools/bin/../lib/gcc/arm-none-eabi/12.3.1/thumb/v7e-m+fp/hard\libgcc.a
LOAD C:/ST/STM32CubeIDE_1.16.0/STM32CubeIDE/plugins/com.st.stm32cube.ide.mcu.externaltools.gnu-tools-for-stm32.12.3.rel1.win32_1.0.200.202406191623/tools/bin/../lib/gcc/arm-none-eabi/12.3.1/../../../../arm-none-eabi/lib/thumb/v7e-m+fp/hard\libc_nano.a
LOAD C:/ST/STM32CubeIDE_1.16.0/STM32CubeIDE/plugins/com.st.stm32cube.ide.mcu.externaltools.gnu-tools-for-stm32.12.3.rel1.win32_1.0.200.202406191623/tools/bin/../lib/gcc/arm-none-eabi/12.3.1/../../../../arm-none-eabi/lib/thumb/v7e-m+fp/hard\libnosys.a
END GROUP
LOAD C:/ST/STM32CubeIDE_1.16.0/STM32CubeIDE/plugins/com.st.stm32cube.ide.mcu.externaltools.gnu-tools-for-stm32.12.3.rel1.win32_1.0.200.202406191623/tools/bin/../lib/gcc/arm-none-eabi/12.3.1/thumb/v7e-m+fp/hard/crtend.o
LOAD C:/ST/STM32CubeIDE_1.16.0/STM32CubeIDE/plugins/com.st.stm32cube.ide.mcu.externaltools.gnu-tools-for-stm32.12.3.rel1.win32_1.0.200.202406191623/tools/bin/../lib/gcc/arm-none-eabi/12.3.1/thumb/v7e-m+fp/hard/crtn.o
                0x20020000                        _estack = (ORIGIN (RAM) + LENGTH (RAM))
                0x00000200                        _Min_Heap_Size = 0x200
                0x00000400                        _Min_Stack_Size = 0x400

.isr_vector     0x08000000      0x1c4
                0x08000000                        . = ALIGN (0x4)
 *(.isr_vector)
 .isr_vector    0x08000000      0x1c4 ./Core/Startup/startup_stm32f446retx.o
                0x08000000                g_pfnVectors
                0x080001c4                        . = ALIGN (0x4)

.text           0x080001d0     0x6fbc
                0x080001d0                        . = ALIGN (0x4)
 *(.text)
 .text          0x080001d0       0x40 C:/ST/STM32CubeIDE_1.16.0/STM32CubeIDE/plugins/com.st.stm32cube.ide.mcu.externaltools.gnu-tools-for-stm32.12.3.rel1.win32_1.0.200.202406191623/tools/bin/../lib/gcc/arm-none-eabi/12.3.1/thumb/v7e-m+fp/hard/crtbegin.o
 .text          0x08000210       0x30 C:/ST/STM32CubeIDE_1.16.0/STM32CubeIDE/plugins/com.st.stm32cube.ide.mcu.externaltools.gnu-tools-for-stm32.12.3.rel1.win32_1.0.200.202406191623/tools/bin/../lib/gcc/arm-none-eabi/12.3.1/thumb/v7e-m+fp/hard\libgcc.a(_aeabi_uldivmod.o)
                0x08000210                __aeabi_uldivmod
 .text          0x08000240      0x2bc C:/ST/STM32CubeIDE_1.16.0/STM32CubeIDE/plugins/com.st.stm32cube.ide.mcu.externaltools.gnu-tools-for-stm32.12.3.rel1.win32_1.0.200.202406191623/tools/bin/../lib/gcc/arm-none-eabi/12.3.1/thumb/v7e-m+fp/hard\libgcc.a(_udivmoddi4.o)
                0x08000240                __udivmoddi4
 .text          0x080004fc        0x4 C:/ST/STM32CubeIDE_1.16.0/STM32CubeIDE/plugins/com.st.stm32cube.ide.mcu.externaltools.gnu-tools-for-stm32.12.3.rel1.win32_1.0.200.202406191623/tools/bin/../lib/gcc/arm-none-eabi/12.3.1/thumb/v7e-m+fp/hard\libgcc.a(_dvmd_tls.o)
                0x080004fc                __aeabi_idiv0
                0x080004fc                __aeabi_ldiv0
 *(.text*)
 .text.main     0x08000500      0x1dc ./Core/Src/main.o
                0x08000500                main
 .text.SystemClock_Config
                0x080006dc       0xe4 ./Core/Src/main.o
                0x080006dc                SystemClock_Config
 .text.MX_RTC_Init
                0x080007c0       0x4c ./Core/Src/main.o
 .text.MX_USART2_UART_Init
                0x0800080c       0x54 ./Core/Src/main.o
 .text.MX_GPIO_Init
                0x08000860       0xdc ./Core/Src/main.o
 .text.HAL_UART_RxCpltCallback
                0x0800093c       0x94 ./Core/Src/main.o
                0x0800093c                HAL_UART_RxCpltCallback
 .text.HAL_TIM_PeriodElapsedCallback
                0x080009d0       0x24 ./Core/Src/main.o
                0x080009d0                HAL_TIM_PeriodElapsedCallback
 .text.Error_Handler
                0x080009f4        0xc ./Core/Src/main.o
                0x080009f4                Error_Handler
 .text.HAL_MspInit
                0x08000a00       0x50 ./Core/Src/stm32f4xx_hal_msp.o
                0x08000a00                HAL_MspInit
 .text.HAL_RTC_MspInit
                0x08000a50       0x54 ./Core/Src/stm32f4xx_hal_msp.o
                0x08000a50                HAL_RTC_MspInit
 .text.HAL_UART_MspInit
                0x08000aa4       0xa0 ./Core/Src/stm32f4xx_hal_msp.o
                0x08000aa4                HAL_UART_MspInit
 .text.HAL_InitTick
                0x08000b44       0xf8 ./Core/Src/stm32f4xx_hal_timebase_tim.o
                0x08000b44                HAL_InitTick
 .text.NMI_Handler
                0x08000c3c        0x8 ./Core/Src/stm32f4xx_it.o
                0x08000c3c                NMI_Handler
 .text.HardFault_Handler
                0x08000c44        0x8 ./Core/Src/stm32f4xx_it.o
                0x08000c44                HardFault_Handler
 .text.MemManage_Handler
                0x08000c4c        0x8 ./Core/Src/stm32f4xx_it.o
                0x08000c4c                MemManage_Handler
 .text.BusFault_Handler
                0x08000c54        0x8 ./Core/Src/stm32f4xx_it.o
                0x08000c54                BusFault_Handler
 .text.UsageFault_Handler
                0x08000c5c        0x8 ./Core/Src/stm32f4xx_it.o
                0x08000c5c                UsageFault_Handler
 .text.DebugMon_Handler
                0x08000c64        0xe ./Core/Src/stm32f4xx_it.o
                0x08000c64                DebugMon_Handler
 *fill*         0x08000c72        0x2 
 .text.USART2_IRQHandler
                0x08000c74       0x14 ./Core/Src/stm32f4xx_it.o
                0x08000c74                USART2_IRQHandler
 .text.TIM6_DAC_IRQHandler
                0x08000c88       0x14 ./Core/Src/stm32f4xx_it.o
                0x08000c88                TIM6_DAC_IRQHandler
 .text.SystemInit
                0x08000c9c       0x24 ./Core/Src/system_stm32f4xx.o
                0x08000c9c                SystemInit
 .text.menu_task_handler
                0x08000cc0       0xf0 ./Core/Src/task_handler.o
                0x08000cc0                menu_task_handler
 .text.cmd_task_handler
                0x08000db0       0x2e ./Core/Src/task_handler.o
                0x08000db0                cmd_task_handler
 *fill*         0x08000dde        0x2 
 .text.extract_command
                0x08000de0       0x74 ./Core/Src/task_handler.o
                0x08000de0                extract_command
 .text.process_command
                0x08000e54       0x80 ./Core/Src/task_handler.o
                0x08000e54                process_command
 .text.print_task_handler
                0x08000ed4        0xc ./Core/Src/task_handler.o
                0x08000ed4                print_task_handler
 .text.led_task_handler
                0x08000ee0       0x20 ./Core/Src/task_handler.o
                0x08000ee0                led_task_handler
 .text.rtc_task_handler
                0x08000f00       0x20 ./Core/Src/task_handler.o
                0x08000f00                rtc_task_handler
 .text.Reset_Handler
                0x08000f20       0x50 ./Core/Startup/startup_stm32f446retx.o
                0x08000f20                Reset_Handler
 .text.Default_Handler
                0x08000f70        0x2 ./Core/Startup/startup_stm32f446retx.o
                0x08000f70                RTC_Alarm_IRQHandler
                0x08000f70                EXTI2_IRQHandler
                0x08000f70                TIM8_CC_IRQHandler
                0x08000f70                FMPI2C1_EV_IRQHandler
                0x08000f70                SPI4_IRQHandler
                0x08000f70                TIM1_CC_IRQHandler
                0x08000f70                DMA2_Stream5_IRQHandler
                0x08000f70                DMA1_Stream5_IRQHandler
                0x08000f70                PVD_IRQHandler
                0x08000f70                SDIO_IRQHandler
                0x08000f70                TAMP_STAMP_IRQHandler
                0x08000f70                CAN2_RX1_IRQHandler
                0x08000f70                EXTI3_IRQHandler
                0x08000f70                TIM8_TRG_COM_TIM14_IRQHandler
                0x08000f70                TIM1_UP_TIM10_IRQHandler
                0x08000f70                TIM8_UP_TIM13_IRQHandler
                0x08000f70                I2C3_ER_IRQHandler
                0x08000f70                EXTI0_IRQHandler
                0x08000f70                I2C2_EV_IRQHandler
                0x08000f70                DMA1_Stream2_IRQHandler
                0x08000f70                CAN1_RX0_IRQHandler
                0x08000f70                FPU_IRQHandler
                0x08000f70                OTG_HS_WKUP_IRQHandler
                0x08000f70                CAN2_SCE_IRQHandler
                0x08000f70                DMA2_Stream2_IRQHandler
                0x08000f70                SPI1_IRQHandler
                0x08000f70                TIM1_BRK_TIM9_IRQHandler
                0x08000f70                DCMI_IRQHandler
                0x08000f70                CAN2_RX0_IRQHandler
                0x08000f70                DMA2_Stream3_IRQHandler
                0x08000f70                SAI2_IRQHandler
                0x08000f70                USART6_IRQHandler
                0x08000f70                USART3_IRQHandler
                0x08000f70                CAN1_RX1_IRQHandler
                0x08000f70                UART5_IRQHandler
                0x08000f70                DMA2_Stream0_IRQHandler
                0x08000f70                TIM4_IRQHandler
                0x08000f70                QUADSPI_IRQHandler
                0x08000f70                I2C1_EV_IRQHandler
                0x08000f70                DMA1_Stream6_IRQHandler
                0x08000f70                DMA1_Stream1_IRQHandler
                0x08000f70                UART4_IRQHandler
                0x08000f70                TIM3_IRQHandler
                0x08000f70                RCC_IRQHandler
                0x08000f70                TIM8_BRK_TIM12_IRQHandler
                0x08000f70                Default_Handler
                0x08000f70                CEC_IRQHandler
                0x08000f70                EXTI15_10_IRQHandler
                0x08000f70                ADC_IRQHandler
                0x08000f70                DMA1_Stream7_IRQHandler
                0x08000f70                TIM7_IRQHandler
                0x08000f70                CAN2_TX_IRQHandler
                0x08000f70                TIM5_IRQHandler
                0x08000f70                DMA2_Stream7_IRQHandler
                0x08000f70                I2C3_EV_IRQHandler
                0x08000f70                EXTI9_5_IRQHandler
                0x08000f70                RTC_WKUP_IRQHandler
                0x08000f70                SPDIF_RX_IRQHandler
                0x08000f70                SPI2_IRQHandler
                0x08000f70                OTG_HS_EP1_IN_IRQHandler
                0x08000f70                DMA1_Stream0_IRQHandler
                0x08000f70                CAN1_TX_IRQHandler
                0x08000f70                FMPI2C1_ER_IRQHandler
                0x08000f70                EXTI4_IRQHandler
                0x08000f70                OTG_HS_EP1_OUT_IRQHandler
                0x08000f70                WWDG_IRQHandler
                0x08000f70                TIM2_IRQHandler
                0x08000f70                OTG_FS_WKUP_IRQHandler
                0x08000f70                TIM1_TRG_COM_TIM11_IRQHandler
                0x08000f70                OTG_HS_IRQHandler
                0x08000f70                EXTI1_IRQHandler
                0x08000f70                I2C2_ER_IRQHandler
                0x08000f70                DMA2_Stream1_IRQHandler
                0x08000f70                CAN1_SCE_IRQHandler
                0x08000f70                FLASH_IRQHandler
                0x08000f70                DMA2_Stream4_IRQHandler
                0x08000f70                USART1_IRQHandler
                0x08000f70                OTG_FS_IRQHandler
                0x08000f70                SPI3_IRQHandler
                0x08000f70                DMA1_Stream4_IRQHandler
                0x08000f70                I2C1_ER_IRQHandler
                0x08000f70                FMC_IRQHandler
                0x08000f70                DMA2_Stream6_IRQHandler
                0x08000f70                SAI1_IRQHandler
                0x08000f70                DMA1_Stream3_IRQHandler
 *fill*         0x08000f72        0x2 
 .text.HAL_Init
                0x08000f74       0x44 ./Drivers/STM32F4xx_HAL_Driver/Src/stm32f4xx_hal.o
                0x08000f74                HAL_Init
 .text.HAL_IncTick
                0x08000fb8       0x28 ./Drivers/STM32F4xx_HAL_Driver/Src/stm32f4xx_hal.o
                0x08000fb8                HAL_IncTick
 .text.HAL_GetTick
                0x08000fe0       0x18 ./Drivers/STM32F4xx_HAL_Driver/Src/stm32f4xx_hal.o
                0x08000fe0                HAL_GetTick
 .text.__NVIC_SetPriorityGrouping
                0x08000ff8       0x48 ./Drivers/STM32F4xx_HAL_Driver/Src/stm32f4xx_hal_cortex.o
 .text.__NVIC_GetPriorityGrouping
                0x08001040       0x1c ./Drivers/STM32F4xx_HAL_Driver/Src/stm32f4xx_hal_cortex.o
 .text.__NVIC_EnableIRQ
                0x0800105c       0x3c ./Drivers/STM32F4xx_HAL_Driver/Src/stm32f4xx_hal_cortex.o
 .text.__NVIC_SetPriority
                0x08001098       0x54 ./Drivers/STM32F4xx_HAL_Driver/Src/stm32f4xx_hal_cortex.o
 .text.NVIC_EncodePriority
                0x080010ec       0x66 ./Drivers/STM32F4xx_HAL_Driver/Src/stm32f4xx_hal_cortex.o
 .text.HAL_NVIC_SetPriorityGrouping
                0x08001152       0x16 ./Drivers/STM32F4xx_HAL_Driver/Src/stm32f4xx_hal_cortex.o
                0x08001152                HAL_NVIC_SetPriorityGrouping
 .text.HAL_NVIC_SetPriority
                0x08001168       0x38 ./Drivers/STM32F4xx_HAL_Driver/Src/stm32f4xx_hal_cortex.o
                0x08001168                HAL_NVIC_SetPriority
 .text.HAL_NVIC_EnableIRQ
                0x080011a0       0x1c ./Drivers/STM32F4xx_HAL_Driver/Src/stm32f4xx_hal_cortex.o
                0x080011a0                HAL_NVIC_EnableIRQ
 .text.HAL_DMA_Abort
                0x080011bc       0xe0 ./Drivers/STM32F4xx_HAL_Driver/Src/stm32f4xx_hal_dma.o
                0x080011bc                HAL_DMA_Abort
 .text.HAL_DMA_Abort_IT
                0x0800129c       0x44 ./Drivers/STM32F4xx_HAL_Driver/Src/stm32f4xx_hal_dma.o
                0x0800129c                HAL_DMA_Abort_IT
 .text.HAL_GPIO_Init
                0x080012e0      0x328 ./Drivers/STM32F4xx_HAL_Driver/Src/stm32f4xx_hal_gpio.o
                0x080012e0                HAL_GPIO_Init
 .text.HAL_GPIO_WritePin
                0x08001608       0x32 ./Drivers/STM32F4xx_HAL_Driver/Src/stm32f4xx_hal_gpio.o
                0x08001608                HAL_GPIO_WritePin
 *fill*         0x0800163a        0x2 
 .text.HAL_RCC_ClockConfig
                0x0800163c      0x1cc ./Drivers/STM32F4xx_HAL_Driver/Src/stm32f4xx_hal_rcc.o
                0x0800163c                HAL_RCC_ClockConfig
 .text.HAL_RCC_GetHCLKFreq
                0x08001808       0x18 ./Drivers/STM32F4xx_HAL_Driver/Src/stm32f4xx_hal_rcc.o
                0x08001808                HAL_RCC_GetHCLKFreq
 .text.HAL_RCC_GetPCLK1Freq
                0x08001820       0x28 ./Drivers/STM32F4xx_HAL_Driver/Src/stm32f4xx_hal_rcc.o
                0x08001820                HAL_RCC_GetPCLK1Freq
 .text.HAL_RCC_GetPCLK2Freq
                0x08001848       0x28 ./Drivers/STM32F4xx_HAL_Driver/Src/stm32f4xx_hal_rcc.o
                0x08001848                HAL_RCC_GetPCLK2Freq
 .text.HAL_RCC_GetClockConfig
                0x08001870       0x64 ./Drivers/STM32F4xx_HAL_Driver/Src/stm32f4xx_hal_rcc.o
                0x08001870                HAL_RCC_GetClockConfig
 .text.HAL_RCCEx_PeriphCLKConfig
                0x080018d4      0x654 ./Drivers/STM32F4xx_HAL_Driver/Src/stm32f4xx_hal_rcc_ex.o
                0x080018d4                HAL_RCCEx_PeriphCLKConfig
 .text.HAL_RCC_GetSysClockFreq
                0x08001f28      0x460 ./Drivers/STM32F4xx_HAL_Driver/Src/stm32f4xx_hal_rcc_ex.o
                0x08001f28                HAL_RCC_GetSysClockFreq
 .text.HAL_RCC_OscConfig
                0x08002388      0x53c ./Drivers/STM32F4xx_HAL_Driver/Src/stm32f4xx_hal_rcc_ex.o
                0x08002388                HAL_RCC_OscConfig
 .text.HAL_RTC_Init
                0x080028c4      0x106 ./Drivers/STM32F4xx_HAL_Driver/Src/stm32f4xx_hal_rtc.o
                0x080028c4                HAL_RTC_Init
 *fill*         0x080029ca        0x2 
 .text.HAL_RTC_WaitForSynchro
                0x080029cc       0x4c ./Drivers/STM32F4xx_HAL_Driver/Src/stm32f4xx_hal_rtc.o
                0x080029cc                HAL_RTC_WaitForSynchro
 .text.RTC_EnterInitMode
                0x08002a18       0x6e ./Drivers/STM32F4xx_HAL_Driver/Src/stm32f4xx_hal_rtc.o
                0x08002a18                RTC_EnterInitMode
 .text.RTC_ExitInitMode
                0x08002a86       0x4a ./Drivers/STM32F4xx_HAL_Driver/Src/stm32f4xx_hal_rtc.o
                0x08002a86                RTC_ExitInitMode
 .text.HAL_TIM_Base_Init
                0x08002ad0       0x9e ./Drivers/STM32F4xx_HAL_Driver/Src/stm32f4xx_hal_tim.o
                0x08002ad0                HAL_TIM_Base_Init
 .text.HAL_TIM_Base_MspInit
                0x08002b6e       0x14 ./Drivers/STM32F4xx_HAL_Driver/Src/stm32f4xx_hal_tim.o
                0x08002b6e                HAL_TIM_Base_MspInit
 *fill*         0x08002b82        0x2 
 .text.HAL_TIM_Base_Start_IT
                0x08002b84       0xe0 ./Drivers/STM32F4xx_HAL_Driver/Src/stm32f4xx_hal_tim.o
                0x08002b84                HAL_TIM_Base_Start_IT
 .text.HAL_TIM_IRQHandler
                0x08002c64      0x1e0 ./Drivers/STM32F4xx_HAL_Driver/Src/stm32f4xx_hal_tim.o
                0x08002c64                HAL_TIM_IRQHandler
 .text.HAL_TIM_OC_DelayElapsedCallback
                0x08002e44       0x14 ./Drivers/STM32F4xx_HAL_Driver/Src/stm32f4xx_hal_tim.o
                0x08002e44                HAL_TIM_OC_DelayElapsedCallback
 .text.HAL_TIM_IC_CaptureCallback
                0x08002e58       0x14 ./Drivers/STM32F4xx_HAL_Driver/Src/stm32f4xx_hal_tim.o
                0x08002e58                HAL_TIM_IC_CaptureCallback
 .text.HAL_TIM_PWM_PulseFinishedCallback
                0x08002e6c       0x14 ./Drivers/STM32F4xx_HAL_Driver/Src/stm32f4xx_hal_tim.o
                0x08002e6c                HAL_TIM_PWM_PulseFinishedCallback
 .text.HAL_TIM_TriggerCallback
                0x08002e80       0x14 ./Drivers/STM32F4xx_HAL_Driver/Src/stm32f4xx_hal_tim.o
                0x08002e80                HAL_TIM_TriggerCallback
 .text.TIM_Base_SetConfig
                0x08002e94      0x158 ./Drivers/STM32F4xx_HAL_Driver/Src/stm32f4xx_hal_tim.o
                0x08002e94                TIM_Base_SetConfig
 .text.HAL_TIMEx_CommutCallback
                0x08002fec       0x14 ./Drivers/STM32F4xx_HAL_Driver/Src/stm32f4xx_hal_tim_ex.o
                0x08002fec                HAL_TIMEx_CommutCallback
 .text.HAL_TIMEx_BreakCallback
                0x08003000       0x14 ./Drivers/STM32F4xx_HAL_Driver/Src/stm32f4xx_hal_tim_ex.o
                0x08003000                HAL_TIMEx_BreakCallback
 .text.HAL_UART_Init
                0x08003014       0xa0 ./Drivers/STM32F4xx_HAL_Driver/Src/stm32f4xx_hal_uart.o
                0x08003014                HAL_UART_Init
 .text.HAL_UART_Receive_IT
                0x080030b4       0x4a ./Drivers/STM32F4xx_HAL_Driver/Src/stm32f4xx_hal_uart.o
                0x080030b4                HAL_UART_Receive_IT
 *fill*         0x080030fe        0x2 
 .text.HAL_UART_IRQHandler
                0x08003100      0x524 ./Drivers/STM32F4xx_HAL_Driver/Src/stm32f4xx_hal_uart.o
                0x08003100                HAL_UART_IRQHandler
 .text.HAL_UART_TxCpltCallback
                0x08003624       0x14 ./Drivers/STM32F4xx_HAL_Driver/Src/stm32f4xx_hal_uart.o
                0x08003624                HAL_UART_TxCpltCallback
 .text.HAL_UART_ErrorCallback
                0x08003638       0x14 ./Drivers/STM32F4xx_HAL_Driver/Src/stm32f4xx_hal_uart.o
                0x08003638                HAL_UART_ErrorCallback
 .text.HAL_UARTEx_RxEventCallback
                0x0800364c       0x18 ./Drivers/STM32F4xx_HAL_Driver/Src/stm32f4xx_hal_uart.o
                0x0800364c                HAL_UARTEx_RxEventCallback
 .text.UART_Start_Receive_IT
                0x08003664       0x74 ./Drivers/STM32F4xx_HAL_Driver/Src/stm32f4xx_hal_uart.o
                0x08003664                UART_Start_Receive_IT
 .text.UART_EndRxTransfer
                0x080036d8       0xc6 ./Drivers/STM32F4xx_HAL_Driver/Src/stm32f4xx_hal_uart.o
 .text.UART_DMAAbortOnError
                0x0800379e       0x28 ./Drivers/STM32F4xx_HAL_Driver/Src/stm32f4xx_hal_uart.o
 .text.UART_Transmit_IT
                0x080037c6       0xa0 ./Drivers/STM32F4xx_HAL_Driver/Src/stm32f4xx_hal_uart.o
 .text.UART_EndTransmit_IT
                0x08003866       0x30 ./Drivers/STM32F4xx_HAL_Driver/Src/stm32f4xx_hal_uart.o
 .text.UART_Receive_IT
                0x08003896      0x17c ./Drivers/STM32F4xx_HAL_Driver/Src/stm32f4xx_hal_uart.o
 *fill*         0x08003a12        0x2 
 .text.UART_SetConfig
                0x08003a14      0x4e8 ./Drivers/STM32F4xx_HAL_Driver/Src/stm32f4xx_hal_uart.o
 .text.vListInitialise
                0x08003efc       0x40 ./common/ThirdParty/FreeRTOS/list.o
                0x08003efc                vListInitialise
 .text.vListInitialiseItem
                0x08003f3c       0x1a ./common/ThirdParty/FreeRTOS/list.o
                0x08003f3c                vListInitialiseItem
 .text.vListInsert
                0x08003f56       0x72 ./common/ThirdParty/FreeRTOS/list.o
                0x08003f56                vListInsert
 .text.uxListRemove
                0x08003fc8       0x54 ./common/ThirdParty/FreeRTOS/list.o
                0x08003fc8                uxListRemove
 .text.xQueueGenericReset
                0x0800401c      0x124 ./common/ThirdParty/FreeRTOS/queue.o
                0x0800401c                xQueueGenericReset
 .text.xQueueGenericCreate
                0x08004140       0x9e ./common/ThirdParty/FreeRTOS/queue.o
                0x08004140                xQueueGenericCreate
 .text.prvInitialiseNewQueue
                0x080041de       0x46 ./common/ThirdParty/FreeRTOS/queue.o
 .text.xQueueGenericSend
                0x08004224      0x204 ./common/ThirdParty/FreeRTOS/queue.o
                0x08004224                xQueueGenericSend
 .text.xQueueGenericSendFromISR
                0x08004428      0x16c ./common/ThirdParty/FreeRTOS/queue.o
                0x08004428                xQueueGenericSendFromISR
 .text.xQueueReceive
                0x08004594      0x1c4 ./common/ThirdParty/FreeRTOS/queue.o
                0x08004594                xQueueReceive
 .text.xQueueReceiveFromISR
                0x08004758      0x134 ./common/ThirdParty/FreeRTOS/queue.o
                0x08004758                xQueueReceiveFromISR
 .text.uxQueueMessagesWaiting
                0x0800488c       0x3e ./common/ThirdParty/FreeRTOS/queue.o
                0x0800488c                uxQueueMessagesWaiting
 .text.prvCopyDataToQueue
                0x080048ca       0xd4 ./common/ThirdParty/FreeRTOS/queue.o
 .text.prvCopyDataFromQueue
                0x0800499e       0x4c ./common/ThirdParty/FreeRTOS/queue.o
 .text.prvUnlockQueue
                0x080049ea       0xa4 ./common/ThirdParty/FreeRTOS/queue.o
 .text.prvIsQueueEmpty
                0x08004a8e       0x2c ./common/ThirdParty/FreeRTOS/queue.o
 .text.prvIsQueueFull
                0x08004aba       0x30 ./common/ThirdParty/FreeRTOS/queue.o
 .text.xQueueIsQueueFullFromISR
                0x08004aea       0x4e ./common/ThirdParty/FreeRTOS/queue.o
                0x08004aea                xQueueIsQueueFullFromISR
 .text.vQueueAddToRegistry
                0x08004b38       0xa0 ./common/ThirdParty/FreeRTOS/queue.o
                0x08004b38                vQueueAddToRegistry
 .text.vQueueWaitForMessageRestricted
                0x08004bd8       0x68 ./common/ThirdParty/FreeRTOS/queue.o
                0x08004bd8                vQueueWaitForMessageRestricted
 .text.xTaskCreate
                0x08004c40       0x8c ./common/ThirdParty/FreeRTOS/tasks.o
                0x08004c40                xTaskCreate
 .text.prvInitialiseNewTask
                0x08004ccc      0x120 ./common/ThirdParty/FreeRTOS/tasks.o
 .text.prvAddNewTaskToReadyList
                0x08004dec      0x12c ./common/ThirdParty/FreeRTOS/tasks.o
 .text.xTaskDelayUntil
                0x08004f18      0x104 ./common/ThirdParty/FreeRTOS/tasks.o
                0x08004f18                xTaskDelayUntil
 .text.vTaskStartScheduler
                0x0800501c       0xa4 ./common/ThirdParty/FreeRTOS/tasks.o
                0x0800501c                vTaskStartScheduler
 .text.vTaskSuspendAll
                0x080050c0       0x1c ./common/ThirdParty/FreeRTOS/tasks.o
                0x080050c0                vTaskSuspendAll
 .text.xTaskResumeAll
                0x080050dc      0x1f8 ./common/ThirdParty/FreeRTOS/tasks.o
                0x080050dc                xTaskResumeAll
 .text.xTaskGetTickCount
                0x080052d4       0x20 ./common/ThirdParty/FreeRTOS/tasks.o
                0x080052d4                xTaskGetTickCount
 .text.uxTaskGetNumberOfTasks
                0x080052f4       0x18 ./common/ThirdParty/FreeRTOS/tasks.o
                0x080052f4                uxTaskGetNumberOfTasks
 .text.xTaskIncrementTick
                0x0800530c      0x230 ./common/ThirdParty/FreeRTOS/tasks.o
                0x0800530c                xTaskIncrementTick
 .text.vTaskSwitchContext
                0x0800553c       0xb8 ./common/ThirdParty/FreeRTOS/tasks.o
                0x0800553c                vTaskSwitchContext
 .text.vTaskPlaceOnEventList
                0x080055f4       0x4c ./common/ThirdParty/FreeRTOS/tasks.o
                0x080055f4                vTaskPlaceOnEventList
 .text.vTaskPlaceOnEventListRestricted
                0x08005640       0x8c ./common/ThirdParty/FreeRTOS/tasks.o
                0x08005640                vTaskPlaceOnEventListRestricted
 .text.xTaskRemoveFromEventList
                0x080056cc      0x1b0 ./common/ThirdParty/FreeRTOS/tasks.o
                0x080056cc                xTaskRemoveFromEventList
 .text.vTaskInternalSetTimeOutState
                0x0800587c       0x2c ./common/ThirdParty/FreeRTOS/tasks.o
                0x0800587c                vTaskInternalSetTimeOutState
 .text.xTaskCheckForTimeOut
                0x080058a8       0xd0 ./common/ThirdParty/FreeRTOS/tasks.o
                0x080058a8                xTaskCheckForTimeOut
 .text.vTaskMissedYield
                0x08005978       0x18 ./common/ThirdParty/FreeRTOS/tasks.o
                0x08005978                vTaskMissedYield
 .text.prvIdleTask
                0x08005990       0x30 ./common/ThirdParty/FreeRTOS/tasks.o
 .text.prvInitialiseTaskLists
                0x080059c0       0x80 ./common/ThirdParty/FreeRTOS/tasks.o
 .text.prvCheckTasksWaitingTermination
                0x08005a40       0x5c ./common/ThirdParty/FreeRTOS/tasks.o
 .text.prvDeleteTCB
                0x08005a9c       0x20 ./common/ThirdParty/FreeRTOS/tasks.o
 .text.prvResetNextTaskUnblockTime
                0x08005abc       0x38 ./common/ThirdParty/FreeRTOS/tasks.o
 .text.xTaskGetSchedulerState
                0x08005af4       0x3c ./common/ThirdParty/FreeRTOS/tasks.o
                0x08005af4                xTaskGetSchedulerState
 .text.xTaskPriorityDisinherit
                0x08005b30      0x14c ./common/ThirdParty/FreeRTOS/tasks.o
                0x08005b30                xTaskPriorityDisinherit
 .text.xTaskGenericNotifyWait
                0x08005c7c      0x100 ./common/ThirdParty/FreeRTOS/tasks.o
                0x08005c7c                xTaskGenericNotifyWait
 .text.xTaskGenericNotify
                0x08005d7c      0x24c ./common/ThirdParty/FreeRTOS/tasks.o
                0x08005d7c                xTaskGenericNotify
 .text.xTaskGenericNotifyFromISR
                0x08005fc8      0x2c0 ./common/ThirdParty/FreeRTOS/tasks.o
                0x08005fc8                xTaskGenericNotifyFromISR
 .text.prvAddCurrentTaskToDelayedList
                0x08006288      0x100 ./common/ThirdParty/FreeRTOS/tasks.o
 .text.xTimerCreateTimerTask
                0x08006388       0x68 ./common/ThirdParty/FreeRTOS/timers.o
                0x08006388                xTimerCreateTimerTask
 .text.prvReloadTimer
                0x080063f0       0x42 ./common/ThirdParty/FreeRTOS/timers.o
 *fill*         0x08006432        0x2 
 .text.prvProcessExpiredTimer
                0x08006434       0x60 ./common/ThirdParty/FreeRTOS/timers.o
 .text.prvTimerTask
                0x08006494       0x26 ./common/ThirdParty/FreeRTOS/timers.o
 *fill*         0x080064ba        0x2 
 .text.prvProcessTimerOrBlockTask
                0x080064bc       0x9c ./common/ThirdParty/FreeRTOS/timers.o
 .text.prvGetNextExpireTime
                0x08006558       0x48 ./common/ThirdParty/FreeRTOS/timers.o
 .text.prvSampleTimeNow
                0x080065a0       0x40 ./common/ThirdParty/FreeRTOS/timers.o
 .text.prvInsertTimerInActiveList
                0x080065e0       0x84 ./common/ThirdParty/FreeRTOS/timers.o
 .text.prvProcessReceivedCommands
                0x08006664      0x184 ./common/ThirdParty/FreeRTOS/timers.o
 .text.prvSwitchTimerLists
                0x080067e8       0x4c ./common/ThirdParty/FreeRTOS/timers.o
 .text.prvCheckForValidListAndQueue
                0x08006834       0x6c ./common/ThirdParty/FreeRTOS/timers.o
 .text.pxPortInitialiseStack
                0x080068a0       0x68 ./common/ThirdParty/FreeRTOS/portable/GCC/ARM_CM4F/port.o
                0x080068a0                pxPortInitialiseStack
 .text.prvTaskExitError
                0x08006908       0x5c ./common/ThirdParty/FreeRTOS/portable/GCC/ARM_CM4F/port.o
 *fill*         0x08006964        0xc 
 .text.SVC_Handler
                0x08006970       0x28 ./common/ThirdParty/FreeRTOS/portable/GCC/ARM_CM4F/port.o
                0x08006970                SVC_Handler
 .text.prvPortStartFirstTask
                0x08006998       0x2c ./common/ThirdParty/FreeRTOS/portable/GCC/ARM_CM4F/port.o
 .text.xPortStartScheduler
                0x080069c4      0x148 ./common/ThirdParty/FreeRTOS/portable/GCC/ARM_CM4F/port.o
                0x080069c4                xPortStartScheduler
 .text.vPortEnterCritical
                0x08006b0c       0x64 ./common/ThirdParty/FreeRTOS/portable/GCC/ARM_CM4F/port.o
                0x08006b0c                vPortEnterCritical
 .text.vPortExitCritical
                0x08006b70       0x54 ./common/ThirdParty/FreeRTOS/portable/GCC/ARM_CM4F/port.o
                0x08006b70                vPortExitCritical
 *fill*         0x08006bc4        0xc 
 .text.PendSV_Handler
                0x08006bd0       0x68 ./common/ThirdParty/FreeRTOS/portable/GCC/ARM_CM4F/port.o
                0x08006bd0                PendSV_Handler
 .text.SysTick_Handler
                0x08006c38       0x44 ./common/ThirdParty/FreeRTOS/portable/GCC/ARM_CM4F/port.o
                0x08006c38                SysTick_Handler
 .text.vPortSetupTimerInterrupt
                0x08006c7c       0x48 ./common/ThirdParty/FreeRTOS/portable/GCC/ARM_CM4F/port.o
                0x08006c7c                vPortSetupTimerInterrupt
 .text.vPortEnableVFP
                0x08006cc4       0x18 ./common/ThirdParty/FreeRTOS/portable/GCC/ARM_CM4F/port.o
 .text.vPortValidateInterruptPriority
                0x08006cdc       0x84 ./common/ThirdParty/FreeRTOS/portable/GCC/ARM_CM4F/port.o
                0x08006cdc                vPortValidateInterruptPriority
 .text.pvPortMalloc
                0x08006d60      0x178 ./common/ThirdParty/FreeRTOS/portable/MemMang/heap_4.o
                0x08006d60                pvPortMalloc
 .text.vPortFree
                0x08006ed8       0xbc ./common/ThirdParty/FreeRTOS/portable/MemMang/heap_4.o
                0x08006ed8                vPortFree
 .text.prvHeapInit
                0x08006f94       0xb8 ./common/ThirdParty/FreeRTOS/portable/MemMang/heap_4.o
 .text.prvInsertBlockIntoFreeList
                0x0800704c       0xb4 ./common/ThirdParty/FreeRTOS/portable/MemMang/heap_4.o
 .text.memset   0x08007100       0x10 C:/ST/STM32CubeIDE_1.16.0/STM32CubeIDE/plugins/com.st.stm32cube.ide.mcu.externaltools.gnu-tools-for-stm32.12.3.rel1.win32_1.0.200.202406191623/tools/bin/../lib/gcc/arm-none-eabi/12.3.1/../../../../arm-none-eabi/lib/thumb/v7e-m+fp/hard\libc_nano.a(libc_a-memset.o)
                0x08007100                memset
 .text.__libc_init_array
                0x08007110       0x48 C:/ST/STM32CubeIDE_1.16.0/STM32CubeIDE/plugins/com.st.stm32cube.ide.mcu.externaltools.gnu-tools-for-stm32.12.3.rel1.win32_1.0.200.202406191623/tools/bin/../lib/gcc/arm-none-eabi/12.3.1/../../../../arm-none-eabi/lib/thumb/v7e-m+fp/hard\libc_nano.a(libc_a-init.o)
                0x08007110                __libc_init_array
 .text.memcpy   0x08007158       0x1c C:/ST/STM32CubeIDE_1.16.0/STM32CubeIDE/plugins/com.st.stm32cube.ide.mcu.externaltools.gnu-tools-for-stm32.12.3.rel1.win32_1.0.200.202406191623/tools/bin/../lib/gcc/arm-none-eabi/12.3.1/../../../../arm-none-eabi/lib/thumb/v7e-m+fp/hard\libc_nano.a(libc_a-memcpy-stub.o)
                0x08007158                memcpy
 *(.glue_7)
 .glue_7        0x08007174        0x0 linker stubs
 *(.glue_7t)
 .glue_7t       0x08007174        0x0 linker stubs
 *(.eh_frame)
 .eh_frame      0x08007174        0x0 C:/ST/STM32CubeIDE_1.16.0/STM32CubeIDE/plugins/com.st.stm32cube.ide.mcu.externaltools.gnu-tools-for-stm32.12.3.rel1.win32_1.0.200.202406191623/tools/bin/../lib/gcc/arm-none-eabi/12.3.1/thumb/v7e-m+fp/hard/crtbegin.o
 *(.init)
 .init          0x08007174        0x4 C:/ST/STM32CubeIDE_1.16.0/STM32CubeIDE/plugins/com.st.stm32cube.ide.mcu.externaltools.gnu-tools-for-stm32.12.3.rel1.win32_1.0.200.202406191623/tools/bin/../lib/gcc/arm-none-eabi/12.3.1/thumb/v7e-m+fp/hard/crti.o
                0x08007174                _init
 .init          0x08007178        0x8 C:/ST/STM32CubeIDE_1.16.0/STM32CubeIDE/plugins/com.st.stm32cube.ide.mcu.externaltools.gnu-tools-for-stm32.12.3.rel1.win32_1.0.200.202406191623/tools/bin/../lib/gcc/arm-none-eabi/12.3.1/thumb/v7e-m+fp/hard/crtn.o
 *(.fini)
 .fini          0x08007180        0x4 C:/ST/STM32CubeIDE_1.16.0/STM32CubeIDE/plugins/com.st.stm32cube.ide.mcu.externaltools.gnu-tools-for-stm32.12.3.rel1.win32_1.0.200.202406191623/tools/bin/../lib/gcc/arm-none-eabi/12.3.1/thumb/v7e-m+fp/hard/crti.o
                0x08007180                _fini
 .fini          0x08007184        0x8 C:/ST/STM32CubeIDE_1.16.0/STM32CubeIDE/plugins/com.st.stm32cube.ide.mcu.externaltools.gnu-tools-for-stm32.12.3.rel1.win32_1.0.200.202406191623/tools/bin/../lib/gcc/arm-none-eabi/12.3.1/thumb/v7e-m+fp/hard/crtn.o
                0x0800718c                        . = ALIGN (0x4)
                0x0800718c                        _etext = .

.vfp11_veneer   0x0800718c        0x0
 .vfp11_veneer  0x0800718c        0x0 linker stubs

.v4_bx          0x0800718c        0x0
 .v4_bx         0x0800718c        0x0 linker stubs

.iplt           0x0800718c        0x0
 .iplt          0x0800718c        0x0 C:/ST/STM32CubeIDE_1.16.0/STM32CubeIDE/plugins/com.st.stm32cube.ide.mcu.externaltools.gnu-tools-for-stm32.12.3.rel1.win32_1.0.200.202406191623/tools/bin/../lib/gcc/arm-none-eabi/12.3.1/thumb/v7e-m+fp/hard/crtbegin.o

.rodata         0x0800718c      0x16c
                0x0800718c                        . = ALIGN (0x4)
 *(.rodata)
 .rodata        0x0800718c       0x39 ./Core/Src/main.o
 *fill*         0x080071c5        0x3 
 .rodata        0x080071c8       0xfe ./Core/Src/task_handler.o
 *fill*         0x080072c6        0x2 
 .rodata        0x080072c8        0x5 ./common/ThirdParty/FreeRTOS/tasks.o
 *fill*         0x080072cd        0x3 
 .rodata        0x080072d0        0xd ./common/ThirdParty/FreeRTOS/timers.o
 *(.rodata*)
 *fill*         0x080072dd        0x3 
 .rodata.AHBPrescTable
                0x080072e0       0x10 ./Core/Src/system_stm32f4xx.o
                0x080072e0                AHBPrescTable
 .rodata.APBPrescTable
                0x080072f0        0x8 ./Core/Src/system_stm32f4xx.o
                0x080072f0                APBPrescTable
                0x080072f8                        . = ALIGN (0x4)

.ARM.extab      0x080072f8        0x0
                0x080072f8                        . = ALIGN (0x4)
 *(.ARM.extab* .gnu.linkonce.armextab.*)
                0x080072f8                        . = ALIGN (0x4)

.ARM            0x080072f8        0x8
                0x080072f8                        . = ALIGN (0x4)
                0x080072f8                        __exidx_start = .
 *(.ARM.exidx*)
 .ARM.exidx     0x080072f8        0x8 C:/ST/STM32CubeIDE_1.16.0/STM32CubeIDE/plugins/com.st.stm32cube.ide.mcu.externaltools.gnu-tools-for-stm32.12.3.rel1.win32_1.0.200.202406191623/tools/bin/../lib/gcc/arm-none-eabi/12.3.1/thumb/v7e-m+fp/hard\libgcc.a(_udivmoddi4.o)
                0x08007300                        __exidx_end = .
                0x08007300                        . = ALIGN (0x4)

.preinit_array  0x08007300        0x0
                0x08007300                        . = ALIGN (0x4)
                0x08007300                        PROVIDE (__preinit_array_start = .)
 *(.preinit_array*)
                0x08007300                        PROVIDE (__preinit_array_end = .)
                0x08007300                        . = ALIGN (0x4)

.init_array     0x08007300        0x4
                0x08007300                        . = ALIGN (0x4)
                0x08007300                        PROVIDE (__init_array_start = .)
 *(SORT_BY_NAME(.init_array.*))
 *(.init_array*)
 .init_array    0x08007300        0x4 C:/ST/STM32CubeIDE_1.16.0/STM32CubeIDE/plugins/com.st.stm32cube.ide.mcu.externaltools.gnu-tools-for-stm32.12.3.rel1.win32_1.0.200.202406191623/tools/bin/../lib/gcc/arm-none-eabi/12.3.1/thumb/v7e-m+fp/hard/crtbegin.o
                0x08007304                        PROVIDE (__init_array_end = .)
                0x08007304                        . = ALIGN (0x4)

.fini_array     0x08007304        0x4
                0x08007304                        . = ALIGN (0x4)
                [!provide]                        PROVIDE (__fini_array_start = .)
 *(SORT_BY_NAME(.fini_array.*))
 *(.fini_array*)
 .fini_array    0x08007304        0x4 C:/ST/STM32CubeIDE_1.16.0/STM32CubeIDE/plugins/com.st.stm32cube.ide.mcu.externaltools.gnu-tools-for-stm32.12.3.rel1.win32_1.0.200.202406191623/tools/bin/../lib/gcc/arm-none-eabi/12.3.1/thumb/v7e-m+fp/hard/crtbegin.o
                [!provide]                        PROVIDE (__fini_array_end = .)
                0x08007308                        . = ALIGN (0x4)
                0x08007308                        _sidata = LOADADDR (.data)

.rel.dyn        0x08007308        0x0
 .rel.iplt      0x08007308        0x0 C:/ST/STM32CubeIDE_1.16.0/STM32CubeIDE/plugins/com.st.stm32cube.ide.mcu.externaltools.gnu-tools-for-stm32.12.3.rel1.win32_1.0.200.202406191623/tools/bin/../lib/gcc/arm-none-eabi/12.3.1/thumb/v7e-m+fp/hard/crtbegin.o

.data           0x20000000       0x14 load address 0x08007308
                0x20000000                        . = ALIGN (0x4)
                0x20000000                        _sdata = .
 *(.data)
 *(.data*)
 .data.SystemCoreClock
                0x20000000        0x4 ./Core/Src/system_stm32f4xx.o
                0x20000000                SystemCoreClock
 .data.uwTickPrio
                0x20000004        0x4 ./Drivers/STM32F4xx_HAL_Driver/Src/stm32f4xx_hal.o
                0x20000004                uwTickPrio
 .data.uwTickFreq
                0x20000008        0x1 ./Drivers/STM32F4xx_HAL_Driver/Src/stm32f4xx_hal.o
                0x20000008                uwTickFreq
 *fill*         0x20000009        0x3 
 .data.uxTopUsedPriority
                0x2000000c        0x4 ./common/ThirdParty/FreeRTOS/tasks.o
                0x2000000c                uxTopUsedPriority
 .data.uxCriticalNesting
                0x20000010        0x4 ./common/ThirdParty/FreeRTOS/portable/GCC/ARM_CM4F/port.o
 *(.RamFunc)
 *(.RamFunc*)
                0x20000014                        . = ALIGN (0x4)
                0x20000014                        _edata = .

.igot.plt       0x20000014        0x0 load address 0x0800731c
 .igot.plt      0x20000014        0x0 C:/ST/STM32CubeIDE_1.16.0/STM32CubeIDE/plugins/com.st.stm32cube.ide.mcu.externaltools.gnu-tools-for-stm32.12.3.rel1.win32_1.0.200.202406191623/tools/bin/../lib/gcc/arm-none-eabi/12.3.1/thumb/v7e-m+fp/hard/crtbegin.o
                0x20000014                        . = ALIGN (0x4)

.bss            0x20000014    0x12e94 load address 0x0800731c
                0x20000014                        _sbss = .
                0x20000014                        __bss_start__ = _sbss
 *(.bss)
 .bss           0x20000014       0x1c C:/ST/STM32CubeIDE_1.16.0/STM32CubeIDE/plugins/com.st.stm32cube.ide.mcu.externaltools.gnu-tools-for-stm32.12.3.rel1.win32_1.0.200.202406191623/tools/bin/../lib/gcc/arm-none-eabi/12.3.1/thumb/v7e-m+fp/hard/crtbegin.o
 *(.bss*)
 .bss.hrtc      0x20000030       0x20 ./Core/Src/main.o
                0x20000030                hrtc
 .bss.huart2    0x20000050       0x48 ./Core/Src/main.o
                0x20000050                huart2
 .bss.menu_task_handle
                0x20000098        0x4 ./Core/Src/main.o
                0x20000098                menu_task_handle
 .bss.cmd_task_handle
                0x2000009c        0x4 ./Core/Src/main.o
                0x2000009c                cmd_task_handle
 .bss.print_task_handle
                0x200000a0        0x4 ./Core/Src/main.o
                0x200000a0                print_task_handle
 .bss.led_task_handle
                0x200000a4        0x4 ./Core/Src/main.o
                0x200000a4                led_task_handle
 .bss.rtc_task_handle
                0x200000a8        0x4 ./Core/Src/main.o
                0x200000a8                rtc_task_handle
 .bss.q_data    0x200000ac        0x4 ./Core/Src/main.o
                0x200000ac                q_data
 .bss.q_print   0x200000b0        0x4 ./Core/Src/main.o
                0x200000b0                q_print
 .bss.curr_state
                0x200000b4        0x1 ./Core/Src/main.o
                0x200000b4                curr_state
 .bss.user_data
                0x200000b5        0x1 ./Core/Src/main.o
                0x200000b5                user_data
 *fill*         0x200000b6        0x2 
 .bss.htim6     0x200000b8       0x48 ./Core/Src/stm32f4xx_hal_timebase_tim.o
                0x200000b8                htim6
 .bss.uwTick    0x20000100        0x4 ./Drivers/STM32F4xx_HAL_Driver/Src/stm32f4xx_hal.o
                0x20000100                uwTick
 .bss.xQueueRegistry
                0x20000104       0x40 ./common/ThirdParty/FreeRTOS/queue.o
                0x20000104                xQueueRegistry
 .bss.pxCurrentTCB
                0x20000144        0x4 ./common/ThirdParty/FreeRTOS/tasks.o
                0x20000144                pxCurrentTCB
 .bss.pxReadyTasksLists
                0x20000148       0x64 ./common/ThirdParty/FreeRTOS/tasks.o
 .bss.xDelayedTaskList1
                0x200001ac       0x14 ./common/ThirdParty/FreeRTOS/tasks.o
 .bss.xDelayedTaskList2
                0x200001c0       0x14 ./common/ThirdParty/FreeRTOS/tasks.o
 .bss.pxDelayedTaskList
                0x200001d4        0x4 ./common/ThirdParty/FreeRTOS/tasks.o
 .bss.pxOverflowDelayedTaskList
                0x200001d8        0x4 ./common/ThirdParty/FreeRTOS/tasks.o
 .bss.xPendingReadyList
                0x200001dc       0x14 ./common/ThirdParty/FreeRTOS/tasks.o
 .bss.xTasksWaitingTermination
                0x200001f0       0x14 ./common/ThirdParty/FreeRTOS/tasks.o
 .bss.uxDeletedTasksWaitingCleanUp
                0x20000204        0x4 ./common/ThirdParty/FreeRTOS/tasks.o
 .bss.xSuspendedTaskList
                0x20000208       0x14 ./common/ThirdParty/FreeRTOS/tasks.o
 .bss.uxCurrentNumberOfTasks
                0x2000021c        0x4 ./common/ThirdParty/FreeRTOS/tasks.o
 .bss.xTickCount
                0x20000220        0x4 ./common/ThirdParty/FreeRTOS/tasks.o
 .bss.uxTopReadyPriority
                0x20000224        0x4 ./common/ThirdParty/FreeRTOS/tasks.o
 .bss.xSchedulerRunning
                0x20000228        0x4 ./common/ThirdParty/FreeRTOS/tasks.o
 .bss.xPendedTicks
                0x2000022c        0x4 ./common/ThirdParty/FreeRTOS/tasks.o
 .bss.xYieldPending
                0x20000230        0x4 ./common/ThirdParty/FreeRTOS/tasks.o
 .bss.xNumOfOverflows
                0x20000234        0x4 ./common/ThirdParty/FreeRTOS/tasks.o
 .bss.uxTaskNumber
                0x20000238        0x4 ./common/ThirdParty/FreeRTOS/tasks.o
 .bss.xNextTaskUnblockTime
                0x2000023c        0x4 ./common/ThirdParty/FreeRTOS/tasks.o
 .bss.xIdleTaskHandle
                0x20000240        0x4 ./common/ThirdParty/FreeRTOS/tasks.o
 .bss.uxSchedulerSuspended
                0x20000244        0x4 ./common/ThirdParty/FreeRTOS/tasks.o
 .bss.xActiveTimerList1
                0x20000248       0x14 ./common/ThirdParty/FreeRTOS/timers.o
 .bss.xActiveTimerList2
                0x2000025c       0x14 ./common/ThirdParty/FreeRTOS/timers.o
 .bss.pxCurrentTimerList
                0x20000270        0x4 ./common/ThirdParty/FreeRTOS/timers.o
 .bss.pxOverflowTimerList
                0x20000274        0x4 ./common/ThirdParty/FreeRTOS/timers.o
 .bss.xTimerQueue
                0x20000278        0x4 ./common/ThirdParty/FreeRTOS/timers.o
 .bss.xTimerTaskHandle
                0x2000027c        0x4 ./common/ThirdParty/FreeRTOS/timers.o
 .bss.xLastTime.0
                0x20000280        0x4 ./common/ThirdParty/FreeRTOS/timers.o
 .bss.ucMaxSysCallPriority
                0x20000284        0x1 ./common/ThirdParty/FreeRTOS/portable/GCC/ARM_CM4F/port.o
 *fill*         0x20000285        0x3 
 .bss.ulMaxPRIGROUPValue
                0x20000288        0x4 ./common/ThirdParty/FreeRTOS/portable/GCC/ARM_CM4F/port.o
 .bss.ucHeap    0x2000028c    0x12c00 ./common/ThirdParty/FreeRTOS/portable/MemMang/heap_4.o
 .bss.xStart    0x20012e8c        0x8 ./common/ThirdParty/FreeRTOS/portable/MemMang/heap_4.o
 .bss.pxEnd     0x20012e94        0x4 ./common/ThirdParty/FreeRTOS/portable/MemMang/heap_4.o
 .bss.xFreeBytesRemaining
                0x20012e98        0x4 ./common/ThirdParty/FreeRTOS/portable/MemMang/heap_4.o
 .bss.xMinimumEverFreeBytesRemaining
                0x20012e9c        0x4 ./common/ThirdParty/FreeRTOS/portable/MemMang/heap_4.o
 .bss.xNumberOfSuccessfulAllocations
                0x20012ea0        0x4 ./common/ThirdParty/FreeRTOS/portable/MemMang/heap_4.o
 .bss.xNumberOfSuccessfulFrees
                0x20012ea4        0x4 ./common/ThirdParty/FreeRTOS/portable/MemMang/heap_4.o
 *(COMMON)
                0x20012ea8                        . = ALIGN (0x4)
                0x20012ea8                        _ebss = .
                0x20012ea8                        __bss_end__ = _ebss

._user_heap_stack
                0x20012ea8      0x600 load address 0x0800731c
                0x20012ea8                        . = ALIGN (0x8)
                [!provide]                        PROVIDE (end = .)
                0x20012ea8                        PROVIDE (_end = .)
                0x200130a8                        . = (. + _Min_Heap_Size)
 *fill*         0x20012ea8      0x200 
                0x200134a8                        . = (. + _Min_Stack_Size)
 *fill*         0x200130a8      0x400 
                0x200134a8                        . = ALIGN (0x8)

/DISCARD/
 libc.a(*)
 libm.a(*)
 libgcc.a(*)

.ARM.attributes
                0x00000000       0x30
 *(.ARM.attributes)
 .ARM.attributes
                0x00000000       0x22 C:/ST/STM32CubeIDE_1.16.0/STM32CubeIDE/plugins/com.st.stm32cube.ide.mcu.externaltools.gnu-tools-for-stm32.12.3.rel1.win32_1.0.200.202406191623/tools/bin/../lib/gcc/arm-none-eabi/12.3.1/thumb/v7e-m+fp/hard/crti.o
 .ARM.attributes
                0x00000022       0x34 C:/ST/STM32CubeIDE_1.16.0/STM32CubeIDE/plugins/com.st.stm32cube.ide.mcu.externaltools.gnu-tools-for-stm32.12.3.rel1.win32_1.0.200.202406191623/tools/bin/../lib/gcc/arm-none-eabi/12.3.1/thumb/v7e-m+fp/hard/crtbegin.o
 .ARM.attributes
                0x00000056       0x34 ./Core/Src/main.o
 .ARM.attributes
                0x0000008a       0x34 ./Core/Src/stm32f4xx_hal_msp.o
 .ARM.attributes
                0x000000be       0x34 ./Core/Src/stm32f4xx_hal_timebase_tim.o
 .ARM.attributes
                0x000000f2       0x34 ./Core/Src/stm32f4xx_it.o
 .ARM.attributes
                0x00000126       0x34 ./Core/Src/system_stm32f4xx.o
 .ARM.attributes
                0x0000015a       0x34 ./Core/Src/task_handler.o
 .ARM.attributes
                0x0000018e       0x21 ./Core/Startup/startup_stm32f446retx.o
 .ARM.attributes
                0x000001af       0x34 ./Drivers/STM32F4xx_HAL_Driver/Src/stm32f4xx_hal.o
 .ARM.attributes
                0x000001e3       0x34 ./Drivers/STM32F4xx_HAL_Driver/Src/stm32f4xx_hal_cortex.o
 .ARM.attributes
                0x00000217       0x34 ./Drivers/STM32F4xx_HAL_Driver/Src/stm32f4xx_hal_dma.o
 .ARM.attributes
                0x0000024b       0x34 ./Drivers/STM32F4xx_HAL_Driver/Src/stm32f4xx_hal_gpio.o
 .ARM.attributes
                0x0000027f       0x34 ./Drivers/STM32F4xx_HAL_Driver/Src/stm32f4xx_hal_rcc.o
 .ARM.attributes
                0x000002b3       0x34 ./Drivers/STM32F4xx_HAL_Driver/Src/stm32f4xx_hal_rcc_ex.o
 .ARM.attributes
                0x000002e7       0x34 ./Drivers/STM32F4xx_HAL_Driver/Src/stm32f4xx_hal_rtc.o
 .ARM.attributes
                0x0000031b       0x34 ./Drivers/STM32F4xx_HAL_Driver/Src/stm32f4xx_hal_tim.o
 .ARM.attributes
                0x0000034f       0x34 ./Drivers/STM32F4xx_HAL_Driver/Src/stm32f4xx_hal_tim_ex.o
 .ARM.attributes
                0x00000383       0x34 ./Drivers/STM32F4xx_HAL_Driver/Src/stm32f4xx_hal_uart.o
 .ARM.attributes
                0x000003b7       0x34 ./common/ThirdParty/FreeRTOS/list.o
 .ARM.attributes
                0x000003eb       0x34 ./common/ThirdParty/FreeRTOS/queue.o
 .ARM.attributes
                0x0000041f       0x34 ./common/ThirdParty/FreeRTOS/tasks.o
 .ARM.attributes
                0x00000453       0x34 ./common/ThirdParty/FreeRTOS/timers.o
 .ARM.attributes
                0x00000487       0x34 ./common/ThirdParty/FreeRTOS/portable/GCC/ARM_CM4F/port.o
 .ARM.attributes
                0x000004bb       0x34 ./common/ThirdParty/FreeRTOS/portable/MemMang/heap_4.o
 .ARM.attributes
                0x000004ef       0x34 C:/ST/STM32CubeIDE_1.16.0/STM32CubeIDE/plugins/com.st.stm32cube.ide.mcu.externaltools.gnu-tools-for-stm32.12.3.rel1.win32_1.0.200.202406191623/tools/bin/../lib/gcc/arm-none-eabi/12.3.1/../../../../arm-none-eabi/lib/thumb/v7e-m+fp/hard\libc_nano.a(libc_a-memset.o)
 .ARM.attributes
                0x00000523       0x34 C:/ST/STM32CubeIDE_1.16.0/STM32CubeIDE/plugins/com.st.stm32cube.ide.mcu.externaltools.gnu-tools-for-stm32.12.3.rel1.win32_1.0.200.202406191623/tools/bin/../lib/gcc/arm-none-eabi/12.3.1/../../../../arm-none-eabi/lib/thumb/v7e-m+fp/hard\libc_nano.a(libc_a-init.o)
 .ARM.attributes
                0x00000557       0x34 C:/ST/STM32CubeIDE_1.16.0/STM32CubeIDE/plugins/com.st.stm32cube.ide.mcu.externaltools.gnu-tools-for-stm32.12.3.rel1.win32_1.0.200.202406191623/tools/bin/../lib/gcc/arm-none-eabi/12.3.1/../../../../arm-none-eabi/lib/thumb/v7e-m+fp/hard\libc_nano.a(libc_a-memcpy-stub.o)
 .ARM.attributes
                0x0000058b       0x22 C:/ST/STM32CubeIDE_1.16.0/STM32CubeIDE/plugins/com.st.stm32cube.ide.mcu.externaltools.gnu-tools-for-stm32.12.3.rel1.win32_1.0.200.202406191623/tools/bin/../lib/gcc/arm-none-eabi/12.3.1/thumb/v7e-m+fp/hard\libgcc.a(_aeabi_uldivmod.o)
 .ARM.attributes
                0x000005ad       0x34 C:/ST/STM32CubeIDE_1.16.0/STM32CubeIDE/plugins/com.st.stm32cube.ide.mcu.externaltools.gnu-tools-for-stm32.12.3.rel1.win32_1.0.200.202406191623/tools/bin/../lib/gcc/arm-none-eabi/12.3.1/thumb/v7e-m+fp/hard\libgcc.a(_udivmoddi4.o)
 .ARM.attributes
                0x000005e1       0x22 C:/ST/STM32CubeIDE_1.16.0/STM32CubeIDE/plugins/com.st.stm32cube.ide.mcu.externaltools.gnu-tools-for-stm32.12.3.rel1.win32_1.0.200.202406191623/tools/bin/../lib/gcc/arm-none-eabi/12.3.1/thumb/v7e-m+fp/hard\libgcc.a(_dvmd_tls.o)
 .ARM.attributes
                0x00000603       0x22 C:/ST/STM32CubeIDE_1.16.0/STM32CubeIDE/plugins/com.st.stm32cube.ide.mcu.externaltools.gnu-tools-for-stm32.12.3.rel1.win32_1.0.200.202406191623/tools/bin/../lib/gcc/arm-none-eabi/12.3.1/thumb/v7e-m+fp/hard/crtn.o
OUTPUT(Queues.elf elf32-littlearm)
LOAD linker stubs
LOAD C:/ST/STM32CubeIDE_1.16.0/STM32CubeIDE/plugins/com.st.stm32cube.ide.mcu.externaltools.gnu-tools-for-stm32.12.3.rel1.win32_1.0.200.202406191623/tools/bin/../lib/gcc/arm-none-eabi/12.3.1/../../../../arm-none-eabi/lib/thumb/v7e-m+fp/hard\libc.a
LOAD C:/ST/STM32CubeIDE_1.16.0/STM32CubeIDE/plugins/com.st.stm32cube.ide.mcu.externaltools.gnu-tools-for-stm32.12.3.rel1.win32_1.0.200.202406191623/tools/bin/../lib/gcc/arm-none-eabi/12.3.1/../../../../arm-none-eabi/lib/thumb/v7e-m+fp/hard\libm.a
LOAD C:/ST/STM32CubeIDE_1.16.0/STM32CubeIDE/plugins/com.st.stm32cube.ide.mcu.externaltools.gnu-tools-for-stm32.12.3.rel1.win32_1.0.200.202406191623/tools/bin/../lib/gcc/arm-none-eabi/12.3.1/thumb/v7e-m+fp/hard\libgcc.a

.debug_info     0x00000000    0x15380
 .debug_info    0x00000000     0x1760 ./Core/Src/main.o
 .debug_info    0x00001760     0x1125 ./Core/Src/stm32f4xx_hal_msp.o
 .debug_info    0x00002885      0xc44 ./Core/Src/stm32f4xx_hal_timebase_tim.o
 .debug_info    0x000034c9      0x95a ./Core/Src/stm32f4xx_it.o
 .debug_info    0x00003e23      0x54a ./Core/Src/system_stm32f4xx.o
 .debug_info    0x0000436d      0x4c0 ./Core/Src/task_handler.o
 .debug_info    0x0000482d       0x30 ./Core/Startup/startup_stm32f446retx.o
 .debug_info    0x0000485d      0x99a ./Drivers/STM32F4xx_HAL_Driver/Src/stm32f4xx_hal.o
 .debug_info    0x000051f7      0xd75 ./Drivers/STM32F4xx_HAL_Driver/Src/stm32f4xx_hal_cortex.o
 .debug_info    0x00005f6c      0x8e7 ./Drivers/STM32F4xx_HAL_Driver/Src/stm32f4xx_hal_dma.o
 .debug_info    0x00006853      0x70b ./Drivers/STM32F4xx_HAL_Driver/Src/stm32f4xx_hal_gpio.o
 .debug_info    0x00006f5e      0x8ed ./Drivers/STM32F4xx_HAL_Driver/Src/stm32f4xx_hal_rcc.o
 .debug_info    0x0000784b      0x956 ./Drivers/STM32F4xx_HAL_Driver/Src/stm32f4xx_hal_rcc_ex.o
 .debug_info    0x000081a1      0xc20 ./Drivers/STM32F4xx_HAL_Driver/Src/stm32f4xx_hal_rtc.o
 .debug_info    0x00008dc1     0x299d ./Drivers/STM32F4xx_HAL_Driver/Src/stm32f4xx_hal_tim.o
 .debug_info    0x0000b75e     0x14db ./Drivers/STM32F4xx_HAL_Driver/Src/stm32f4xx_hal_tim_ex.o
 .debug_info    0x0000cc39     0x2f4f ./Drivers/STM32F4xx_HAL_Driver/Src/stm32f4xx_hal_uart.o
 .debug_info    0x0000fb88      0x2af ./common/ThirdParty/FreeRTOS/list.o
 .debug_info    0x0000fe37     0x184f ./common/ThirdParty/FreeRTOS/queue.o
 .debug_info    0x00011686     0x2435 ./common/ThirdParty/FreeRTOS/tasks.o
 .debug_info    0x00013abb      0xe20 ./common/ThirdParty/FreeRTOS/timers.o
 .debug_info    0x000148db      0x582 ./common/ThirdParty/FreeRTOS/portable/GCC/ARM_CM4F/port.o
 .debug_info    0x00014e5d      0x523 ./common/ThirdParty/FreeRTOS/portable/MemMang/heap_4.o

.debug_abbrev   0x00000000     0x3320
 .debug_abbrev  0x00000000      0x35a ./Core/Src/main.o
 .debug_abbrev  0x0000035a      0x210 ./Core/Src/stm32f4xx_hal_msp.o
 .debug_abbrev  0x0000056a      0x1f4 ./Core/Src/stm32f4xx_hal_timebase_tim.o
 .debug_abbrev  0x0000075e      0x189 ./Core/Src/stm32f4xx_it.o
 .debug_abbrev  0x000008e7      0x11a ./Core/Src/system_stm32f4xx.o
 .debug_abbrev  0x00000a01      0x1bf ./Core/Src/task_handler.o
 .debug_abbrev  0x00000bc0       0x24 ./Core/Startup/startup_stm32f446retx.o
 .debug_abbrev  0x00000be4      0x214 ./Drivers/STM32F4xx_HAL_Driver/Src/stm32f4xx_hal.o
 .debug_abbrev  0x00000df8      0x328 ./Drivers/STM32F4xx_HAL_Driver/Src/stm32f4xx_hal_cortex.o
 .debug_abbrev  0x00001120      0x264 ./Drivers/STM32F4xx_HAL_Driver/Src/stm32f4xx_hal_dma.o
 .debug_abbrev  0x00001384      0x1d4 ./Drivers/STM32F4xx_HAL_Driver/Src/stm32f4xx_hal_gpio.o
 .debug_abbrev  0x00001558      0x2b6 ./Drivers/STM32F4xx_HAL_Driver/Src/stm32f4xx_hal_rcc.o
 .debug_abbrev  0x0000180e      0x20a ./Drivers/STM32F4xx_HAL_Driver/Src/stm32f4xx_hal_rcc_ex.o
 .debug_abbrev  0x00001a18      0x1ee ./Drivers/STM32F4xx_HAL_Driver/Src/stm32f4xx_hal_rtc.o
 .debug_abbrev  0x00001c06      0x278 ./Drivers/STM32F4xx_HAL_Driver/Src/stm32f4xx_hal_tim.o
 .debug_abbrev  0x00001e7e      0x283 ./Drivers/STM32F4xx_HAL_Driver/Src/stm32f4xx_hal_tim_ex.o
 .debug_abbrev  0x00002101      0x30e ./Drivers/STM32F4xx_HAL_Driver/Src/stm32f4xx_hal_uart.o
 .debug_abbrev  0x0000240f       0xf5 ./common/ThirdParty/FreeRTOS/list.o
 .debug_abbrev  0x00002504      0x323 ./common/ThirdParty/FreeRTOS/queue.o
 .debug_abbrev  0x00002827      0x37e ./common/ThirdParty/FreeRTOS/tasks.o
 .debug_abbrev  0x00002ba5      0x2cb ./common/ThirdParty/FreeRTOS/timers.o
 .debug_abbrev  0x00002e70      0x25a ./common/ThirdParty/FreeRTOS/portable/GCC/ARM_CM4F/port.o
 .debug_abbrev  0x000030ca      0x256 ./common/ThirdParty/FreeRTOS/portable/MemMang/heap_4.o

.debug_aranges  0x00000000     0x1320
 .debug_aranges
                0x00000000       0x58 ./Core/Src/main.o
 .debug_aranges
                0x00000058       0x40 ./Core/Src/stm32f4xx_hal_msp.o
 .debug_aranges
                0x00000098       0x30 ./Core/Src/stm32f4xx_hal_timebase_tim.o
 .debug_aranges
                0x000000c8       0x58 ./Core/Src/stm32f4xx_it.o
 .debug_aranges
                0x00000120       0x28 ./Core/Src/system_stm32f4xx.o
 .debug_aranges
                0x00000148       0x50 ./Core/Src/task_handler.o
 .debug_aranges
                0x00000198       0x28 ./Core/Startup/startup_stm32f446retx.o
 .debug_aranges
                0x000001c0       0xf0 ./Drivers/STM32F4xx_HAL_Driver/Src/stm32f4xx_hal.o
 .debug_aranges
                0x000002b0      0x120 ./Drivers/STM32F4xx_HAL_Driver/Src/stm32f4xx_hal_cortex.o
 .debug_aranges
                0x000003d0       0x90 ./Drivers/STM32F4xx_HAL_Driver/Src/stm32f4xx_hal_dma.o
 .debug_aranges
                0x00000460       0x58 ./Drivers/STM32F4xx_HAL_Driver/Src/stm32f4xx_hal_gpio.o
 .debug_aranges
                0x000004b8       0x88 ./Drivers/STM32F4xx_HAL_Driver/Src/stm32f4xx_hal_rcc.o
 .debug_aranges
                0x00000540       0x78 ./Drivers/STM32F4xx_HAL_Driver/Src/stm32f4xx_hal_rcc_ex.o
 .debug_aranges
                0x000005b8       0xe8 ./Drivers/STM32F4xx_HAL_Driver/Src/stm32f4xx_hal_rtc.o
 .debug_aranges
                0x000006a0      0x3d0 ./Drivers/STM32F4xx_HAL_Driver/Src/stm32f4xx_hal_tim.o
 .debug_aranges
                0x00000a70      0x168 ./Drivers/STM32F4xx_HAL_Driver/Src/stm32f4xx_hal_tim_ex.o
 .debug_aranges
                0x00000bd8      0x208 ./Drivers/STM32F4xx_HAL_Driver/Src/stm32f4xx_hal_uart.o
 .debug_aranges
                0x00000de0       0x40 ./common/ThirdParty/FreeRTOS/list.o
 .debug_aranges
                0x00000e20      0x130 ./common/ThirdParty/FreeRTOS/queue.o
 .debug_aranges
                0x00000f50      0x200 ./common/ThirdParty/FreeRTOS/tasks.o
 .debug_aranges
                0x00001150       0xe8 ./common/ThirdParty/FreeRTOS/timers.o
 .debug_aranges
                0x00001238       0x88 ./common/ThirdParty/FreeRTOS/portable/GCC/ARM_CM4F/port.o
 .debug_aranges
                0x000012c0       0x60 ./common/ThirdParty/FreeRTOS/portable/MemMang/heap_4.o

.debug_rnglists
                0x00000000      0xee6
 .debug_rnglists
                0x00000000       0x41 ./Core/Src/main.o
 .debug_rnglists
                0x00000041       0x2c ./Core/Src/stm32f4xx_hal_msp.o
 .debug_rnglists
                0x0000006d       0x20 ./Core/Src/stm32f4xx_hal_timebase_tim.o
 .debug_rnglists
                0x0000008d       0x3d ./Core/Src/stm32f4xx_it.o
 .debug_rnglists
                0x000000ca       0x1a ./Core/Src/system_stm32f4xx.o
 .debug_rnglists
                0x000000e4       0x39 ./Core/Src/task_handler.o
 .debug_rnglists
                0x0000011d       0x19 ./Core/Startup/startup_stm32f446retx.o
 .debug_rnglists
                0x00000136       0xaf ./Drivers/STM32F4xx_HAL_Driver/Src/stm32f4xx_hal.o
 .debug_rnglists
                0x000001e5       0xd4 ./Drivers/STM32F4xx_HAL_Driver/Src/stm32f4xx_hal_cortex.o
 .debug_rnglists
                0x000002b9       0x70 ./Drivers/STM32F4xx_HAL_Driver/Src/stm32f4xx_hal_dma.o
 .debug_rnglists
                0x00000329       0x3f ./Drivers/STM32F4xx_HAL_Driver/Src/stm32f4xx_hal_gpio.o
 .debug_rnglists
                0x00000368       0x66 ./Drivers/STM32F4xx_HAL_Driver/Src/stm32f4xx_hal_rcc.o
 .debug_rnglists
                0x000003ce       0x5e ./Drivers/STM32F4xx_HAL_Driver/Src/stm32f4xx_hal_rcc_ex.o
 .debug_rnglists
                0x0000042c       0xb4 ./Drivers/STM32F4xx_HAL_Driver/Src/stm32f4xx_hal_rtc.o
 .debug_rnglists
                0x000004e0      0x31a ./Drivers/STM32F4xx_HAL_Driver/Src/stm32f4xx_hal_tim.o
 .debug_rnglists
                0x000007fa      0x125 ./Drivers/STM32F4xx_HAL_Driver/Src/stm32f4xx_hal_tim_ex.o
 .debug_rnglists
                0x0000091f      0x1bc ./Drivers/STM32F4xx_HAL_Driver/Src/stm32f4xx_hal_uart.o
 .debug_rnglists
                0x00000adb       0x2b ./common/ThirdParty/FreeRTOS/list.o
 .debug_rnglists
                0x00000b06       0xec ./common/ThirdParty/FreeRTOS/queue.o
 .debug_rnglists
                0x00000bf2      0x19b ./common/ThirdParty/FreeRTOS/tasks.o
 .debug_rnglists
                0x00000d8d       0xad ./common/ThirdParty/FreeRTOS/timers.o
 .debug_rnglists
                0x00000e3a       0x64 ./common/ThirdParty/FreeRTOS/portable/GCC/ARM_CM4F/port.o
 .debug_rnglists
                0x00000e9e       0x48 ./common/ThirdParty/FreeRTOS/portable/MemMang/heap_4.o

.debug_macro    0x00000000    0x23d78
 .debug_macro   0x00000000      0x37e ./Core/Src/main.o
 .debug_macro   0x0000037e      0x2a1 ./Core/Src/main.o
 .debug_macro   0x0000061f       0x2e ./Core/Src/main.o
 .debug_macro   0x0000064d       0x28 ./Core/Src/main.o
 .debug_macro   0x00000675       0x22 ./Core/Src/main.o
 .debug_macro   0x00000697       0x8e ./Core/Src/main.o
 .debug_macro   0x00000725       0x51 ./Core/Src/main.o
 .debug_macro   0x00000776      0x103 ./Core/Src/main.o
 .debug_macro   0x00000879       0x6a ./Core/Src/main.o
 .debug_macro   0x000008e3      0x1df ./Core/Src/main.o
 .debug_macro   0x00000ac2       0x1c ./Core/Src/main.o
 .debug_macro   0x00000ade       0x22 ./Core/Src/main.o
 .debug_macro   0x00000b00       0xfb ./Core/Src/main.o
 .debug_macro   0x00000bfb     0x1011 ./Core/Src/main.o
 .debug_macro   0x00001c0c      0x11f ./Core/Src/main.o
 .debug_macro   0x00001d2b    0x16749 ./Core/Src/main.o
 .debug_macro   0x00018474       0x6d ./Core/Src/main.o
 .debug_macro   0x000184e1     0x368c ./Core/Src/main.o
 .debug_macro   0x0001bb6d      0x189 ./Core/Src/main.o
 .debug_macro   0x0001bcf6       0x5c ./Core/Src/main.o
 .debug_macro   0x0001bd52      0xca5 ./Core/Src/main.o
 .debug_macro   0x0001c9f7      0x9e9 ./Core/Src/main.o
 .debug_macro   0x0001d3e0      0x115 ./Core/Src/main.o
 .debug_macro   0x0001d4f5      0x1a0 ./Core/Src/main.o
 .debug_macro   0x0001d695       0xa5 ./Core/Src/main.o
 .debug_macro   0x0001d73a      0x16d ./Core/Src/main.o
 .debug_macro   0x0001d8a7      0x287 ./Core/Src/main.o
 .debug_macro   0x0001db2e       0x5f ./Core/Src/main.o
 .debug_macro   0x0001db8d      0x236 ./Core/Src/main.o
 .debug_macro   0x0001ddc3      0x132 ./Core/Src/main.o
 .debug_macro   0x0001def5      0x29c ./Core/Src/main.o
 .debug_macro   0x0001e191       0x2e ./Core/Src/main.o
 .debug_macro   0x0001e1bf      0x127 ./Core/Src/main.o
 .debug_macro   0x0001e2e6       0xe8 ./Core/Src/main.o
 .debug_macro   0x0001e3ce       0x89 ./Core/Src/main.o
 .debug_macro   0x0001e457      0x30c ./Core/Src/main.o
 .debug_macro   0x0001e763      0x44b ./Core/Src/main.o
 .debug_macro   0x0001ebae       0xeb ./Core/Src/main.o
 .debug_macro   0x0001ec99      0x8ed ./Core/Src/main.o
 .debug_macro   0x0001f586       0x53 ./Core/Src/main.o
 .debug_macro   0x0001f5d9      0x2aa ./Core/Src/main.o
 .debug_macro   0x0001f883      0x126 ./Core/Src/main.o
 .debug_macro   0x0001f9a9       0x61 ./Core/Src/main.o
 .debug_macro   0x0001fa0a       0x2a ./Core/Src/main.o
 .debug_macro   0x0001fa34       0x43 ./Core/Src/main.o
 .debug_macro   0x0001fa77       0x34 ./Core/Src/main.o
 .debug_macro   0x0001faab       0x16 ./Core/Src/main.o
 .debug_macro   0x0001fac1       0x43 ./Core/Src/main.o
 .debug_macro   0x0001fb04       0x34 ./Core/Src/main.o
 .debug_macro   0x0001fb38       0x10 ./Core/Src/main.o
 .debug_macro   0x0001fb48       0x58 ./Core/Src/main.o
 .debug_macro   0x0001fba0       0x8e ./Core/Src/main.o
 .debug_macro   0x0001fc2e       0x1c ./Core/Src/main.o
 .debug_macro   0x0001fc4a      0x177 ./Core/Src/main.o
 .debug_macro   0x0001fdc1      0x369 ./Core/Src/main.o
 .debug_macro   0x0002012a       0x10 ./Core/Src/main.o
 .debug_macro   0x0002013a       0x35 ./Core/Src/main.o
 .debug_macro   0x0002016f       0x20 ./Core/Src/main.o
 .debug_macro   0x0002018f       0x1c ./Core/Src/main.o
 .debug_macro   0x000201ab       0x10 ./Core/Src/main.o
 .debug_macro   0x000201bb       0x1c ./Core/Src/main.o
 .debug_macro   0x000201d7       0x16 ./Core/Src/main.o
 .debug_macro   0x000201ed      0x146 ./Core/Src/main.o
 .debug_macro   0x00020333      0x106 ./Core/Src/main.o
 .debug_macro   0x00020439      0x15a ./Core/Src/main.o
 .debug_macro   0x00020593       0xea ./Core/Src/main.o
 .debug_macro   0x0002067d       0x28 ./Core/Src/main.o
 .debug_macro   0x000206a5       0x1f ./Core/Src/main.o
 .debug_macro   0x000206c4       0x12 ./Core/Src/main.o
 .debug_macro   0x000206d6      0x55e ./Core/Src/main.o
 .debug_macro   0x00020c34       0xc3 ./Core/Src/main.o
 .debug_macro   0x00020cf7      0x120 ./Core/Src/main.o
 .debug_macro   0x00020e17       0x80 ./Core/Src/main.o
 .debug_macro   0x00020e97       0x58 ./Core/Src/main.o
 .debug_macro   0x00020eef      0x378 ./Core/Src/stm32f4xx_hal_msp.o
 .debug_macro   0x00021267      0x1e7 ./Core/Src/stm32f4xx_hal_timebase_tim.o
 .debug_macro   0x0002144e      0x382 ./Core/Src/stm32f4xx_it.o
 .debug_macro   0x000217d0      0x1e7 ./Core/Src/system_stm32f4xx.o
 .debug_macro   0x000219b7      0x378 ./Core/Src/task_handler.o
 .debug_macro   0x00021d2f      0x247 ./Drivers/STM32F4xx_HAL_Driver/Src/stm32f4xx_hal.o
 .debug_macro   0x00021f76      0x1e7 ./Drivers/STM32F4xx_HAL_Driver/Src/stm32f4xx_hal_cortex.o
 .debug_macro   0x0002215d      0x1ed ./Drivers/STM32F4xx_HAL_Driver/Src/stm32f4xx_hal_dma.o
 .debug_macro   0x0002234a      0x1ed ./Drivers/STM32F4xx_HAL_Driver/Src/stm32f4xx_hal_gpio.o
 .debug_macro   0x00022537      0x20b ./Drivers/STM32F4xx_HAL_Driver/Src/stm32f4xx_hal_rcc.o
 .debug_macro   0x00022742      0x1e7 ./Drivers/STM32F4xx_HAL_Driver/Src/stm32f4xx_hal_rcc_ex.o
 .debug_macro   0x00022929      0x1e8 ./Drivers/STM32F4xx_HAL_Driver/Src/stm32f4xx_hal_rtc.o
 .debug_macro   0x00022b11      0x1e8 ./Drivers/STM32F4xx_HAL_Driver/Src/stm32f4xx_hal_tim.o
 .debug_macro   0x00022cf9      0x1e7 ./Drivers/STM32F4xx_HAL_Driver/Src/stm32f4xx_hal_tim_ex.o
 .debug_macro   0x00022ee0      0x1e8 ./Drivers/STM32F4xx_HAL_Driver/Src/stm32f4xx_hal_uart.o
 .debug_macro   0x000230c8      0x198 ./common/ThirdParty/FreeRTOS/list.o
 .debug_macro   0x00023260      0x22f ./common/ThirdParty/FreeRTOS/queue.o
 .debug_macro   0x0002348f       0x16 ./common/ThirdParty/FreeRTOS/queue.o
 .debug_macro   0x000234a5      0x27e ./common/ThirdParty/FreeRTOS/tasks.o
 .debug_macro   0x00023723       0x17 ./common/ThirdParty/FreeRTOS/tasks.o
 .debug_macro   0x0002373a      0x1e7 ./common/ThirdParty/FreeRTOS/timers.o
 .debug_macro   0x00023921       0x97 ./common/ThirdParty/FreeRTOS/timers.o
 .debug_macro   0x000239b8      0x1a7 ./common/ThirdParty/FreeRTOS/portable/GCC/ARM_CM4F/port.o
 .debug_macro   0x00023b5f      0x219 ./common/ThirdParty/FreeRTOS/portable/MemMang/heap_4.o

.debug_line     0x00000000    0x181a9
 .debug_line    0x00000000      0xcb6 ./Core/Src/main.o
 .debug_line    0x00000cb6      0xb17 ./Core/Src/stm32f4xx_hal_msp.o
 .debug_line    0x000017cd      0x7fb ./Core/Src/stm32f4xx_hal_timebase_tim.o
 .debug_line    0x00001fc8      0xb2f ./Core/Src/stm32f4xx_it.o
 .debug_line    0x00002af7      0x804 ./Core/Src/system_stm32f4xx.o
 .debug_line    0x000032fb      0xbae ./Core/Src/task_handler.o
 .debug_line    0x00003ea9       0x7a ./Core/Startup/startup_stm32f446retx.o
 .debug_line    0x00003f23      0xa6d ./Drivers/STM32F4xx_HAL_Driver/Src/stm32f4xx_hal.o
 .debug_line    0x00004990      0xd35 ./Drivers/STM32F4xx_HAL_Driver/Src/stm32f4xx_hal_cortex.o
 .debug_line    0x000056c5      0xfdd ./Drivers/STM32F4xx_HAL_Driver/Src/stm32f4xx_hal_dma.o
 .debug_line    0x000066a2      0xbe5 ./Drivers/STM32F4xx_HAL_Driver/Src/stm32f4xx_hal_gpio.o
 .debug_line    0x00007287      0xdec ./Drivers/STM32F4xx_HAL_Driver/Src/stm32f4xx_hal_rcc.o
 .debug_line    0x00008073     0x148b ./Drivers/STM32F4xx_HAL_Driver/Src/stm32f4xx_hal_rcc_ex.o
 .debug_line    0x000094fe     0x1151 ./Drivers/STM32F4xx_HAL_Driver/Src/stm32f4xx_hal_rtc.o
 .debug_line    0x0000a64f     0x3811 ./Drivers/STM32F4xx_HAL_Driver/Src/stm32f4xx_hal_tim.o
 .debug_line    0x0000de60     0x1a63 ./Drivers/STM32F4xx_HAL_Driver/Src/stm32f4xx_hal_tim_ex.o
 .debug_line    0x0000f8c3     0x293f ./Drivers/STM32F4xx_HAL_Driver/Src/stm32f4xx_hal_uart.o
 .debug_line    0x00012202      0x838 ./common/ThirdParty/FreeRTOS/list.o
 .debug_line    0x00012a3a     0x1744 ./common/ThirdParty/FreeRTOS/queue.o
 .debug_line    0x0001417e     0x1ebe ./common/ThirdParty/FreeRTOS/tasks.o
 .debug_line    0x0001603c      0xd7f ./common/ThirdParty/FreeRTOS/timers.o
 .debug_line    0x00016dbb      0x935 ./common/ThirdParty/FreeRTOS/portable/GCC/ARM_CM4F/port.o
 .debug_line    0x000176f0      0xab9 ./common/ThirdParty/FreeRTOS/portable/MemMang/heap_4.o

.debug_str      0x00000000    0xe0211
 .debug_str     0x00000000    0xd8c15 ./Core/Src/main.o
                              0xd8fe5 (size before relaxing)
 .debug_str     0x000d8c15      0x765 ./Core/Src/stm32f4xx_hal_msp.o
                              0xd8fa9 (size before relaxing)
 .debug_str     0x000d937a      0x107 ./Core/Src/stm32f4xx_hal_timebase_tim.o
                              0xcfc2a (size before relaxing)
 .debug_str     0x000d9481       0xdf ./Core/Src/stm32f4xx_it.o
                              0xd87de (size before relaxing)
 .debug_str     0x000d9560       0xdb ./Core/Src/system_stm32f4xx.o
                              0xcf0f2 (size before relaxing)
 .debug_str     0x000d963b      0x112 ./Core/Src/task_handler.o
                              0xd8289 (size before relaxing)
 .debug_str     0x000d974d       0x44 ./Core/Startup/startup_stm32f446retx.o
                                 0x95 (size before relaxing)
 .debug_str     0x000d9791      0x5d3 ./Drivers/STM32F4xx_HAL_Driver/Src/stm32f4xx_hal.o
                              0xcfcb7 (size before relaxing)
 .debug_str     0x000d9d64      0x32e ./Drivers/STM32F4xx_HAL_Driver/Src/stm32f4xx_hal_cortex.o
                              0xcf9dc (size before relaxing)
 .debug_str     0x000da092      0x323 ./Drivers/STM32F4xx_HAL_Driver/Src/stm32f4xx_hal_dma.o
                              0xcf4e7 (size before relaxing)
 .debug_str     0x000da3b5      0x121 ./Drivers/STM32F4xx_HAL_Driver/Src/stm32f4xx_hal_gpio.o
                              0xcf26d (size before relaxing)
 .debug_str     0x000da4d6      0x1fd ./Drivers/STM32F4xx_HAL_Driver/Src/stm32f4xx_hal_rcc.o
                              0xcf52b (size before relaxing)
 .debug_str     0x000da6d3      0x19d ./Drivers/STM32F4xx_HAL_Driver/Src/stm32f4xx_hal_rcc_ex.o
                              0xcf55e (size before relaxing)
 .debug_str     0x000da870      0x337 ./Drivers/STM32F4xx_HAL_Driver/Src/stm32f4xx_hal_rtc.o
                              0xcf53c (size before relaxing)
 .debug_str     0x000daba7      0xe4c ./Drivers/STM32F4xx_HAL_Driver/Src/stm32f4xx_hal_tim.o
                              0xd0457 (size before relaxing)
 .debug_str     0x000db9f3      0x503 ./Drivers/STM32F4xx_HAL_Driver/Src/stm32f4xx_hal_tim_ex.o
                              0xcfc63 (size before relaxing)
 .debug_str     0x000dbef6      0x5d2 ./Drivers/STM32F4xx_HAL_Driver/Src/stm32f4xx_hal_uart.o
                              0xcfae2 (size before relaxing)
 .debug_str     0x000dc4c8      0x2ad ./common/ThirdParty/FreeRTOS/list.o
                               0xb2df (size before relaxing)
 .debug_str     0x000dc775      0xc54 ./common/ThirdParty/FreeRTOS/queue.o
                               0xd9de (size before relaxing)
 .debug_str     0x000dd3c9     0x1a6b ./common/ThirdParty/FreeRTOS/tasks.o
                               0xe407 (size before relaxing)
 .debug_str     0x000dee34      0x58c ./common/ThirdParty/FreeRTOS/timers.o
                               0xdb5e (size before relaxing)
 .debug_str     0x000df3c0      0x832 ./common/ThirdParty/FreeRTOS/portable/GCC/ARM_CM4F/port.o
                               0x9b3a (size before relaxing)
 .debug_str     0x000dfbf2      0x61f ./common/ThirdParty/FreeRTOS/portable/MemMang/heap_4.o
                               0xcb09 (size before relaxing)

.comment        0x00000000       0x43
 .comment       0x00000000       0x43 ./Core/Src/main.o
                                 0x44 (size before relaxing)
 .comment       0x00000043       0x44 ./Core/Src/stm32f4xx_hal_msp.o
 .comment       0x00000043       0x44 ./Core/Src/stm32f4xx_hal_timebase_tim.o
 .comment       0x00000043       0x44 ./Core/Src/stm32f4xx_it.o
 .comment       0x00000043       0x44 ./Core/Src/system_stm32f4xx.o
 .comment       0x00000043       0x44 ./Core/Src/task_handler.o
 .comment       0x00000043       0x44 ./Drivers/STM32F4xx_HAL_Driver/Src/stm32f4xx_hal.o
 .comment       0x00000043       0x44 ./Drivers/STM32F4xx_HAL_Driver/Src/stm32f4xx_hal_cortex.o
 .comment       0x00000043       0x44 ./Drivers/STM32F4xx_HAL_Driver/Src/stm32f4xx_hal_dma.o
 .comment       0x00000043       0x44 ./Drivers/STM32F4xx_HAL_Driver/Src/stm32f4xx_hal_gpio.o
 .comment       0x00000043       0x44 ./Drivers/STM32F4xx_HAL_Driver/Src/stm32f4xx_hal_rcc.o
 .comment       0x00000043       0x44 ./Drivers/STM32F4xx_HAL_Driver/Src/stm32f4xx_hal_rcc_ex.o
 .comment       0x00000043       0x44 ./Drivers/STM32F4xx_HAL_Driver/Src/stm32f4xx_hal_rtc.o
 .comment       0x00000043       0x44 ./Drivers/STM32F4xx_HAL_Driver/Src/stm32f4xx_hal_tim.o
 .comment       0x00000043       0x44 ./Drivers/STM32F4xx_HAL_Driver/Src/stm32f4xx_hal_tim_ex.o
 .comment       0x00000043       0x44 ./Drivers/STM32F4xx_HAL_Driver/Src/stm32f4xx_hal_uart.o
 .comment       0x00000043       0x44 ./common/ThirdParty/FreeRTOS/list.o
 .comment       0x00000043       0x44 ./common/ThirdParty/FreeRTOS/queue.o
 .comment       0x00000043       0x44 ./common/ThirdParty/FreeRTOS/tasks.o
 .comment       0x00000043       0x44 ./common/ThirdParty/FreeRTOS/timers.o
 .comment       0x00000043       0x44 ./common/ThirdParty/FreeRTOS/portable/GCC/ARM_CM4F/port.o
 .comment       0x00000043       0x44 ./common/ThirdParty/FreeRTOS/portable/MemMang/heap_4.o

.debug_frame    0x00000000     0x4ff4
 .debug_frame   0x00000000      0x110 ./Core/Src/main.o
 .debug_frame   0x00000110       0xcc ./Core/Src/stm32f4xx_hal_msp.o
 .debug_frame   0x000001dc       0x74 ./Core/Src/stm32f4xx_hal_timebase_tim.o
 .debug_frame   0x00000250       0xe0 ./Core/Src/stm32f4xx_it.o
 .debug_frame   0x00000330       0x58 ./Core/Src/system_stm32f4xx.o
 .debug_frame   0x00000388       0xf4 ./Core/Src/task_handler.o
 .debug_frame   0x0000047c      0x374 ./Drivers/STM32F4xx_HAL_Driver/Src/stm32f4xx_hal.o
 .debug_frame   0x000007f0      0x4b8 ./Drivers/STM32F4xx_HAL_Driver/Src/stm32f4xx_hal_cortex.o
 .debug_frame   0x00000ca8      0x250 ./Drivers/STM32F4xx_HAL_Driver/Src/stm32f4xx_hal_dma.o
 .debug_frame   0x00000ef8      0x14c ./Drivers/STM32F4xx_HAL_Driver/Src/stm32f4xx_hal_gpio.o
 .debug_frame   0x00001044      0x1f4 ./Drivers/STM32F4xx_HAL_Driver/Src/stm32f4xx_hal_rcc.o
 .debug_frame   0x00001238      0x1e8 ./Drivers/STM32F4xx_HAL_Driver/Src/stm32f4xx_hal_rcc_ex.o
 .debug_frame   0x00001420      0x3f4 ./Drivers/STM32F4xx_HAL_Driver/Src/stm32f4xx_hal_rtc.o
 .debug_frame   0x00001814     0x11c0 ./Drivers/STM32F4xx_HAL_Driver/Src/stm32f4xx_hal_tim.o
 .debug_frame   0x000029d4      0x638 ./Drivers/STM32F4xx_HAL_Driver/Src/stm32f4xx_hal_tim_ex.o
 .debug_frame   0x0000300c      0x954 ./Drivers/STM32F4xx_HAL_Driver/Src/stm32f4xx_hal_uart.o
 .debug_frame   0x00003960       0xd8 ./common/ThirdParty/FreeRTOS/list.o
 .debug_frame   0x00003a38      0x530 ./common/ThirdParty/FreeRTOS/queue.o
 .debug_frame   0x00003f68      0x8d0 ./common/ThirdParty/FreeRTOS/tasks.o
 .debug_frame   0x00004838      0x3c8 ./common/ThirdParty/FreeRTOS/timers.o
 .debug_frame   0x00004c00      0x1d0 ./common/ThirdParty/FreeRTOS/portable/GCC/ARM_CM4F/port.o
 .debug_frame   0x00004dd0      0x150 ./common/ThirdParty/FreeRTOS/portable/MemMang/heap_4.o
 .debug_frame   0x00004f20       0x20 C:/ST/STM32CubeIDE_1.16.0/STM32CubeIDE/plugins/com.st.stm32cube.ide.mcu.externaltools.gnu-tools-for-stm32.12.3.rel1.win32_1.0.200.202406191623/tools/bin/../lib/gcc/arm-none-eabi/12.3.1/../../../../arm-none-eabi/lib/thumb/v7e-m+fp/hard\libc_nano.a(libc_a-memset.o)
 .debug_frame   0x00004f40       0x2c C:/ST/STM32CubeIDE_1.16.0/STM32CubeIDE/plugins/com.st.stm32cube.ide.mcu.externaltools.gnu-tools-for-stm32.12.3.rel1.win32_1.0.200.202406191623/tools/bin/../lib/gcc/arm-none-eabi/12.3.1/../../../../arm-none-eabi/lib/thumb/v7e-m+fp/hard\libc_nano.a(libc_a-init.o)
 .debug_frame   0x00004f6c       0x28 C:/ST/STM32CubeIDE_1.16.0/STM32CubeIDE/plugins/com.st.stm32cube.ide.mcu.externaltools.gnu-tools-for-stm32.12.3.rel1.win32_1.0.200.202406191623/tools/bin/../lib/gcc/arm-none-eabi/12.3.1/../../../../arm-none-eabi/lib/thumb/v7e-m+fp/hard\libc_nano.a(libc_a-memcpy-stub.o)
 .debug_frame   0x00004f94       0x2c C:/ST/STM32CubeIDE_1.16.0/STM32CubeIDE/plugins/com.st.stm32cube.ide.mcu.externaltools.gnu-tools-for-stm32.12.3.rel1.win32_1.0.200.202406191623/tools/bin/../lib/gcc/arm-none-eabi/12.3.1/thumb/v7e-m+fp/hard\libgcc.a(_aeabi_uldivmod.o)
 .debug_frame   0x00004fc0       0x34 C:/ST/STM32CubeIDE_1.16.0/STM32CubeIDE/plugins/com.st.stm32cube.ide.mcu.externaltools.gnu-tools-for-stm32.12.3.rel1.win32_1.0.200.202406191623/tools/bin/../lib/gcc/arm-none-eabi/12.3.1/thumb/v7e-m+fp/hard\libgcc.a(_udivmoddi4.o)

.debug_line_str
                0x00000000       0x79
 .debug_line_str
                0x00000000       0x79 ./Core/Startup/startup_stm32f446retx.o
