Archive member included to satisfy reference by file (symbol)

C:/ST/STM32CubeIDE_1.16.0/STM32CubeIDE/plugins/com.st.stm32cube.ide.mcu.externaltools.gnu-tools-for-stm32.12.3.rel1.win32_1.0.200.202406191623/tools/bin/../lib/gcc/arm-none-eabi/12.3.1/../../../../arm-none-eabi/lib/thumb/v7e-m+fp/hard\libc_nano.a(libc_a-exit.o)
                              C:/ST/STM32CubeIDE_1.16.0/STM32CubeIDE/plugins/com.st.stm32cube.ide.mcu.externaltools.gnu-tools-for-stm32.12.3.rel1.win32_1.0.200.202406191623/tools/bin/../lib/gcc/arm-none-eabi/12.3.1/../../../../arm-none-eabi/lib/thumb/v7e-m+fp/hard/crt0.o (exit)
C:/ST/STM32CubeIDE_1.16.0/STM32CubeIDE/plugins/com.st.stm32cube.ide.mcu.externaltools.gnu-tools-for-stm32.12.3.rel1.win32_1.0.200.202406191623/tools/bin/../lib/gcc/arm-none-eabi/12.3.1/../../../../arm-none-eabi/lib/thumb/v7e-m+fp/hard\libc_nano.a(libc_a-findfp.o)
                              C:/ST/STM32CubeIDE_1.16.0/STM32CubeIDE/plugins/com.st.stm32cube.ide.mcu.externaltools.gnu-tools-for-stm32.12.3.rel1.win32_1.0.200.202406191623/tools/bin/../lib/gcc/arm-none-eabi/12.3.1/../../../../arm-none-eabi/lib/thumb/v7e-m+fp/hard\libc_nano.a(libc_a-exit.o) (__stdio_exit_handler)
C:/ST/STM32CubeIDE_1.16.0/STM32CubeIDE/plugins/com.st.stm32cube.ide.mcu.externaltools.gnu-tools-for-stm32.12.3.rel1.win32_1.0.200.202406191623/tools/bin/../lib/gcc/arm-none-eabi/12.3.1/../../../../arm-none-eabi/lib/thumb/v7e-m+fp/hard\libc_nano.a(libc_a-fwalk.o)
                              C:/ST/STM32CubeIDE_1.16.0/STM32CubeIDE/plugins/com.st.stm32cube.ide.mcu.externaltools.gnu-tools-for-stm32.12.3.rel1.win32_1.0.200.202406191623/tools/bin/../lib/gcc/arm-none-eabi/12.3.1/../../../../arm-none-eabi/lib/thumb/v7e-m+fp/hard\libc_nano.a(libc_a-findfp.o) (_fwalk_sglue)
C:/ST/STM32CubeIDE_1.16.0/STM32CubeIDE/plugins/com.st.stm32cube.ide.mcu.externaltools.gnu-tools-for-stm32.12.3.rel1.win32_1.0.200.202406191623/tools/bin/../lib/gcc/arm-none-eabi/12.3.1/../../../../arm-none-eabi/lib/thumb/v7e-m+fp/hard\libc_nano.a(libc_a-stdio.o)
                              C:/ST/STM32CubeIDE_1.16.0/STM32CubeIDE/plugins/com.st.stm32cube.ide.mcu.externaltools.gnu-tools-for-stm32.12.3.rel1.win32_1.0.200.202406191623/tools/bin/../lib/gcc/arm-none-eabi/12.3.1/../../../../arm-none-eabi/lib/thumb/v7e-m+fp/hard\libc_nano.a(libc_a-findfp.o) (__sread)
C:/ST/STM32CubeIDE_1.16.0/STM32CubeIDE/plugins/com.st.stm32cube.ide.mcu.externaltools.gnu-tools-for-stm32.12.3.rel1.win32_1.0.200.202406191623/tools/bin/../lib/gcc/arm-none-eabi/12.3.1/../../../../arm-none-eabi/lib/thumb/v7e-m+fp/hard\libc_nano.a(libc_a-memset.o)
                              C:/ST/STM32CubeIDE_1.16.0/STM32CubeIDE/plugins/com.st.stm32cube.ide.mcu.externaltools.gnu-tools-for-stm32.12.3.rel1.win32_1.0.200.202406191623/tools/bin/../lib/gcc/arm-none-eabi/12.3.1/../../../../arm-none-eabi/lib/thumb/v7e-m+fp/hard/crt0.o (memset)
C:/ST/STM32CubeIDE_1.16.0/STM32CubeIDE/plugins/com.st.stm32cube.ide.mcu.externaltools.gnu-tools-for-stm32.12.3.rel1.win32_1.0.200.202406191623/tools/bin/../lib/gcc/arm-none-eabi/12.3.1/../../../../arm-none-eabi/lib/thumb/v7e-m+fp/hard\libc_nano.a(libc_a-closer.o)
                              C:/ST/STM32CubeIDE_1.16.0/STM32CubeIDE/plugins/com.st.stm32cube.ide.mcu.externaltools.gnu-tools-for-stm32.12.3.rel1.win32_1.0.200.202406191623/tools/bin/../lib/gcc/arm-none-eabi/12.3.1/../../../../arm-none-eabi/lib/thumb/v7e-m+fp/hard\libc_nano.a(libc_a-stdio.o) (_close_r)
C:/ST/STM32CubeIDE_1.16.0/STM32CubeIDE/plugins/com.st.stm32cube.ide.mcu.externaltools.gnu-tools-for-stm32.12.3.rel1.win32_1.0.200.202406191623/tools/bin/../lib/gcc/arm-none-eabi/12.3.1/../../../../arm-none-eabi/lib/thumb/v7e-m+fp/hard\libc_nano.a(libc_a-reent.o)
                              C:/ST/STM32CubeIDE_1.16.0/STM32CubeIDE/plugins/com.st.stm32cube.ide.mcu.externaltools.gnu-tools-for-stm32.12.3.rel1.win32_1.0.200.202406191623/tools/bin/../lib/gcc/arm-none-eabi/12.3.1/../../../../arm-none-eabi/lib/thumb/v7e-m+fp/hard\libc_nano.a(libc_a-closer.o) (errno)
C:/ST/STM32CubeIDE_1.16.0/STM32CubeIDE/plugins/com.st.stm32cube.ide.mcu.externaltools.gnu-tools-for-stm32.12.3.rel1.win32_1.0.200.202406191623/tools/bin/../lib/gcc/arm-none-eabi/12.3.1/../../../../arm-none-eabi/lib/thumb/v7e-m+fp/hard\libc_nano.a(libc_a-impure.o)
                              C:/ST/STM32CubeIDE_1.16.0/STM32CubeIDE/plugins/com.st.stm32cube.ide.mcu.externaltools.gnu-tools-for-stm32.12.3.rel1.win32_1.0.200.202406191623/tools/bin/../lib/gcc/arm-none-eabi/12.3.1/../../../../arm-none-eabi/lib/thumb/v7e-m+fp/hard\libc_nano.a(libc_a-reent.o) (_impure_ptr)
C:/ST/STM32CubeIDE_1.16.0/STM32CubeIDE/plugins/com.st.stm32cube.ide.mcu.externaltools.gnu-tools-for-stm32.12.3.rel1.win32_1.0.200.202406191623/tools/bin/../lib/gcc/arm-none-eabi/12.3.1/../../../../arm-none-eabi/lib/thumb/v7e-m+fp/hard\libc_nano.a(libc_a-lseekr.o)
[...]
Memory Configuration

Name             Origin             Length             Attributes
RAM              0x20000000         0x00020000         xrw
FLASH            0x08000000         0x00080000         xr
*default*        0x00000000         0xffffffff

Linker script and memory map

LOAD C:/ST/STM32CubeIDE_1.16.0/STM32CubeIDE/plugins/com.st.stm32cube.ide.mcu.externaltools.gnu-tools-for-stm32.12.3.rel1.win32_1.0.200.202406191623/tools/bin/../lib/gcc/arm-none-eabi/12.3.1/thumb/v7e-m+fp/hard/crti.o
LOAD C:/ST/STM32CubeIDE_1.16.0/STM32CubeIDE/plugins/com.st.stm32cube.ide.mcu.externaltools.gnu-tools-for-stm32.12.3.rel1.win32_1.0.200.202406191623/tools/bin/../lib/gcc/arm-none-eabi/12.3.1/thumb/v7e-m+fp/hard/crtbegin.o
LOAD C:/ST/STM32CubeIDE_1.16.0/STM32CubeIDE/plugins/com.st.stm32cube.ide.mcu.externaltools.gnu-tools-for-stm32.12.3.rel1.win32_1.0.200.202406191623/tools/bin/../lib/gcc/arm-none-eabi/12.3.1/../../../../arm-none-eabi/lib/thumb/v7e-m+fp/hard/crt0.o
LOAD ./Core/Src/led_effect.o
LOAD ./Core/Src/main.o
LOAD ./Core/Src/rtc.o
LOAD ./Core/Src/stm32f4xx_hal_msp.o
LOAD ./Core/Src/stm32f4xx_hal_timebase_tim.o
LOAD ./Core/Src/stm32f4xx_it.o
LOAD ./Core/Src/syscalls.o
LOAD ./Core/Src/sysmem.o
LOAD ./Core/Src/system_stm32f4xx.o
LOAD ./Core/Src/task_handler.o
LOAD ./Core/Startup/startup_stm32f446retx.o
LOAD ./Drivers/STM32F4xx_HAL_Driver/Src/stm32f4xx_hal.o
LOAD ./Drivers/STM32F4xx_HAL_Driver/Src/stm32f4xx_hal_cortex.o
LOAD ./Drivers/STM32F4xx_HAL_Driver/Src/stm32f4xx_hal_dma.o
LOAD ./Drivers/STM32F4xx_HAL_Driver/Src/stm32f4xx_hal_dma_ex.o
LOAD ./Drivers/STM32F4xx_HAL_Driver/Src/stm32f4xx_hal_exti.o
LOAD ./Drivers/STM32F4xx_HAL_Driver/Src/stm32f4xx_hal_flash.o
LOAD ./Drivers/STM32F4xx_HAL_Driver/Src/stm32f4xx_hal_flash_ex.o
LOAD ./Drivers/STM32F4xx_HAL_Driver/Src/stm32f4xx_hal_flash_ramfunc.o
LOAD ./Drivers/STM32F4xx_HAL_Driver/Src/stm32f4xx_hal_gpio.o
LOAD ./Drivers/STM32F4xx_HAL_Driver/Src/stm32f4xx_hal_pwr.o
LOAD ./Drivers/STM32F4xx_HAL_Driver/Src/stm32f4xx_hal_pwr_ex.o
LOAD ./Drivers/STM32F4xx_HAL_Driver/Src/stm32f4xx_hal_rcc.o
LOAD ./Drivers/STM32F4xx_HAL_Driver/Src/stm32f4xx_hal_rcc_ex.o
LOAD ./Drivers/STM32F4xx_HAL_Driver/Src/stm32f4xx_hal_rtc.o
LOAD ./Drivers/STM32F4xx_HAL_Driver/Src/stm32f4xx_hal_rtc_ex.o
LOAD ./Drivers/STM32F4xx_HAL_Driver/Src/stm32f4xx_hal_tim.o
LOAD ./Drivers/STM32F4xx_HAL_Driver/Src/stm32f4xx_hal_tim_ex.o
LOAD ./Drivers/STM32F4xx_HAL_Driver/Src/stm32f4xx_hal_uart.o
LOAD ./common/ThirdParty/FreeRTOS/croutine.o
LOAD ./common/ThirdParty/FreeRTOS/event_groups.o
LOAD ./common/ThirdParty/FreeRTOS/list.o
LOAD ./common/ThirdParty/FreeRTOS/queue.o
LOAD ./common/ThirdParty/FreeRTOS/stream_buffer.o
LOAD ./common/ThirdParty/FreeRTOS/tasks.o
LOAD ./common/ThirdParty/FreeRTOS/timers.o
LOAD ./common/ThirdParty/FreeRTOS/portable/GCC/ARM_CM4F/port.o
LOAD ./common/ThirdParty/FreeRTOS/portable/MemMang/heap_4.o
START GROUP
LOAD C:/ST/STM32CubeIDE_1.16.0/STM32CubeIDE/plugins/com.st.stm32cube.ide.mcu.externaltools.gnu-tools-for-stm32.12.3.rel1.win32_1.0.200.202406191623/tools/bin/../lib/gcc/arm-none-eabi/12.3.1/../../../../arm-none-eabi/lib/thumb/v7e-m+fp/hard\libc_nano.a
LOAD C:/ST/STM32CubeIDE_1.16.0/STM32CubeIDE/plugins/com.st.stm32cube.ide.mcu.externaltools.gnu-tools-for-stm32.12.3.rel1.win32_1.0.200.202406191623/tools/bin/../lib/gcc/arm-none-eabi/12.3.1/../../../../arm-none-eabi/lib/thumb/v7e-m+fp/hard\libm.a
END GROUP
START GROUP
LOAD C:/ST/STM32CubeIDE_1.16.0/STM32CubeIDE/plugins/com.st.stm32cube.ide.mcu.externaltools.gnu-tools-for-stm32.12.3.rel1.win32_1.0.200.202406191623/tools/bin/../lib/gcc/arm-none-eabi/12.3.1/thumb/v7e-m+fp/hard\libgcc.a
LOAD C:/ST/STM32CubeIDE_1.16.0/STM32CubeIDE/plugins/com.st.stm32cube.ide.mcu.externaltools.gnu-tools-for-stm32.12.3.rel1.win32_1.0.200.202406191623/tools/bin/../lib/gcc/arm-none-eabi/12.3.1/../../../../arm-none-eabi/lib/thumb/v7e-m+fp/hard\libc_nano.a
END GROUP
START GROUP
LOAD C:/ST/STM32CubeIDE_1.16.0/STM32CubeIDE/plugins/com.st.stm32cube.ide.mcu.externaltools.gnu-tools-for-stm32.12.3.rel1.win32_1.0.200.202406191623/tools/bin/../lib/gcc/arm-none-eabi/12.3.1/thumb/v7e-m+fp/hard\libgcc.a
LOAD C:/ST/STM32CubeIDE_1.16.0/STM32CubeIDE/plugins/com.st.stm32cube.ide.mcu.externaltools.gnu-tools-for-stm32.12.3.rel1.win32_1.0.200.202406191623/tools/bin/../lib/gcc/arm-none-eabi/12.3.1/../../../../arm-none-eabi/lib/thumb/v7e-m+fp/hard\libc_nano.a
LOAD C:/ST/STM32CubeIDE_1.16.0/STM32CubeIDE/plugins/com.st.stm32cube.ide.mcu.externaltools.gnu-tools-for-stm32.12.3.rel1.win32_1.0.200.202406191623/tools/bin/../lib/gcc/arm-none-eabi/12.3.1/../../../../arm-none-eabi/lib/thumb/v7e-m+fp/hard\libnosys.a
END GROUP
START GROUP
LOAD C:/ST/STM32CubeIDE_1.16.0/STM32CubeIDE/plugins/com.st.stm32cube.ide.mcu.externaltools.gnu-tools-for-stm32.12.3.rel1.win32_1.0.200.202406191623/tools/bin/../lib/gcc/arm-none-eabi/12.3.1/thumb/v7e-m+fp/hard\libgcc.a
LOAD C:/ST/STM32CubeIDE_1.16.0/STM32CubeIDE/plugins/com.st.stm32cube.ide.mcu.externaltools.gnu-tools-for-stm32.12.3.rel1.win32_1.0.200.202406191623/tools/bin/../lib/gcc/arm-none-eabi/12.3.1/../../../../arm-none-eabi/lib/thumb/v7e-m+fp/hard\libc_nano.a
LOAD C:/ST/STM32CubeIDE_1.16.0/STM32CubeIDE/plugins/com.st.stm32cube.ide.mcu.externaltools.gnu-tools-for-stm32.12.3.rel1.win32_1.0.200.202406191623/tools/bin/../lib/gcc/arm-none-eabi/12.3.1/../../../../arm-none-eabi/lib/thumb/v7e-m+fp/hard\libnosys.a
END GROUP
LOAD C:/ST/STM32CubeIDE_1.16.0/STM32CubeIDE/plugins/com.st.stm32cube.ide.mcu.externaltools.gnu-tools-for-stm32.12.3.rel1.win32_1.0.200.202406191623/tools/bin/../lib/gcc/arm-none-eabi/12.3.1/thumb/v7e-m+fp/hard/crtend.o
LOAD C:/ST/STM32CubeIDE_1.16.0/STM32CubeIDE/plugins/com.st.stm32cube.ide.mcu.externaltools.gnu-tools-for-stm32.12.3.rel1.win32_1.0.200.202406191623/tools/bin/../lib/gcc/arm-none-eabi/12.3.1/thumb/v7e-m+fp/hard/crtn.o
                0x20020000                        _estack = (ORIGIN (RAM) + LENGTH (RAM))
                0x00000200                        _Min_Heap_Size = 0x200
                0x00000400                        _Min_Stack_Size = 0x400

.isr_vector     0x08000000      0x1c4
                0x08000000                        . = ALIGN (0x4)
 *(.isr_vector)
 .isr_vector    0x08000000      0x1c4 ./Core/Startup/startup_stm32f446retx.o
                0x08000000                g_pfnVectors
                0x080001c4                        . = ALIGN (0x4)

.text           0x080001d0     0x768c
                0x080001d0                        . = ALIGN (0x4)
 *(.text)
 .text          0x080001d0       0x40 C:/ST/STM32CubeIDE_1.16.0/STM32CubeIDE/plugins/com.st.stm32cube.ide.mcu.externaltools.gnu-tools-for-stm32.12.3.rel1.win32_1.0.200.202406191623/tools/bin/../lib/gcc/arm-none-eabi/12.3.1/thumb/v7e-m+fp/hard/crtbegin.o
 .text          0x08000210       0x14 C:/ST/STM32CubeIDE_1.16.0/STM32CubeIDE/plugins/com.st.stm32cube.ide.mcu.externaltools.gnu-tools-for-stm32.12.3.rel1.win32_1.0.200.202406191623/tools/bin/../lib/gcc/arm-none-eabi/12.3.1/../../../../arm-none-eabi/lib/thumb/v7e-m+fp/hard\libc_nano.a(libc_a-strcmp.o)
                0x08000210                strcmp
 .text          0x08000224       0x10 C:/ST/STM32CubeIDE_1.16.0/STM32CubeIDE/plugins/com.st.stm32cube.ide.mcu.externaltools.gnu-tools-for-stm32.12.3.rel1.win32_1.0.200.202406191623/tools/bin/../lib/gcc/arm-none-eabi/12.3.1/../../../../arm-none-eabi/lib/thumb/v7e-m+fp/hard\libc_nano.a(libc_a-strlen.o)
                0x08000224                strlen
 .text          0x08000234       0x30 C:/ST/STM32CubeIDE_1.16.0/STM32CubeIDE/plugins/com.st.stm32cube.ide.mcu.externaltools.gnu-tools-for-stm32.12.3.rel1.win32_1.0.200.202406191623/tools/bin/../lib/gcc/arm-none-eabi/12.3.1/thumb/v7e-m+fp/hard\libgcc.a(_aeabi_uldivmod.o)
                0x08000234                __aeabi_uldivmod
 .text          0x08000264      0x2bc C:/ST/STM32CubeIDE_1.16.0/STM32CubeIDE/plugins/com.st.stm32cube.ide.mcu.externaltools.gnu-tools-for-stm32.12.3.rel1.win32_1.0.200.202406191623/tools/bin/../lib/gcc/arm-none-eabi/12.3.1/thumb/v7e-m+fp/hard\libgcc.a(_udivmoddi4.o)
                0x08000264                __udivmoddi4
 .text          0x08000520        0x4 C:/ST/STM32CubeIDE_1.16.0/STM32CubeIDE/plugins/com.st.stm32cube.ide.mcu.externaltools.gnu-tools-for-stm32.12.3.rel1.win32_1.0.200.202406191623/tools/bin/../lib/gcc/arm-none-eabi/12.3.1/thumb/v7e-m+fp/hard\libgcc.a(_dvmd_tls.o)
                0x08000520                __aeabi_idiv0
                0x08000520                __aeabi_ldiv0
 *(.text*)
 .text.led_effect_stop
                0x08000524       0x40 ./Core/Src/led_effect.o
                0x08000524                led_effect_stop
 .text.led_effect
                0x08000564       0x38 ./Core/Src/led_effect.o
                0x08000564                led_effect
 .text.LED_effect1
                0x0800059c       0x1c ./Core/Src/led_effect.o
                0x0800059c                LED_effect1
 .text.LED_effect2
                0x080005b8       0x1c ./Core/Src/led_effect.o
                0x080005b8                LED_effect2
 .text.LED_effect3
                0x080005d4       0x1c ./Core/Src/led_effect.o
                0x080005d4                LED_effect3
 .text.LED_effect4
                0x080005f0       0x1c ./Core/Src/led_effect.o
                0x080005f0                LED_effect4
 .text.main     0x0800060c      0x21c ./Core/Src/main.o
                0x0800060c                main
 .text.SystemClock_Config
                0x08000828       0xe4 ./Core/Src/main.o
                0x08000828                SystemClock_Config
 .text.MX_RTC_Init
                0x0800090c       0x4c ./Core/Src/main.o
 .text.MX_USART2_UART_Init
                0x08000958       0x54 ./Core/Src/main.o
 .text.MX_GPIO_Init
                0x080009ac       0xdc ./Core/Src/main.o
 .text.HAL_UART_RxCpltCallback
                0x08000a88       0x94 ./Core/Src/main.o
                0x08000a88                HAL_UART_RxCpltCallback
 .text.fn_led_effect_callback
                0x08000b1c       0x50 ./Core/Src/main.o
                0x08000b1c                fn_led_effect_callback
 .text.HAL_TIM_PeriodElapsedCallback
                0x08000b6c       0x24 ./Core/Src/main.o
                0x08000b6c                HAL_TIM_PeriodElapsedCallback
 .text.Error_Handler
                0x08000b90        0xc ./Core/Src/main.o
                0x08000b90                Error_Handler
 .text.HAL_MspInit
                0x08000b9c       0x50 ./Core/Src/stm32f4xx_hal_msp.o
                0x08000b9c                HAL_MspInit
 .text.HAL_RTC_MspInit
                0x08000bec       0x54 ./Core/Src/stm32f4xx_hal_msp.o
                0x08000bec                HAL_RTC_MspInit
 .text.HAL_UART_MspInit
                0x08000c40       0xa0 ./Core/Src/stm32f4xx_hal_msp.o
                0x08000c40                HAL_UART_MspInit
 .text.HAL_InitTick
                0x08000ce0       0xf8 ./Core/Src/stm32f4xx_hal_timebase_tim.o
                0x08000ce0                HAL_InitTick
 .text.NMI_Handler
                0x08000dd8        0x8 ./Core/Src/stm32f4xx_it.o
                0x08000dd8                NMI_Handler
 .text.HardFault_Handler
                0x08000de0        0x8 ./Core/Src/stm32f4xx_it.o
                0x08000de0                HardFault_Handler
 .text.MemManage_Handler
                0x08000de8        0x8 ./Core/Src/stm32f4xx_it.o
                0x08000de8                MemManage_Handler
 .text.BusFault_Handler
                0x08000df0        0x8 ./Core/Src/stm32f4xx_it.o
                0x08000df0                BusFault_Handler
 .text.UsageFault_Handler
                0x08000df8        0x8 ./Core/Src/stm32f4xx_it.o
                0x08000df8                UsageFault_Handler
 .text.DebugMon_Handler
                0x08000e00        0xe ./Core/Src/stm32f4xx_it.o
                0x08000e00                DebugMon_Handler
 *fill*         0x08000e0e        0x2 
 .text.USART2_IRQHandler
                0x08000e10       0x14 ./Core/Src/stm32f4xx_it.o
                0x08000e10                USART2_IRQHandler
 .text.TIM6_DAC_IRQHandler
                0x08000e24       0x14 ./Core/Src/stm32f4xx_it.o
                0x08000e24                TIM6_DAC_IRQHandler
 .text.SystemInit
                0x08000e38       0x24 ./Core/Src/system_stm32f4xx.o
                0x08000e38                SystemInit
 .text.menu_task_handler
                0x08000e5c       0xf0 ./Core/Src/task_handler.o
                0x08000e5c                menu_task_handler
 .text.cmd_task_handler
                0x08000f4c       0x2e ./Core/Src/task_handler.o
                0x08000f4c                cmd_task_handler
 *fill*         0x08000f7a        0x2 
 .text.extract_command
                0x08000f7c       0x74 ./Core/Src/task_handler.o
                0x08000f7c                extract_command
 .text.process_command
                0x08000ff0       0x78 ./Core/Src/task_handler.o
                0x08000ff0                process_command
 .text.print_task_handler
                0x08001068       0x40 ./Core/Src/task_handler.o
                0x08001068                print_task_handler
 .text.led_task_handler
                0x080010a8      0x134 ./Core/Src/task_handler.o
                0x080010a8                led_task_handler
 .text.rtc_task_handler
                0x080011dc       0x20 ./Core/Src/task_handler.o
                0x080011dc                rtc_task_handler
 .text.Reset_Handler
                0x080011fc       0x50 ./Core/Startup/startup_stm32f446retx.o
                0x080011fc                Reset_Handler
 .text.Default_Handler
                0x0800124c        0x2 ./Core/Startup/startup_stm32f446retx.o
                0x0800124c                RTC_Alarm_IRQHandler
                0x0800124c                EXTI2_IRQHandler
                0x0800124c                TIM8_CC_IRQHandler
                0x0800124c                FMPI2C1_EV_IRQHandler
                0x0800124c                SPI4_IRQHandler
                0x0800124c                TIM1_CC_IRQHandler
                0x0800124c                DMA2_Stream5_IRQHandler
                0x0800124c                DMA1_Stream5_IRQHandler
                0x0800124c                PVD_IRQHandler
                0x0800124c                SDIO_IRQHandler
                0x0800124c                TAMP_STAMP_IRQHandler
                0x0800124c                CAN2_RX1_IRQHandler
                0x0800124c                EXTI3_IRQHandler
                0x0800124c                TIM8_TRG_COM_TIM14_IRQHandler
                0x0800124c                TIM1_UP_TIM10_IRQHandler
                0x0800124c                TIM8_UP_TIM13_IRQHandler
                0x0800124c                I2C3_ER_IRQHandler
                0x0800124c                EXTI0_IRQHandler
                0x0800124c                I2C2_EV_IRQHandler
                0x0800124c                DMA1_Stream2_IRQHandler
                0x0800124c                CAN1_RX0_IRQHandler
                0x0800124c                FPU_IRQHandler
                0x0800124c                OTG_HS_WKUP_IRQHandler
                0x0800124c                CAN2_SCE_IRQHandler
                0x0800124c                DMA2_Stream2_IRQHandler
                0x0800124c                SPI1_IRQHandler
                0x0800124c                TIM1_BRK_TIM9_IRQHandler
                0x0800124c                DCMI_IRQHandler
                0x0800124c                CAN2_RX0_IRQHandler
                0x0800124c                DMA2_Stream3_IRQHandler
                0x0800124c                SAI2_IRQHandler
                0x0800124c                USART6_IRQHandler
                0x0800124c                USART3_IRQHandler
                0x0800124c                CAN1_RX1_IRQHandler
                0x0800124c                UART5_IRQHandler
                0x0800124c                DMA2_Stream0_IRQHandler
                0x0800124c                TIM4_IRQHandler
                0x0800124c                QUADSPI_IRQHandler
                0x0800124c                I2C1_EV_IRQHandler
                0x0800124c                DMA1_Stream6_IRQHandler
                0x0800124c                DMA1_Stream1_IRQHandler
                0x0800124c                UART4_IRQHandler
                0x0800124c                TIM3_IRQHandler
                0x0800124c                RCC_IRQHandler
                0x0800124c                TIM8_BRK_TIM12_IRQHandler
                0x0800124c                Default_Handler
                0x0800124c                CEC_IRQHandler
                0x0800124c                EXTI15_10_IRQHandler
                0x0800124c                ADC_IRQHandler
                0x0800124c                DMA1_Stream7_IRQHandler
                0x0800124c                TIM7_IRQHandler
                0x0800124c                CAN2_TX_IRQHandler
                0x0800124c                TIM5_IRQHandler
                0x0800124c                DMA2_Stream7_IRQHandler
                0x0800124c                I2C3_EV_IRQHandler
                0x0800124c                EXTI9_5_IRQHandler
                0x0800124c                RTC_WKUP_IRQHandler
                0x0800124c                SPDIF_RX_IRQHandler
                0x0800124c                SPI2_IRQHandler
                0x0800124c                OTG_HS_EP1_IN_IRQHandler
                0x0800124c                DMA1_Stream0_IRQHandler
                0x0800124c                CAN1_TX_IRQHandler
                0x0800124c                FMPI2C1_ER_IRQHandler
                0x0800124c                EXTI4_IRQHandler
                0x0800124c                OTG_HS_EP1_OUT_IRQHandler
                0x0800124c                WWDG_IRQHandler
                0x0800124c                TIM2_IRQHandler
                0x0800124c                OTG_FS_WKUP_IRQHandler
                0x0800124c                TIM1_TRG_COM_TIM11_IRQHandler
                0x0800124c                OTG_HS_IRQHandler
                0x0800124c                EXTI1_IRQHandler
                0x0800124c                I2C2_ER_IRQHandler
                0x0800124c                DMA2_Stream1_IRQHandler
                0x0800124c                CAN1_SCE_IRQHandler
                0x0800124c                FLASH_IRQHandler
                0x0800124c                DMA2_Stream4_IRQHandler
                0x0800124c                USART1_IRQHandler
                0x0800124c                OTG_FS_IRQHandler
                0x0800124c                SPI3_IRQHandler
                0x0800124c                DMA1_Stream4_IRQHandler
                0x0800124c                I2C1_ER_IRQHandler
                0x0800124c                FMC_IRQHandler
                0x0800124c                DMA2_Stream6_IRQHandler
                0x0800124c                SAI1_IRQHandler
                0x0800124c                DMA1_Stream3_IRQHandler
 *fill*         0x0800124e        0x2 
 .text.HAL_Init
                0x08001250       0x44 ./Drivers/STM32F4xx_HAL_Driver/Src/stm32f4xx_hal.o
                0x08001250                HAL_Init
 .text.HAL_IncTick
                0x08001294       0x28 ./Drivers/STM32F4xx_HAL_Driver/Src/stm32f4xx_hal.o
                0x08001294                HAL_IncTick
 .text.HAL_GetTick
                0x080012bc       0x18 ./Drivers/STM32F4xx_HAL_Driver/Src/stm32f4xx_hal.o
                0x080012bc                HAL_GetTick
 .text.__NVIC_SetPriorityGrouping
                0x080012d4       0x48 ./Drivers/STM32F4xx_HAL_Driver/Src/stm32f4xx_hal_cortex.o
 .text.__NVIC_GetPriorityGrouping
                0x0800131c       0x1c ./Drivers/STM32F4xx_HAL_Driver/Src/stm32f4xx_hal_cortex.o
 .text.__NVIC_EnableIRQ
                0x08001338       0x3c ./Drivers/STM32F4xx_HAL_Driver/Src/stm32f4xx_hal_cortex.o
 .text.__NVIC_SetPriority
                0x08001374       0x54 ./Drivers/STM32F4xx_HAL_Driver/Src/stm32f4xx_hal_cortex.o
 .text.NVIC_EncodePriority
                0x080013c8       0x66 ./Drivers/STM32F4xx_HAL_Driver/Src/stm32f4xx_hal_cortex.o
 .text.HAL_NVIC_SetPriorityGrouping
                0x0800142e       0x16 ./Drivers/STM32F4xx_HAL_Driver/Src/stm32f4xx_hal_cortex.o
                0x0800142e                HAL_NVIC_SetPriorityGrouping
 .text.HAL_NVIC_SetPriority
                0x08001444       0x38 ./Drivers/STM32F4xx_HAL_Driver/Src/stm32f4xx_hal_cortex.o
                0x08001444                HAL_NVIC_SetPriority
 .text.HAL_NVIC_EnableIRQ
                0x0800147c       0x1c ./Drivers/STM32F4xx_HAL_Driver/Src/stm32f4xx_hal_cortex.o
                0x0800147c                HAL_NVIC_EnableIRQ
 .text.HAL_DMA_Abort
                0x08001498       0xe0 ./Drivers/STM32F4xx_HAL_Driver/Src/stm32f4xx_hal_dma.o
                0x08001498                HAL_DMA_Abort
 .text.HAL_DMA_Abort_IT
                0x08001578       0x44 ./Drivers/STM32F4xx_HAL_Driver/Src/stm32f4xx_hal_dma.o
                0x08001578                HAL_DMA_Abort_IT
 .text.HAL_GPIO_Init
                0x080015bc      0x328 ./Drivers/STM32F4xx_HAL_Driver/Src/stm32f4xx_hal_gpio.o
                0x080015bc                HAL_GPIO_Init
 .text.HAL_GPIO_WritePin
                0x080018e4       0x32 ./Drivers/STM32F4xx_HAL_Driver/Src/stm32f4xx_hal_gpio.o
                0x080018e4                HAL_GPIO_WritePin
 .text.HAL_GPIO_TogglePin
                0x08001916       0x34 ./Drivers/STM32F4xx_HAL_Driver/Src/stm32f4xx_hal_gpio.o
                0x08001916                HAL_GPIO_TogglePin
 *fill*         0x0800194a        0x2 
 .text.HAL_RCC_ClockConfig
                0x0800194c      0x1cc ./Drivers/STM32F4xx_HAL_Driver/Src/stm32f4xx_hal_rcc.o
                0x0800194c                HAL_RCC_ClockConfig
 .text.HAL_RCC_GetHCLKFreq
                0x08001b18       0x18 ./Drivers/STM32F4xx_HAL_Driver/Src/stm32f4xx_hal_rcc.o
                0x08001b18                HAL_RCC_GetHCLKFreq
 .text.HAL_RCC_GetPCLK1Freq
                0x08001b30       0x28 ./Drivers/STM32F4xx_HAL_Driver/Src/stm32f4xx_hal_rcc.o
                0x08001b30                HAL_RCC_GetPCLK1Freq
 .text.HAL_RCC_GetPCLK2Freq
                0x08001b58       0x28 ./Drivers/STM32F4xx_HAL_Driver/Src/stm32f4xx_hal_rcc.o
                0x08001b58                HAL_RCC_GetPCLK2Freq
 .text.HAL_RCC_GetClockConfig
                0x08001b80       0x64 ./Drivers/STM32F4xx_HAL_Driver/Src/stm32f4xx_hal_rcc.o
                0x08001b80                HAL_RCC_GetClockConfig
 .text.HAL_RCCEx_PeriphCLKConfig
                0x08001be4      0x654 ./Drivers/STM32F4xx_HAL_Driver/Src/stm32f4xx_hal_rcc_ex.o
                0x08001be4                HAL_RCCEx_PeriphCLKConfig
 .text.HAL_RCC_GetSysClockFreq
                0x08002238      0x460 ./Drivers/STM32F4xx_HAL_Driver/Src/stm32f4xx_hal_rcc_ex.o
                0x08002238                HAL_RCC_GetSysClockFreq
 .text.HAL_RCC_OscConfig
                0x08002698      0x53c ./Drivers/STM32F4xx_HAL_Driver/Src/stm32f4xx_hal_rcc_ex.o
                0x08002698                HAL_RCC_OscConfig
 .text.HAL_RTC_Init
                0x08002bd4      0x106 ./Drivers/STM32F4xx_HAL_Driver/Src/stm32f4xx_hal_rtc.o
                0x08002bd4                HAL_RTC_Init
 *fill*         0x08002cda        0x2 
 .text.HAL_RTC_WaitForSynchro
                0x08002cdc       0x4c ./Drivers/STM32F4xx_HAL_Driver/Src/stm32f4xx_hal_rtc.o
                0x08002cdc                HAL_RTC_WaitForSynchro
 .text.RTC_EnterInitMode
                0x08002d28       0x6e ./Drivers/STM32F4xx_HAL_Driver/Src/stm32f4xx_hal_rtc.o
                0x08002d28                RTC_EnterInitMode
 .text.RTC_ExitInitMode
                0x08002d96       0x4a ./Drivers/STM32F4xx_HAL_Driver/Src/stm32f4xx_hal_rtc.o
                0x08002d96                RTC_ExitInitMode
 .text.HAL_TIM_Base_Init
                0x08002de0       0x9e ./Drivers/STM32F4xx_HAL_Driver/Src/stm32f4xx_hal_tim.o
                0x08002de0                HAL_TIM_Base_Init
 .text.HAL_TIM_Base_MspInit
                0x08002e7e       0x14 ./Drivers/STM32F4xx_HAL_Driver/Src/stm32f4xx_hal_tim.o
                0x08002e7e                HAL_TIM_Base_MspInit
 *fill*         0x08002e92        0x2 
 .text.HAL_TIM_Base_Start_IT
                0x08002e94       0xe0 ./Drivers/STM32F4xx_HAL_Driver/Src/stm32f4xx_hal_tim.o
                0x08002e94                HAL_TIM_Base_Start_IT
 .text.HAL_TIM_IRQHandler
                0x08002f74      0x1e0 ./Drivers/STM32F4xx_HAL_Driver/Src/stm32f4xx_hal_tim.o
                0x08002f74                HAL_TIM_IRQHandler
 .text.HAL_TIM_OC_DelayElapsedCallback
                0x08003154       0x14 ./Drivers/STM32F4xx_HAL_Driver/Src/stm32f4xx_hal_tim.o
                0x08003154                HAL_TIM_OC_DelayElapsedCallback
 .text.HAL_TIM_IC_CaptureCallback
                0x08003168       0x14 ./Drivers/STM32F4xx_HAL_Driver/Src/stm32f4xx_hal_tim.o
                0x08003168                HAL_TIM_IC_CaptureCallback
 .text.HAL_TIM_PWM_PulseFinishedCallback
                0x0800317c       0x14 ./Drivers/STM32F4xx_HAL_Driver/Src/stm32f4xx_hal_tim.o
                0x0800317c                HAL_TIM_PWM_PulseFinishedCallback
 .text.HAL_TIM_TriggerCallback
                0x08003190       0x14 ./Drivers/STM32F4xx_HAL_Driver/Src/stm32f4xx_hal_tim.o
                0x08003190                HAL_TIM_TriggerCallback
 .text.TIM_Base_SetConfig
                0x080031a4      0x158 ./Drivers/STM32F4xx_HAL_Driver/Src/stm32f4xx_hal_tim.o
                0x080031a4                TIM_Base_SetConfig
 .text.HAL_TIMEx_CommutCallback
                0x080032fc       0x14 ./Drivers/STM32F4xx_HAL_Driver/Src/stm32f4xx_hal_tim_ex.o
                0x080032fc                HAL_TIMEx_CommutCallback
 .text.HAL_TIMEx_BreakCallback
                0x08003310       0x14 ./Drivers/STM32F4xx_HAL_Driver/Src/stm32f4xx_hal_tim_ex.o
                0x08003310                HAL_TIMEx_BreakCallback
 .text.HAL_UART_Init
                0x08003324       0xa0 ./Drivers/STM32F4xx_HAL_Driver/Src/stm32f4xx_hal_uart.o
                0x08003324                HAL_UART_Init
 .text.HAL_UART_Transmit
                0x080033c4      0x116 ./Drivers/STM32F4xx_HAL_Driver/Src/stm32f4xx_hal_uart.o
                0x080033c4                HAL_UART_Transmit
 .text.HAL_UART_Receive_IT
                0x080034da       0x4a ./Drivers/STM32F4xx_HAL_Driver/Src/stm32f4xx_hal_uart.o
                0x080034da                HAL_UART_Receive_IT
 .text.HAL_UART_IRQHandler
                0x08003524      0x524 ./Drivers/STM32F4xx_HAL_Driver/Src/stm32f4xx_hal_uart.o
                0x08003524                HAL_UART_IRQHandler
 .text.HAL_UART_TxCpltCallback
                0x08003a48       0x14 ./Drivers/STM32F4xx_HAL_Driver/Src/stm32f4xx_hal_uart.o
                0x08003a48                HAL_UART_TxCpltCallback
 .text.HAL_UART_ErrorCallback
                0x08003a5c       0x14 ./Drivers/STM32F4xx_HAL_Driver/Src/stm32f4xx_hal_uart.o
                0x08003a5c                HAL_UART_ErrorCallback
 .text.HAL_UARTEx_RxEventCallback
                0x08003a70       0x18 ./Drivers/STM32F4xx_HAL_Driver/Src/stm32f4xx_hal_uart.o
                0x08003a70                HAL_UARTEx_RxEventCallback
 .text.UART_WaitOnFlagUntilTimeout
                0x08003a88       0xb2 ./Drivers/STM32F4xx_HAL_Driver/Src/stm32f4xx_hal_uart.o
 .text.UART_Start_Receive_IT
                0x08003b3a       0x74 ./Drivers/STM32F4xx_HAL_Driver/Src/stm32f4xx_hal_uart.o
                0x08003b3a                UART_Start_Receive_IT
 .text.UART_EndRxTransfer
                0x08003bae       0xc6 ./Drivers/STM32F4xx_HAL_Driver/Src/stm32f4xx_hal_uart.o
 .text.UART_DMAAbortOnError
                0x08003c74       0x28 ./Drivers/STM32F4xx_HAL_Driver/Src/stm32f4xx_hal_uart.o
 .text.UART_Transmit_IT
                0x08003c9c       0xa0 ./Drivers/STM32F4xx_HAL_Driver/Src/stm32f4xx_hal_uart.o
 .text.UART_EndTransmit_IT
                0x08003d3c       0x30 ./Drivers/STM32F4xx_HAL_Driver/Src/stm32f4xx_hal_uart.o
 .text.UART_Receive_IT
                0x08003d6c      0x17c ./Drivers/STM32F4xx_HAL_Driver/Src/stm32f4xx_hal_uart.o
 .text.UART_SetConfig
                0x08003ee8      0x4e8 ./Drivers/STM32F4xx_HAL_Driver/Src/stm32f4xx_hal_uart.o
 .text.vListInitialise
                0x080043d0       0x40 ./common/ThirdParty/FreeRTOS/list.o
                0x080043d0                vListInitialise
 .text.vListInitialiseItem
                0x08004410       0x1a ./common/ThirdParty/FreeRTOS/list.o
                0x08004410                vListInitialiseItem
 .text.vListInsert
                0x0800442a       0x72 ./common/ThirdParty/FreeRTOS/list.o
                0x0800442a                vListInsert
 .text.uxListRemove
                0x0800449c       0x54 ./common/ThirdParty/FreeRTOS/list.o
                0x0800449c                uxListRemove
 .text.xQueueGenericReset
                0x080044f0      0x124 ./common/ThirdParty/FreeRTOS/queue.o
                0x080044f0                xQueueGenericReset
 .text.xQueueGenericCreate
                0x08004614       0x9e ./common/ThirdParty/FreeRTOS/queue.o
                0x08004614                xQueueGenericCreate
 .text.prvInitialiseNewQueue
                0x080046b2       0x46 ./common/ThirdParty/FreeRTOS/queue.o
 .text.xQueueGenericSend
                0x080046f8      0x204 ./common/ThirdParty/FreeRTOS/queue.o
                0x080046f8                xQueueGenericSend
 .text.xQueueGenericSendFromISR
                0x080048fc      0x16c ./common/ThirdParty/FreeRTOS/queue.o
                0x080048fc                xQueueGenericSendFromISR
 .text.xQueueReceive
                0x08004a68      0x1c4 ./common/ThirdParty/FreeRTOS/queue.o
                0x08004a68                xQueueReceive
 .text.xQueueReceiveFromISR
                0x08004c2c      0x134 ./common/ThirdParty/FreeRTOS/queue.o
                0x08004c2c                xQueueReceiveFromISR
 .text.uxQueueMessagesWaiting
                0x08004d60       0x3e ./common/ThirdParty/FreeRTOS/queue.o
                0x08004d60                uxQueueMessagesWaiting
 .text.prvCopyDataToQueue
                0x08004d9e       0xd4 ./common/ThirdParty/FreeRTOS/queue.o
 .text.prvCopyDataFromQueue
                0x08004e72       0x4c ./common/ThirdParty/FreeRTOS/queue.o
 .text.prvUnlockQueue
                0x08004ebe       0xa4 ./common/ThirdParty/FreeRTOS/queue.o
 .text.prvIsQueueEmpty
                0x08004f62       0x2c ./common/ThirdParty/FreeRTOS/queue.o
 .text.prvIsQueueFull
                0x08004f8e       0x30 ./common/ThirdParty/FreeRTOS/queue.o
 .text.xQueueIsQueueFullFromISR
                0x08004fbe       0x4e ./common/ThirdParty/FreeRTOS/queue.o
                0x08004fbe                xQueueIsQueueFullFromISR
 .text.vQueueAddToRegistry
                0x0800500c       0xa0 ./common/ThirdParty/FreeRTOS/queue.o
                0x0800500c                vQueueAddToRegistry
 .text.vQueueWaitForMessageRestricted
                0x080050ac       0x68 ./common/ThirdParty/FreeRTOS/queue.o
                0x080050ac                vQueueWaitForMessageRestricted
 .text.xTaskCreate
                0x08005114       0x8c ./common/ThirdParty/FreeRTOS/tasks.o
                0x08005114                xTaskCreate
 .text.prvInitialiseNewTask
                0x080051a0      0x120 ./common/ThirdParty/FreeRTOS/tasks.o
 .text.prvAddNewTaskToReadyList
                0x080052c0      0x12c ./common/ThirdParty/FreeRTOS/tasks.o
 .text.xTaskDelayUntil
                0x080053ec      0x104 ./common/ThirdParty/FreeRTOS/tasks.o
                0x080053ec                xTaskDelayUntil
 .text.vTaskDelay
                0x080054f0       0x6c ./common/ThirdParty/FreeRTOS/tasks.o
                0x080054f0                vTaskDelay
 .text.vTaskStartScheduler
                0x0800555c       0xa4 ./common/ThirdParty/FreeRTOS/tasks.o
                0x0800555c                vTaskStartScheduler
 .text.vTaskSuspendAll
                0x08005600       0x1c ./common/ThirdParty/FreeRTOS/tasks.o
                0x08005600                vTaskSuspendAll
 .text.xTaskResumeAll
                0x0800561c      0x1f8 ./common/ThirdParty/FreeRTOS/tasks.o
                0x0800561c                xTaskResumeAll
 .text.xTaskGetTickCount
                0x08005814       0x20 ./common/ThirdParty/FreeRTOS/tasks.o
                0x08005814                xTaskGetTickCount
 .text.uxTaskGetNumberOfTasks
                0x08005834       0x18 ./common/ThirdParty/FreeRTOS/tasks.o
                0x08005834                uxTaskGetNumberOfTasks
 .text.xTaskIncrementTick
                0x0800584c      0x230 ./common/ThirdParty/FreeRTOS/tasks.o
                0x0800584c                xTaskIncrementTick
 .text.vTaskSwitchContext
                0x08005a7c       0xb8 ./common/ThirdParty/FreeRTOS/tasks.o
                0x08005a7c                vTaskSwitchContext
 .text.vTaskPlaceOnEventList
                0x08005b34       0x4c ./common/ThirdParty/FreeRTOS/tasks.o
                0x08005b34                vTaskPlaceOnEventList
 .text.vTaskPlaceOnEventListRestricted
                0x08005b80       0x8c ./common/ThirdParty/FreeRTOS/tasks.o
                0x08005b80                vTaskPlaceOnEventListRestricted
 .text.xTaskRemoveFromEventList
                0x08005c0c      0x1b0 ./common/ThirdParty/FreeRTOS/tasks.o
                0x08005c0c                xTaskRemoveFromEventList
 .text.vTaskInternalSetTimeOutState
                0x08005dbc       0x2c ./common/ThirdParty/FreeRTOS/tasks.o
                0x08005dbc                vTaskInternalSetTimeOutState
 .text.xTaskCheckForTimeOut
                0x08005de8       0xd0 ./common/ThirdParty/FreeRTOS/tasks.o
                0x08005de8                xTaskCheckForTimeOut
 .text.vTaskMissedYield
                0x08005eb8       0x18 ./common/ThirdParty/FreeRTOS/tasks.o
                0x08005eb8                vTaskMissedYield
 .text.prvIdleTask
                0x08005ed0       0x30 ./common/ThirdParty/FreeRTOS/tasks.o
 .text.prvInitialiseTaskLists
                0x08005f00       0x80 ./common/ThirdParty/FreeRTOS/tasks.o
 .text.prvCheckTasksWaitingTermination
                0x08005f80       0x5c ./common/ThirdParty/FreeRTOS/tasks.o
 .text.prvDeleteTCB
                0x08005fdc       0x20 ./common/ThirdParty/FreeRTOS/tasks.o
 .text.prvResetNextTaskUnblockTime
                0x08005ffc       0x38 ./common/ThirdParty/FreeRTOS/tasks.o
 .text.xTaskGetSchedulerState
                0x08006034       0x3c ./common/ThirdParty/FreeRTOS/tasks.o
                0x08006034                xTaskGetSchedulerState
 .text.xTaskPriorityDisinherit
                0x08006070      0x14c ./common/ThirdParty/FreeRTOS/tasks.o
                0x08006070                xTaskPriorityDisinherit
 .text.xTaskGenericNotifyWait
                0x080061bc      0x100 ./common/ThirdParty/FreeRTOS/tasks.o
                0x080061bc                xTaskGenericNotifyWait
 .text.xTaskGenericNotify
                0x080062bc      0x24c ./common/ThirdParty/FreeRTOS/tasks.o
                0x080062bc                xTaskGenericNotify
 .text.xTaskGenericNotifyFromISR
                0x08006508      0x2c0 ./common/ThirdParty/FreeRTOS/tasks.o
                0x08006508                xTaskGenericNotifyFromISR
 .text.prvAddCurrentTaskToDelayedList
                0x080067c8      0x100 ./common/ThirdParty/FreeRTOS/tasks.o
 .text.xTimerCreateTimerTask
                0x080068c8       0x68 ./common/ThirdParty/FreeRTOS/timers.o
                0x080068c8                xTimerCreateTimerTask
 .text.xTimerCreate
                0x08006930       0x42 ./common/ThirdParty/FreeRTOS/timers.o
                0x08006930                xTimerCreate
 .text.prvInitialiseNewTimer
                0x08006972       0x72 ./common/ThirdParty/FreeRTOS/timers.o
 .text.xTimerGenericCommand
                0x080069e4       0x9c ./common/ThirdParty/FreeRTOS/timers.o
                0x080069e4                xTimerGenericCommand
 .text.prvReloadTimer
                0x08006a80       0x42 ./common/ThirdParty/FreeRTOS/timers.o
 *fill*         0x08006ac2        0x2 
 .text.prvProcessExpiredTimer
                0x08006ac4       0x60 ./common/ThirdParty/FreeRTOS/timers.o
 .text.prvTimerTask
                0x08006b24       0x26 ./common/ThirdParty/FreeRTOS/timers.o
 *fill*         0x08006b4a        0x2 
 .text.prvProcessTimerOrBlockTask
                0x08006b4c       0x9c ./common/ThirdParty/FreeRTOS/timers.o
 .text.prvGetNextExpireTime
                0x08006be8       0x48 ./common/ThirdParty/FreeRTOS/timers.o
 .text.prvSampleTimeNow
                0x08006c30       0x40 ./common/ThirdParty/FreeRTOS/timers.o
 .text.prvInsertTimerInActiveList
                0x08006c70       0x84 ./common/ThirdParty/FreeRTOS/timers.o
 .text.prvProcessReceivedCommands
                0x08006cf4      0x184 ./common/ThirdParty/FreeRTOS/timers.o
 .text.prvSwitchTimerLists
                0x08006e78       0x4c ./common/ThirdParty/FreeRTOS/timers.o
 .text.prvCheckForValidListAndQueue
                0x08006ec4       0x6c ./common/ThirdParty/FreeRTOS/timers.o
 .text.pvTimerGetTimerID
                0x08006f30       0x42 ./common/ThirdParty/FreeRTOS/timers.o
                0x08006f30                pvTimerGetTimerID
 *fill*         0x08006f72        0x2 
 .text.pxPortInitialiseStack
                0x08006f74       0x68 ./common/ThirdParty/FreeRTOS/portable/GCC/ARM_CM4F/port.o
                0x08006f74                pxPortInitialiseStack
 .text.prvTaskExitError
                0x08006fdc       0x5c ./common/ThirdParty/FreeRTOS/portable/GCC/ARM_CM4F/port.o
 *fill*         0x08007038        0x8 
 .text.SVC_Handler
                0x08007040       0x28 ./common/ThirdParty/FreeRTOS/portable/GCC/ARM_CM4F/port.o
                0x08007040                SVC_Handler
 .text.prvPortStartFirstTask
                0x08007068       0x2c ./common/ThirdParty/FreeRTOS/portable/GCC/ARM_CM4F/port.o
 .text.xPortStartScheduler
                0x08007094      0x148 ./common/ThirdParty/FreeRTOS/portable/GCC/ARM_CM4F/port.o
                0x08007094                xPortStartScheduler
 .text.vPortEnterCritical
                0x080071dc       0x64 ./common/ThirdParty/FreeRTOS/portable/GCC/ARM_CM4F/port.o
                0x080071dc                vPortEnterCritical
 .text.vPortExitCritical
                0x08007240       0x54 ./common/ThirdParty/FreeRTOS/portable/GCC/ARM_CM4F/port.o
                0x08007240                vPortExitCritical
 *fill*         0x08007294        0xc 
 .text.PendSV_Handler
                0x080072a0       0x68 ./common/ThirdParty/FreeRTOS/portable/GCC/ARM_CM4F/port.o
                0x080072a0                PendSV_Handler
 .text.SysTick_Handler
                0x08007308       0x44 ./common/ThirdParty/FreeRTOS/portable/GCC/ARM_CM4F/port.o
                0x08007308                SysTick_Handler
 .text.vPortSetupTimerInterrupt
                0x0800734c       0x48 ./common/ThirdParty/FreeRTOS/portable/GCC/ARM_CM4F/port.o
                0x0800734c                vPortSetupTimerInterrupt
 .text.vPortEnableVFP
                0x08007394       0x18 ./common/ThirdParty/FreeRTOS/portable/GCC/ARM_CM4F/port.o
 .text.vPortValidateInterruptPriority
                0x080073ac       0x84 ./common/ThirdParty/FreeRTOS/portable/GCC/ARM_CM4F/port.o
                0x080073ac                vPortValidateInterruptPriority
 .text.pvPortMalloc
                0x08007430      0x178 ./common/ThirdParty/FreeRTOS/portable/MemMang/heap_4.o
                0x08007430                pvPortMalloc
 .text.vPortFree
                0x080075a8       0xbc ./common/ThirdParty/FreeRTOS/portable/MemMang/heap_4.o
                0x080075a8                vPortFree
 .text.prvHeapInit
                0x08007664       0xb8 ./common/ThirdParty/FreeRTOS/portable/MemMang/heap_4.o
 .text.prvInsertBlockIntoFreeList
                0x0800771c       0xb4 ./common/ThirdParty/FreeRTOS/portable/MemMang/heap_4.o
 .text.memset   0x080077d0       0x10 C:/ST/STM32CubeIDE_1.16.0/STM32CubeIDE/plugins/com.st.stm32cube.ide.mcu.externaltools.gnu-tools-for-stm32.12.3.rel1.win32_1.0.200.202406191623/tools/bin/../lib/gcc/arm-none-eabi/12.3.1/../../../../arm-none-eabi/lib/thumb/v7e-m+fp/hard\libc_nano.a(libc_a-memset.o)
                0x080077d0                memset
 .text.__libc_init_array
                0x080077e0       0x48 C:/ST/STM32CubeIDE_1.16.0/STM32CubeIDE/plugins/com.st.stm32cube.ide.mcu.externaltools.gnu-tools-for-stm32.12.3.rel1.win32_1.0.200.202406191623/tools/bin/../lib/gcc/arm-none-eabi/12.3.1/../../../../arm-none-eabi/lib/thumb/v7e-m+fp/hard\libc_nano.a(libc_a-init.o)
                0x080077e0                __libc_init_array
 .text.memcpy   0x08007828       0x1c C:/ST/STM32CubeIDE_1.16.0/STM32CubeIDE/plugins/com.st.stm32cube.ide.mcu.externaltools.gnu-tools-for-stm32.12.3.rel1.win32_1.0.200.202406191623/tools/bin/../lib/gcc/arm-none-eabi/12.3.1/../../../../arm-none-eabi/lib/thumb/v7e-m+fp/hard\libc_nano.a(libc_a-memcpy-stub.o)
                0x08007828                memcpy
 *(.glue_7)
 .glue_7        0x08007844        0x0 linker stubs
 *(.glue_7t)
 .glue_7t       0x08007844        0x0 linker stubs
 *(.eh_frame)
 .eh_frame      0x08007844        0x0 C:/ST/STM32CubeIDE_1.16.0/STM32CubeIDE/plugins/com.st.stm32cube.ide.mcu.externaltools.gnu-tools-for-stm32.12.3.rel1.win32_1.0.200.202406191623/tools/bin/../lib/gcc/arm-none-eabi/12.3.1/thumb/v7e-m+fp/hard/crtbegin.o
 *(.init)
 .init          0x08007844        0x4 C:/ST/STM32CubeIDE_1.16.0/STM32CubeIDE/plugins/com.st.stm32cube.ide.mcu.externaltools.gnu-tools-for-stm32.12.3.rel1.win32_1.0.200.202406191623/tools/bin/../lib/gcc/arm-none-eabi/12.3.1/thumb/v7e-m+fp/hard/crti.o
                0x08007844                _init
 .init          0x08007848        0x8 C:/ST/STM32CubeIDE_1.16.0/STM32CubeIDE/plugins/com.st.stm32cube.ide.mcu.externaltools.gnu-tools-for-stm32.12.3.rel1.win32_1.0.200.202406191623/tools/bin/../lib/gcc/arm-none-eabi/12.3.1/thumb/v7e-m+fp/hard/crtn.o
 *(.fini)
 .fini          0x08007850        0x4 C:/ST/STM32CubeIDE_1.16.0/STM32CubeIDE/plugins/com.st.stm32cube.ide.mcu.externaltools.gnu-tools-for-stm32.12.3.rel1.win32_1.0.200.202406191623/tools/bin/../lib/gcc/arm-none-eabi/12.3.1/thumb/v7e-m+fp/hard/crti.o
                0x08007850                _fini
 .fini          0x08007854        0x8 C:/ST/STM32CubeIDE_1.16.0/STM32CubeIDE/plugins/com.st.stm32cube.ide.mcu.externaltools.gnu-tools-for-stm32.12.3.rel1.win32_1.0.200.202406191623/tools/bin/../lib/gcc/arm-none-eabi/12.3.1/thumb/v7e-m+fp/hard/crtn.o
                0x0800785c                        . = ALIGN (0x4)
                0x0800785c                        _etext = .

.vfp11_veneer   0x0800785c        0x0
 .vfp11_veneer  0x0800785c        0x0 linker stubs

.v4_bx          0x0800785c        0x0
 .v4_bx         0x0800785c        0x0 linker stubs

.iplt           0x0800785c        0x0
 .iplt          0x0800785c        0x0 C:/ST/STM32CubeIDE_1.16.0/STM32CubeIDE/plugins/com.st.stm32cube.ide.mcu.externaltools.gnu-tools-for-stm32.12.3.rel1.win32_1.0.200.202406191623/tools/bin/../lib/gcc/arm-none-eabi/12.3.1/thumb/v7e-m+fp/hard/crtbegin.o

.rodata         0x0800785c      0x208
                0x0800785c                        . = ALIGN (0x4)
 *(.rodata)
 .rodata        0x0800785c       0x46 ./Core/Src/main.o
 *fill*         0x080078a2        0x2 
 .rodata        0x080078a4      0x18f ./Core/Src/task_handler.o
 *fill*         0x08007a33        0x1 
 .rodata        0x08007a34        0x5 ./common/ThirdParty/FreeRTOS/tasks.o
 *fill*         0x08007a39        0x3 
 .rodata        0x08007a3c        0xd ./common/ThirdParty/FreeRTOS/timers.o
 *(.rodata*)
 *fill*         0x08007a49        0x3 
 .rodata.AHBPrescTable
                0x08007a4c       0x10 ./Core/Src/system_stm32f4xx.o
                0x08007a4c                AHBPrescTable
 .rodata.APBPrescTable
                0x08007a5c        0x8 ./Core/Src/system_stm32f4xx.o
                0x08007a5c                APBPrescTable
                0x08007a64                        . = ALIGN (0x4)

.ARM.extab      0x08007a64        0x0
                0x08007a64                        . = ALIGN (0x4)
 *(.ARM.extab* .gnu.linkonce.armextab.*)
                0x08007a64                        . = ALIGN (0x4)

.ARM            0x08007a64        0x8
                0x08007a64                        . = ALIGN (0x4)
                0x08007a64                        __exidx_start = .
 *(.ARM.exidx*)
 .ARM.exidx     0x08007a64        0x8 C:/ST/STM32CubeIDE_1.16.0/STM32CubeIDE/plugins/com.st.stm32cube.ide.mcu.externaltools.gnu-tools-for-stm32.12.3.rel1.win32_1.0.200.202406191623/tools/bin/../lib/gcc/arm-none-eabi/12.3.1/../../../../arm-none-eabi/lib/thumb/v7e-m+fp/hard\libc_nano.a(libc_a-strcmp.o)
 .ARM.exidx     0x08007a6c        0x0 C:/ST/STM32CubeIDE_1.16.0/STM32CubeIDE/plugins/com.st.stm32cube.ide.mcu.externaltools.gnu-tools-for-stm32.12.3.rel1.win32_1.0.200.202406191623/tools/bin/../lib/gcc/arm-none-eabi/12.3.1/../../../../arm-none-eabi/lib/thumb/v7e-m+fp/hard\libc_nano.a(libc_a-strlen.o)
                                  0x8 (size before relaxing)
 .ARM.exidx     0x08007a6c        0x0 C:/ST/STM32CubeIDE_1.16.0/STM32CubeIDE/plugins/com.st.stm32cube.ide.mcu.externaltools.gnu-tools-for-stm32.12.3.rel1.win32_1.0.200.202406191623/tools/bin/../lib/gcc/arm-none-eabi/12.3.1/thumb/v7e-m+fp/hard\libgcc.a(_udivmoddi4.o)
                                  0x8 (size before relaxing)
                0x08007a6c                        __exidx_end = .
                0x08007a6c                        . = ALIGN (0x4)

.preinit_array  0x08007a6c        0x0
                0x08007a6c                        . = ALIGN (0x4)
                0x08007a6c                        PROVIDE (__preinit_array_start = .)
 *(.preinit_array*)
                0x08007a6c                        PROVIDE (__preinit_array_end = .)
                0x08007a6c                        . = ALIGN (0x4)

.init_array     0x08007a6c        0x4
                0x08007a6c                        . = ALIGN (0x4)
                0x08007a6c                        PROVIDE (__init_array_start = .)
 *(SORT_BY_NAME(.init_array.*))
 *(.init_array*)
 .init_array    0x08007a6c        0x4 C:/ST/STM32CubeIDE_1.16.0/STM32CubeIDE/plugins/com.st.stm32cube.ide.mcu.externaltools.gnu-tools-for-stm32.12.3.rel1.win32_1.0.200.202406191623/tools/bin/../lib/gcc/arm-none-eabi/12.3.1/thumb/v7e-m+fp/hard/crtbegin.o
                0x08007a70                        PROVIDE (__init_array_end = .)
                0x08007a70                        . = ALIGN (0x4)

.fini_array     0x08007a70        0x4
                0x08007a70                        . = ALIGN (0x4)
                [!provide]                        PROVIDE (__fini_array_start = .)
 *(SORT_BY_NAME(.fini_array.*))
 *(.fini_array*)
 .fini_array    0x08007a70        0x4 C:/ST/STM32CubeIDE_1.16.0/STM32CubeIDE/plugins/com.st.stm32cube.ide.mcu.externaltools.gnu-tools-for-stm32.12.3.rel1.win32_1.0.200.202406191623/tools/bin/../lib/gcc/arm-none-eabi/12.3.1/thumb/v7e-m+fp/hard/crtbegin.o
                [!provide]                        PROVIDE (__fini_array_end = .)
                0x08007a74                        . = ALIGN (0x4)
                0x08007a74                        _sidata = LOADADDR (.data)

.rel.dyn        0x08007a74        0x0
 .rel.iplt      0x08007a74        0x0 C:/ST/STM32CubeIDE_1.16.0/STM32CubeIDE/plugins/com.st.stm32cube.ide.mcu.externaltools.gnu-tools-for-stm32.12.3.rel1.win32_1.0.200.202406191623/tools/bin/../lib/gcc/arm-none-eabi/12.3.1/thumb/v7e-m+fp/hard/crtbegin.o

.data           0x20000000       0x14 load address 0x08007a74
                0x20000000                        . = ALIGN (0x4)
                0x20000000                        _sdata = .
 *(.data)
 *(.data*)
 .data.SystemCoreClock
                0x20000000        0x4 ./Core/Src/system_stm32f4xx.o
                0x20000000                SystemCoreClock
 .data.uwTickPrio
                0x20000004        0x4 ./Drivers/STM32F4xx_HAL_Driver/Src/stm32f4xx_hal.o
                0x20000004                uwTickPrio
 .data.uwTickFreq
                0x20000008        0x1 ./Drivers/STM32F4xx_HAL_Driver/Src/stm32f4xx_hal.o
                0x20000008                uwTickFreq
 *fill*         0x20000009        0x3 
 .data.uxTopUsedPriority
                0x2000000c        0x4 ./common/ThirdParty/FreeRTOS/tasks.o
                0x2000000c                uxTopUsedPriority
 .data.uxCriticalNesting
                0x20000010        0x4 ./common/ThirdParty/FreeRTOS/portable/GCC/ARM_CM4F/port.o
 *(.RamFunc)
 *(.RamFunc*)
                0x20000014                        . = ALIGN (0x4)
                0x20000014                        _edata = .

.igot.plt       0x20000014        0x0 load address 0x08007a88
 .igot.plt      0x20000014        0x0 C:/ST/STM32CubeIDE_1.16.0/STM32CubeIDE/plugins/com.st.stm32cube.ide.mcu.externaltools.gnu-tools-for-stm32.12.3.rel1.win32_1.0.200.202406191623/tools/bin/../lib/gcc/arm-none-eabi/12.3.1/thumb/v7e-m+fp/hard/crtbegin.o
                0x20000014                        . = ALIGN (0x4)

.bss            0x20000014    0x12ea4 load address 0x08007a88
                0x20000014                        _sbss = .
                0x20000014                        __bss_start__ = _sbss
 *(.bss)
 .bss           0x20000014       0x1c C:/ST/STM32CubeIDE_1.16.0/STM32CubeIDE/plugins/com.st.stm32cube.ide.mcu.externaltools.gnu-tools-for-stm32.12.3.rel1.win32_1.0.200.202406191623/tools/bin/../lib/gcc/arm-none-eabi/12.3.1/thumb/v7e-m+fp/hard/crtbegin.o
 *(.bss*)
 .bss.hrtc      0x20000030       0x20 ./Core/Src/main.o
                0x20000030                hrtc
 .bss.huart2    0x20000050       0x48 ./Core/Src/main.o
                0x20000050                huart2
 .bss.menu_task_handle
                0x20000098        0x4 ./Core/Src/main.o
                0x20000098                menu_task_handle
 .bss.cmd_task_handle
                0x2000009c        0x4 ./Core/Src/main.o
                0x2000009c                cmd_task_handle
 .bss.print_task_handle
                0x200000a0        0x4 ./Core/Src/main.o
                0x200000a0                print_task_handle
 .bss.led_task_handle
                0x200000a4        0x4 ./Core/Src/main.o
                0x200000a4                led_task_handle
 .bss.rtc_task_handle
                0x200000a8        0x4 ./Core/Src/main.o
                0x200000a8                rtc_task_handle
 .bss.q_data    0x200000ac        0x4 ./Core/Src/main.o
                0x200000ac                q_data
 .bss.q_print   0x200000b0        0x4 ./Core/Src/main.o
                0x200000b0                q_print
 .bss.led_timer_handle
                0x200000b4       0x10 ./Core/Src/main.o
                0x200000b4                led_timer_handle
 .bss.curr_state
                0x200000c4        0x1 ./Core/Src/main.o
                0x200000c4                curr_state
 .bss.user_data
                0x200000c5        0x1 ./Core/Src/main.o
                0x200000c5                user_data
 *fill*         0x200000c6        0x2 
 .bss.htim6     0x200000c8       0x48 ./Core/Src/stm32f4xx_hal_timebase_tim.o
                0x200000c8                htim6
 .bss.uwTick    0x20000110        0x4 ./Drivers/STM32F4xx_HAL_Driver/Src/stm32f4xx_hal.o
                0x20000110                uwTick
 .bss.xQueueRegistry
                0x20000114       0x40 ./common/ThirdParty/FreeRTOS/queue.o
                0x20000114                xQueueRegistry
 .bss.pxCurrentTCB
                0x20000154        0x4 ./common/ThirdParty/FreeRTOS/tasks.o
                0x20000154                pxCurrentTCB
 .bss.pxReadyTasksLists
                0x20000158       0x64 ./common/ThirdParty/FreeRTOS/tasks.o
 .bss.xDelayedTaskList1
                0x200001bc       0x14 ./common/ThirdParty/FreeRTOS/tasks.o
 .bss.xDelayedTaskList2
                0x200001d0       0x14 ./common/ThirdParty/FreeRTOS/tasks.o
 .bss.pxDelayedTaskList
                0x200001e4        0x4 ./common/ThirdParty/FreeRTOS/tasks.o
 .bss.pxOverflowDelayedTaskList
                0x200001e8        0x4 ./common/ThirdParty/FreeRTOS/tasks.o
 .bss.xPendingReadyList
                0x200001ec       0x14 ./common/ThirdParty/FreeRTOS/tasks.o
 .bss.xTasksWaitingTermination
                0x20000200       0x14 ./common/ThirdParty/FreeRTOS/tasks.o
 .bss.uxDeletedTasksWaitingCleanUp
                0x20000214        0x4 ./common/ThirdParty/FreeRTOS/tasks.o
 .bss.xSuspendedTaskList
                0x20000218       0x14 ./common/ThirdParty/FreeRTOS/tasks.o
 .bss.uxCurrentNumberOfTasks
                0x2000022c        0x4 ./common/ThirdParty/FreeRTOS/tasks.o
 .bss.xTickCount
                0x20000230        0x4 ./common/ThirdParty/FreeRTOS/tasks.o
 .bss.uxTopReadyPriority
                0x20000234        0x4 ./common/ThirdParty/FreeRTOS/tasks.o
 .bss.xSchedulerRunning
                0x20000238        0x4 ./common/ThirdParty/FreeRTOS/tasks.o
 .bss.xPendedTicks
                0x2000023c        0x4 ./common/ThirdParty/FreeRTOS/tasks.o
 .bss.xYieldPending
                0x20000240        0x4 ./common/ThirdParty/FreeRTOS/tasks.o
 .bss.xNumOfOverflows
                0x20000244        0x4 ./common/ThirdParty/FreeRTOS/tasks.o
 .bss.uxTaskNumber
                0x20000248        0x4 ./common/ThirdParty/FreeRTOS/tasks.o
 .bss.xNextTaskUnblockTime
                0x2000024c        0x4 ./common/ThirdParty/FreeRTOS/tasks.o
 .bss.xIdleTaskHandle
                0x20000250        0x4 ./common/ThirdParty/FreeRTOS/tasks.o
 .bss.uxSchedulerSuspended
                0x20000254        0x4 ./common/ThirdParty/FreeRTOS/tasks.o
 .bss.xActiveTimerList1
                0x20000258       0x14 ./common/ThirdParty/FreeRTOS/timers.o
 .bss.xActiveTimerList2
                0x2000026c       0x14 ./common/ThirdParty/FreeRTOS/timers.o
 .bss.pxCurrentTimerList
                0x20000280        0x4 ./common/ThirdParty/FreeRTOS/timers.o
 .bss.pxOverflowTimerList
                0x20000284        0x4 ./common/ThirdParty/FreeRTOS/timers.o
 .bss.xTimerQueue
                0x20000288        0x4 ./common/ThirdParty/FreeRTOS/timers.o
 .bss.xTimerTaskHandle
                0x2000028c        0x4 ./common/ThirdParty/FreeRTOS/timers.o
 .bss.xLastTime.0
                0x20000290        0x4 ./common/ThirdParty/FreeRTOS/timers.o
 .bss.ucMaxSysCallPriority
                0x20000294        0x1 ./common/ThirdParty/FreeRTOS/portable/GCC/ARM_CM4F/port.o
 *fill*         0x20000295        0x3 
 .bss.ulMaxPRIGROUPValue
                0x20000298        0x4 ./common/ThirdParty/FreeRTOS/portable/GCC/ARM_CM4F/port.o
 .bss.ucHeap    0x2000029c    0x12c00 ./common/ThirdParty/FreeRTOS/portable/MemMang/heap_4.o
 .bss.xStart    0x20012e9c        0x8 ./common/ThirdParty/FreeRTOS/portable/MemMang/heap_4.o
 .bss.pxEnd     0x20012ea4        0x4 ./common/ThirdParty/FreeRTOS/portable/MemMang/heap_4.o
 .bss.xFreeBytesRemaining
                0x20012ea8        0x4 ./common/ThirdParty/FreeRTOS/portable/MemMang/heap_4.o
 .bss.xMinimumEverFreeBytesRemaining
                0x20012eac        0x4 ./common/ThirdParty/FreeRTOS/portable/MemMang/heap_4.o
 .bss.xNumberOfSuccessfulAllocations
                0x20012eb0        0x4 ./common/ThirdParty/FreeRTOS/portable/MemMang/heap_4.o
 .bss.xNumberOfSuccessfulFrees
                0x20012eb4        0x4 ./common/ThirdParty/FreeRTOS/portable/MemMang/heap_4.o
 *(COMMON)
                0x20012eb8                        . = ALIGN (0x4)
                0x20012eb8                        _ebss = .
                0x20012eb8                        __bss_end__ = _ebss

._user_heap_stack
                0x20012eb8      0x600 load address 0x08007a88
                0x20012eb8                        . = ALIGN (0x8)
                [!provide]                        PROVIDE (end = .)
                0x20012eb8                        PROVIDE (_end = .)
                0x200130b8                        . = (. + _Min_Heap_Size)
 *fill*         0x20012eb8      0x200 
                0x200134b8                        . = (. + _Min_Stack_Size)
 *fill*         0x200130b8      0x400 
                0x200134b8                        . = ALIGN (0x8)

/DISCARD/
 libc.a(*)
 libm.a(*)
 libgcc.a(*)

.ARM.attributes
                0x00000000       0x30
 *(.ARM.attributes)
 .ARM.attributes
                0x00000000       0x22 C:/ST/STM32CubeIDE_1.16.0/STM32CubeIDE/plugins/com.st.stm32cube.ide.mcu.externaltools.gnu-tools-for-stm32.12.3.rel1.win32_1.0.200.202406191623/tools/bin/../lib/gcc/arm-none-eabi/12.3.1/thumb/v7e-m+fp/hard/crti.o
 .ARM.attributes
                0x00000022       0x34 C:/ST/STM32CubeIDE_1.16.0/STM32CubeIDE/plugins/com.st.stm32cube.ide.mcu.externaltools.gnu-tools-for-stm32.12.3.rel1.win32_1.0.200.202406191623/tools/bin/../lib/gcc/arm-none-eabi/12.3.1/thumb/v7e-m+fp/hard/crtbegin.o
 .ARM.attributes
                0x00000056       0x34 ./Core/Src/led_effect.o
 .ARM.attributes
                0x0000008a       0x34 ./Core/Src/main.o
 .ARM.attributes
                0x000000be       0x34 ./Core/Src/stm32f4xx_hal_msp.o
 .ARM.attributes
                0x000000f2       0x34 ./Core/Src/stm32f4xx_hal_timebase_tim.o
 .ARM.attributes
                0x00000126       0x34 ./Core/Src/stm32f4xx_it.o
 .ARM.attributes
                0x0000015a       0x34 ./Core/Src/system_stm32f4xx.o
 .ARM.attributes
                0x0000018e       0x34 ./Core/Src/task_handler.o
 .ARM.attributes
                0x000001c2       0x21 ./Core/Startup/startup_stm32f446retx.o
 .ARM.attributes
                0x000001e3       0x34 ./Drivers/STM32F4xx_HAL_Driver/Src/stm32f4xx_hal.o
 .ARM.attributes
                0x00000217       0x34 ./Drivers/STM32F4xx_HAL_Driver/Src/stm32f4xx_hal_cortex.o
 .ARM.attributes
                0x0000024b       0x34 ./Drivers/STM32F4xx_HAL_Driver/Src/stm32f4xx_hal_dma.o
 .ARM.attributes
                0x0000027f       0x34 ./Drivers/STM32F4xx_HAL_Driver/Src/stm32f4xx_hal_gpio.o
 .ARM.attributes
                0x000002b3       0x34 ./Drivers/STM32F4xx_HAL_Driver/Src/stm32f4xx_hal_rcc.o
 .ARM.attributes
                0x000002e7       0x34 ./Drivers/STM32F4xx_HAL_Driver/Src/stm32f4xx_hal_rcc_ex.o
 .ARM.attributes
                0x0000031b       0x34 ./Drivers/STM32F4xx_HAL_Driver/Src/stm32f4xx_hal_rtc.o
 .ARM.attributes
                0x0000034f       0x34 ./Drivers/STM32F4xx_HAL_Driver/Src/stm32f4xx_hal_tim.o
 .ARM.attributes
                0x00000383       0x34 ./Drivers/STM32F4xx_HAL_Driver/Src/stm32f4xx_hal_tim_ex.o
 .ARM.attributes
                0x000003b7       0x34 ./Drivers/STM32F4xx_HAL_Driver/Src/stm32f4xx_hal_uart.o
 .ARM.attributes
                0x000003eb       0x34 ./common/ThirdParty/FreeRTOS/list.o
 .ARM.attributes
                0x0000041f       0x34 ./common/ThirdParty/FreeRTOS/queue.o
 .ARM.attributes
                0x00000453       0x34 ./common/ThirdParty/FreeRTOS/tasks.o
 .ARM.attributes
                0x00000487       0x34 ./common/ThirdParty/FreeRTOS/timers.o
 .ARM.attributes
                0x000004bb       0x34 ./common/ThirdParty/FreeRTOS/portable/GCC/ARM_CM4F/port.o
 .ARM.attributes
                0x000004ef       0x34 ./common/ThirdParty/FreeRTOS/portable/MemMang/heap_4.o
 .ARM.attributes
                0x00000523       0x34 C:/ST/STM32CubeIDE_1.16.0/STM32CubeIDE/plugins/com.st.stm32cube.ide.mcu.externaltools.gnu-tools-for-stm32.12.3.rel1.win32_1.0.200.202406191623/tools/bin/../lib/gcc/arm-none-eabi/12.3.1/../../../../arm-none-eabi/lib/thumb/v7e-m+fp/hard\libc_nano.a(libc_a-memset.o)
 .ARM.attributes
                0x00000557       0x34 C:/ST/STM32CubeIDE_1.16.0/STM32CubeIDE/plugins/com.st.stm32cube.ide.mcu.externaltools.gnu-tools-for-stm32.12.3.rel1.win32_1.0.200.202406191623/tools/bin/../lib/gcc/arm-none-eabi/12.3.1/../../../../arm-none-eabi/lib/thumb/v7e-m+fp/hard\libc_nano.a(libc_a-init.o)
 .ARM.attributes
                0x0000058b       0x20 C:/ST/STM32CubeIDE_1.16.0/STM32CubeIDE/plugins/com.st.stm32cube.ide.mcu.externaltools.gnu-tools-for-stm32.12.3.rel1.win32_1.0.200.202406191623/tools/bin/../lib/gcc/arm-none-eabi/12.3.1/../../../../arm-none-eabi/lib/thumb/v7e-m+fp/hard\libc_nano.a(libc_a-strcmp.o)
 .ARM.attributes
                0x000005ab       0x34 C:/ST/STM32CubeIDE_1.16.0/STM32CubeIDE/plugins/com.st.stm32cube.ide.mcu.externaltools.gnu-tools-for-stm32.12.3.rel1.win32_1.0.200.202406191623/tools/bin/../lib/gcc/arm-none-eabi/12.3.1/../../../../arm-none-eabi/lib/thumb/v7e-m+fp/hard\libc_nano.a(libc_a-memcpy-stub.o)
 .ARM.attributes
                0x000005df       0x17 C:/ST/STM32CubeIDE_1.16.0/STM32CubeIDE/plugins/com.st.stm32cube.ide.mcu.externaltools.gnu-tools-for-stm32.12.3.rel1.win32_1.0.200.202406191623/tools/bin/../lib/gcc/arm-none-eabi/12.3.1/../../../../arm-none-eabi/lib/thumb/v7e-m+fp/hard\libc_nano.a(libc_a-strlen.o)
 .ARM.attributes
                0x000005f6       0x22 C:/ST/STM32CubeIDE_1.16.0/STM32CubeIDE/plugins/com.st.stm32cube.ide.mcu.externaltools.gnu-tools-for-stm32.12.3.rel1.win32_1.0.200.202406191623/tools/bin/../lib/gcc/arm-none-eabi/12.3.1/thumb/v7e-m+fp/hard\libgcc.a(_aeabi_uldivmod.o)
 .ARM.attributes
                0x00000618       0x34 C:/ST/STM32CubeIDE_1.16.0/STM32CubeIDE/plugins/com.st.stm32cube.ide.mcu.externaltools.gnu-tools-for-stm32.12.3.rel1.win32_1.0.200.202406191623/tools/bin/../lib/gcc/arm-none-eabi/12.3.1/thumb/v7e-m+fp/hard\libgcc.a(_udivmoddi4.o)
 .ARM.attributes
                0x0000064c       0x22 C:/ST/STM32CubeIDE_1.16.0/STM32CubeIDE/plugins/com.st.stm32cube.ide.mcu.externaltools.gnu-tools-for-stm32.12.3.rel1.win32_1.0.200.202406191623/tools/bin/../lib/gcc/arm-none-eabi/12.3.1/thumb/v7e-m+fp/hard\libgcc.a(_dvmd_tls.o)
 .ARM.attributes
                0x0000066e       0x22 C:/ST/STM32CubeIDE_1.16.0/STM32CubeIDE/plugins/com.st.stm32cube.ide.mcu.externaltools.gnu-tools-for-stm32.12.3.rel1.win32_1.0.200.202406191623/tools/bin/../lib/gcc/arm-none-eabi/12.3.1/thumb/v7e-m+fp/hard/crtn.o
OUTPUT(Queues.elf elf32-littlearm)
LOAD linker stubs
LOAD C:/ST/STM32CubeIDE_1.16.0/STM32CubeIDE/plugins/com.st.stm32cube.ide.mcu.externaltools.gnu-tools-for-stm32.12.3.rel1.win32_1.0.200.202406191623/tools/bin/../lib/gcc/arm-none-eabi/12.3.1/../../../../arm-none-eabi/lib/thumb/v7e-m+fp/hard\libc.a
LOAD C:/ST/STM32CubeIDE_1.16.0/STM32CubeIDE/plugins/com.st.stm32cube.ide.mcu.externaltools.gnu-tools-for-stm32.12.3.rel1.win32_1.0.200.202406191623/tools/bin/../lib/gcc/arm-none-eabi/12.3.1/../../../../arm-none-eabi/lib/thumb/v7e-m+fp/hard\libm.a
LOAD C:/ST/STM32CubeIDE_1.16.0/STM32CubeIDE/plugins/com.st.stm32cube.ide.mcu.externaltools.gnu-tools-for-stm32.12.3.rel1.win32_1.0.200.202406191623/tools/bin/../lib/gcc/arm-none-eabi/12.3.1/thumb/v7e-m+fp/hard\libgcc.a

.debug_info     0x00000000    0x15d0d
 .debug_info    0x00000000      0x2a0 ./Core/Src/led_effect.o
 .debug_info    0x000002a0     0x1897 ./Core/Src/main.o
 .debug_info    0x00001b37     0x1125 ./Core/Src/stm32f4xx_hal_msp.o
 .debug_info    0x00002c5c      0xc44 ./Core/Src/stm32f4xx_hal_timebase_tim.o
 .debug_info    0x000038a0      0x95c ./Core/Src/stm32f4xx_it.o
 .debug_info    0x000041fc      0x54a ./Core/Src/system_stm32f4xx.o
 .debug_info    0x00004746      0xa69 ./Core/Src/task_handler.o
 .debug_info    0x000051af       0x30 ./Core/Startup/startup_stm32f446retx.o
 .debug_info    0x000051df      0x99a ./Drivers/STM32F4xx_HAL_Driver/Src/stm32f4xx_hal.o
 .debug_info    0x00005b79      0xd75 ./Drivers/STM32F4xx_HAL_Driver/Src/stm32f4xx_hal_cortex.o
 .debug_info    0x000068ee      0x8e7 ./Drivers/STM32F4xx_HAL_Driver/Src/stm32f4xx_hal_dma.o
 .debug_info    0x000071d5      0x70b ./Drivers/STM32F4xx_HAL_Driver/Src/stm32f4xx_hal_gpio.o
 .debug_info    0x000078e0      0x8ed ./Drivers/STM32F4xx_HAL_Driver/Src/stm32f4xx_hal_rcc.o
 .debug_info    0x000081cd      0x956 ./Drivers/STM32F4xx_HAL_Driver/Src/stm32f4xx_hal_rcc_ex.o
 .debug_info    0x00008b23      0xc20 ./Drivers/STM32F4xx_HAL_Driver/Src/stm32f4xx_hal_rtc.o
 .debug_info    0x00009743     0x299d ./Drivers/STM32F4xx_HAL_Driver/Src/stm32f4xx_hal_tim.o
 .debug_info    0x0000c0e0     0x14db ./Drivers/STM32F4xx_HAL_Driver/Src/stm32f4xx_hal_tim_ex.o
 .debug_info    0x0000d5bb     0x2f4f ./Drivers/STM32F4xx_HAL_Driver/Src/stm32f4xx_hal_uart.o
 .debug_info    0x0001050a      0x2af ./common/ThirdParty/FreeRTOS/list.o
 .debug_info    0x000107b9     0x184f ./common/ThirdParty/FreeRTOS/queue.o
 .debug_info    0x00012008     0x2440 ./common/ThirdParty/FreeRTOS/tasks.o
 .debug_info    0x00014448      0xe20 ./common/ThirdParty/FreeRTOS/timers.o
 .debug_info    0x00015268      0x582 ./common/ThirdParty/FreeRTOS/portable/GCC/ARM_CM4F/port.o
 .debug_info    0x000157ea      0x523 ./common/ThirdParty/FreeRTOS/portable/MemMang/heap_4.o

.debug_abbrev   0x00000000     0x35cd
 .debug_abbrev  0x00000000      0x19a ./Core/Src/led_effect.o
 .debug_abbrev  0x0000019a      0x3ad ./Core/Src/main.o
 .debug_abbrev  0x00000547      0x210 ./Core/Src/stm32f4xx_hal_msp.o
 .debug_abbrev  0x00000757      0x1f4 ./Core/Src/stm32f4xx_hal_timebase_tim.o
 .debug_abbrev  0x0000094b      0x188 ./Core/Src/stm32f4xx_it.o
 .debug_abbrev  0x00000ad3      0x11a ./Core/Src/system_stm32f4xx.o
 .debug_abbrev  0x00000bed      0x24f ./Core/Src/task_handler.o
 .debug_abbrev  0x00000e3c       0x24 ./Core/Startup/startup_stm32f446retx.o
 .debug_abbrev  0x00000e60      0x214 ./Drivers/STM32F4xx_HAL_Driver/Src/stm32f4xx_hal.o
 .debug_abbrev  0x00001074      0x328 ./Drivers/STM32F4xx_HAL_Driver/Src/stm32f4xx_hal_cortex.o
 .debug_abbrev  0x0000139c      0x264 ./Drivers/STM32F4xx_HAL_Driver/Src/stm32f4xx_hal_dma.o
 .debug_abbrev  0x00001600      0x1d4 ./Drivers/STM32F4xx_HAL_Driver/Src/stm32f4xx_hal_gpio.o
 .debug_abbrev  0x000017d4      0x2b6 ./Drivers/STM32F4xx_HAL_Driver/Src/stm32f4xx_hal_rcc.o
 .debug_abbrev  0x00001a8a      0x20a ./Drivers/STM32F4xx_HAL_Driver/Src/stm32f4xx_hal_rcc_ex.o
 .debug_abbrev  0x00001c94      0x1ee ./Drivers/STM32F4xx_HAL_Driver/Src/stm32f4xx_hal_rtc.o
 .debug_abbrev  0x00001e82      0x278 ./Drivers/STM32F4xx_HAL_Driver/Src/stm32f4xx_hal_tim.o
 .debug_abbrev  0x000020fa      0x283 ./Drivers/STM32F4xx_HAL_Driver/Src/stm32f4xx_hal_tim_ex.o
 .debug_abbrev  0x0000237d      0x30e ./Drivers/STM32F4xx_HAL_Driver/Src/stm32f4xx_hal_uart.o
 .debug_abbrev  0x0000268b       0xf5 ./common/ThirdParty/FreeRTOS/list.o
 .debug_abbrev  0x00002780      0x323 ./common/ThirdParty/FreeRTOS/queue.o
 .debug_abbrev  0x00002aa3      0x3af ./common/ThirdParty/FreeRTOS/tasks.o
 .debug_abbrev  0x00002e52      0x2cb ./common/ThirdParty/FreeRTOS/timers.o
 .debug_abbrev  0x0000311d      0x25a ./common/ThirdParty/FreeRTOS/portable/GCC/ARM_CM4F/port.o
 .debug_abbrev  0x00003377      0x256 ./common/ThirdParty/FreeRTOS/portable/MemMang/heap_4.o

.debug_aranges  0x00000000     0x1370
 .debug_aranges
                0x00000000       0x48 ./Core/Src/led_effect.o
 .debug_aranges
                0x00000048       0x60 ./Core/Src/main.o
 .debug_aranges
                0x000000a8       0x40 ./Core/Src/stm32f4xx_hal_msp.o
 .debug_aranges
                0x000000e8       0x30 ./Core/Src/stm32f4xx_hal_timebase_tim.o
 .debug_aranges
                0x00000118       0x58 ./Core/Src/stm32f4xx_it.o
 .debug_aranges
                0x00000170       0x28 ./Core/Src/system_stm32f4xx.o
 .debug_aranges
                0x00000198       0x50 ./Core/Src/task_handler.o
 .debug_aranges
                0x000001e8       0x28 ./Core/Startup/startup_stm32f446retx.o
 .debug_aranges
                0x00000210       0xf0 ./Drivers/STM32F4xx_HAL_Driver/Src/stm32f4xx_hal.o
 .debug_aranges
                0x00000300      0x120 ./Drivers/STM32F4xx_HAL_Driver/Src/stm32f4xx_hal_cortex.o
 .debug_aranges
                0x00000420       0x90 ./Drivers/STM32F4xx_HAL_Driver/Src/stm32f4xx_hal_dma.o
 .debug_aranges
                0x000004b0       0x58 ./Drivers/STM32F4xx_HAL_Driver/Src/stm32f4xx_hal_gpio.o
 .debug_aranges
                0x00000508       0x88 ./Drivers/STM32F4xx_HAL_Driver/Src/stm32f4xx_hal_rcc.o
 .debug_aranges
                0x00000590       0x78 ./Drivers/STM32F4xx_HAL_Driver/Src/stm32f4xx_hal_rcc_ex.o
 .debug_aranges
                0x00000608       0xe8 ./Drivers/STM32F4xx_HAL_Driver/Src/stm32f4xx_hal_rtc.o
 .debug_aranges
                0x000006f0      0x3d0 ./Drivers/STM32F4xx_HAL_Driver/Src/stm32f4xx_hal_tim.o
 .debug_aranges
                0x00000ac0      0x168 ./Drivers/STM32F4xx_HAL_Driver/Src/stm32f4xx_hal_tim_ex.o
 .debug_aranges
                0x00000c28      0x208 ./Drivers/STM32F4xx_HAL_Driver/Src/stm32f4xx_hal_uart.o
 .debug_aranges
                0x00000e30       0x40 ./common/ThirdParty/FreeRTOS/list.o
 .debug_aranges
                0x00000e70      0x130 ./common/ThirdParty/FreeRTOS/queue.o
 .debug_aranges
                0x00000fa0      0x200 ./common/ThirdParty/FreeRTOS/tasks.o
 .debug_aranges
                0x000011a0       0xe8 ./common/ThirdParty/FreeRTOS/timers.o
 .debug_aranges
                0x00001288       0x88 ./common/ThirdParty/FreeRTOS/portable/GCC/ARM_CM4F/port.o
 .debug_aranges
                0x00001310       0x60 ./common/ThirdParty/FreeRTOS/portable/MemMang/heap_4.o

.debug_rnglists
                0x00000000      0xf1d
 .debug_rnglists
                0x00000000       0x31 ./Core/Src/led_effect.o
 .debug_rnglists
                0x00000031       0x47 ./Core/Src/main.o
 .debug_rnglists
                0x00000078       0x2c ./Core/Src/stm32f4xx_hal_msp.o
 .debug_rnglists
                0x000000a4       0x20 ./Core/Src/stm32f4xx_hal_timebase_tim.o
 .debug_rnglists
                0x000000c4       0x3d ./Core/Src/stm32f4xx_it.o
 .debug_rnglists
                0x00000101       0x1a ./Core/Src/system_stm32f4xx.o
 .debug_rnglists
                0x0000011b       0x39 ./Core/Src/task_handler.o
 .debug_rnglists
                0x00000154       0x19 ./Core/Startup/startup_stm32f446retx.o
 .debug_rnglists
                0x0000016d       0xaf ./Drivers/STM32F4xx_HAL_Driver/Src/stm32f4xx_hal.o
 .debug_rnglists
                0x0000021c       0xd4 ./Drivers/STM32F4xx_HAL_Driver/Src/stm32f4xx_hal_cortex.o
 .debug_rnglists
                0x000002f0       0x70 ./Drivers/STM32F4xx_HAL_Driver/Src/stm32f4xx_hal_dma.o
 .debug_rnglists
                0x00000360       0x3f ./Drivers/STM32F4xx_HAL_Driver/Src/stm32f4xx_hal_gpio.o
 .debug_rnglists
                0x0000039f       0x66 ./Drivers/STM32F4xx_HAL_Driver/Src/stm32f4xx_hal_rcc.o
 .debug_rnglists
                0x00000405       0x5e ./Drivers/STM32F4xx_HAL_Driver/Src/stm32f4xx_hal_rcc_ex.o
 .debug_rnglists
                0x00000463       0xb4 ./Drivers/STM32F4xx_HAL_Driver/Src/stm32f4xx_hal_rtc.o
 .debug_rnglists
                0x00000517      0x31a ./Drivers/STM32F4xx_HAL_Driver/Src/stm32f4xx_hal_tim.o
 .debug_rnglists
                0x00000831      0x125 ./Drivers/STM32F4xx_HAL_Driver/Src/stm32f4xx_hal_tim_ex.o
 .debug_rnglists
                0x00000956      0x1bc ./Drivers/STM32F4xx_HAL_Driver/Src/stm32f4xx_hal_uart.o
 .debug_rnglists
                0x00000b12       0x2b ./common/ThirdParty/FreeRTOS/list.o
 .debug_rnglists
                0x00000b3d       0xec ./common/ThirdParty/FreeRTOS/queue.o
 .debug_rnglists
                0x00000c29      0x19b ./common/ThirdParty/FreeRTOS/tasks.o
 .debug_rnglists
                0x00000dc4       0xad ./common/ThirdParty/FreeRTOS/timers.o
 .debug_rnglists
                0x00000e71       0x64 ./common/ThirdParty/FreeRTOS/portable/GCC/ARM_CM4F/port.o
 .debug_rnglists
                0x00000ed5       0x48 ./common/ThirdParty/FreeRTOS/portable/MemMang/heap_4.o

.debug_macro    0x00000000    0x24bd8
 .debug_macro   0x00000000      0x381 ./Core/Src/led_effect.o
 .debug_macro   0x00000381      0xab4 ./Core/Src/led_effect.o
 .debug_macro   0x00000e35      0x2a1 ./Core/Src/led_effect.o
 .debug_macro   0x000010d6       0x2e ./Core/Src/led_effect.o
 .debug_macro   0x00001104       0x28 ./Core/Src/led_effect.o
 .debug_macro   0x0000112c       0x22 ./Core/Src/led_effect.o
 .debug_macro   0x0000114e       0x8e ./Core/Src/led_effect.o
 .debug_macro   0x000011dc       0x51 ./Core/Src/led_effect.o
 .debug_macro   0x0000122d      0x103 ./Core/Src/led_effect.o
 .debug_macro   0x00001330       0x6a ./Core/Src/led_effect.o
 .debug_macro   0x0000139a      0x1df ./Core/Src/led_effect.o
 .debug_macro   0x00001579       0x1c ./Core/Src/led_effect.o
 .debug_macro   0x00001595       0x22 ./Core/Src/led_effect.o
 .debug_macro   0x000015b7       0xfb ./Core/Src/led_effect.o
 .debug_macro   0x000016b2     0x1011 ./Core/Src/led_effect.o
 .debug_macro   0x000026c3      0x11f ./Core/Src/led_effect.o
 .debug_macro   0x000027e2    0x16749 ./Core/Src/led_effect.o
 .debug_macro   0x00018f2b       0x6d ./Core/Src/led_effect.o
 .debug_macro   0x00018f98     0x368c ./Core/Src/led_effect.o
 .debug_macro   0x0001c624      0x189 ./Core/Src/led_effect.o
 .debug_macro   0x0001c7ad       0x5c ./Core/Src/led_effect.o
 .debug_macro   0x0001c809      0xca5 ./Core/Src/led_effect.o
 .debug_macro   0x0001d4ae      0x9e9 ./Core/Src/led_effect.o
 .debug_macro   0x0001de97      0x115 ./Core/Src/led_effect.o
 .debug_macro   0x0001dfac      0x1a0 ./Core/Src/led_effect.o
 .debug_macro   0x0001e14c       0xa5 ./Core/Src/led_effect.o
 .debug_macro   0x0001e1f1      0x16d ./Core/Src/led_effect.o
 .debug_macro   0x0001e35e      0x287 ./Core/Src/led_effect.o
 .debug_macro   0x0001e5e5       0x5f ./Core/Src/led_effect.o
 .debug_macro   0x0001e644      0x236 ./Core/Src/led_effect.o
 .debug_macro   0x0001e87a      0x132 ./Core/Src/led_effect.o
 .debug_macro   0x0001e9ac      0x29c ./Core/Src/led_effect.o
 .debug_macro   0x0001ec48       0x2e ./Core/Src/led_effect.o
 .debug_macro   0x0001ec76      0x127 ./Core/Src/led_effect.o
 .debug_macro   0x0001ed9d       0xe8 ./Core/Src/led_effect.o
 .debug_macro   0x0001ee85       0x89 ./Core/Src/led_effect.o
 .debug_macro   0x0001ef0e      0x30c ./Core/Src/led_effect.o
 .debug_macro   0x0001f21a      0x44b ./Core/Src/led_effect.o
 .debug_macro   0x0001f665       0xeb ./Core/Src/led_effect.o
 .debug_macro   0x0001f750      0x8ed ./Core/Src/led_effect.o
 .debug_macro   0x0002003d       0x53 ./Core/Src/led_effect.o
 .debug_macro   0x00020090      0x2aa ./Core/Src/led_effect.o
 .debug_macro   0x0002033a      0x126 ./Core/Src/led_effect.o
 .debug_macro   0x00020460       0x61 ./Core/Src/led_effect.o
 .debug_macro   0x000204c1       0x2a ./Core/Src/led_effect.o
 .debug_macro   0x000204eb       0x43 ./Core/Src/led_effect.o
 .debug_macro   0x0002052e       0x34 ./Core/Src/led_effect.o
 .debug_macro   0x00020562       0x16 ./Core/Src/led_effect.o
 .debug_macro   0x00020578       0x43 ./Core/Src/led_effect.o
 .debug_macro   0x000205bb       0x34 ./Core/Src/led_effect.o
 .debug_macro   0x000205ef       0x10 ./Core/Src/led_effect.o
 .debug_macro   0x000205ff       0x58 ./Core/Src/led_effect.o
 .debug_macro   0x00020657       0x8e ./Core/Src/led_effect.o
 .debug_macro   0x000206e5       0x1c ./Core/Src/led_effect.o
 .debug_macro   0x00020701      0x177 ./Core/Src/led_effect.o
 .debug_macro   0x00020878      0x369 ./Core/Src/led_effect.o
 .debug_macro   0x00020be1       0x10 ./Core/Src/led_effect.o
 .debug_macro   0x00020bf1       0x35 ./Core/Src/led_effect.o
 .debug_macro   0x00020c26       0x20 ./Core/Src/led_effect.o
 .debug_macro   0x00020c46       0x1c ./Core/Src/led_effect.o
 .debug_macro   0x00020c62       0x10 ./Core/Src/led_effect.o
 .debug_macro   0x00020c72       0x1c ./Core/Src/led_effect.o
 .debug_macro   0x00020c8e       0x16 ./Core/Src/led_effect.o
 .debug_macro   0x00020ca4      0x146 ./Core/Src/led_effect.o
 .debug_macro   0x00020dea      0x106 ./Core/Src/led_effect.o
 .debug_macro   0x00020ef0      0x15a ./Core/Src/led_effect.o
 .debug_macro   0x0002104a       0xea ./Core/Src/led_effect.o
 .debug_macro   0x00021134       0x28 ./Core/Src/led_effect.o
 .debug_macro   0x0002115c       0x1f ./Core/Src/led_effect.o
 .debug_macro   0x0002117b       0x12 ./Core/Src/led_effect.o
 .debug_macro   0x0002118d      0x55e ./Core/Src/led_effect.o
 .debug_macro   0x000216eb       0xc3 ./Core/Src/led_effect.o
 .debug_macro   0x000217ae      0x120 ./Core/Src/led_effect.o
 .debug_macro   0x000218ce       0x80 ./Core/Src/led_effect.o
 .debug_macro   0x0002194e       0x97 ./Core/Src/led_effect.o
 .debug_macro   0x000219e5       0x5f ./Core/Src/led_effect.o
 .debug_macro   0x00021a44      0x387 ./Core/Src/main.o
 .debug_macro   0x00021dcb      0x381 ./Core/Src/stm32f4xx_hal_msp.o
 .debug_macro   0x0002214c      0x1e7 ./Core/Src/stm32f4xx_hal_timebase_tim.o
 .debug_macro   0x00022333      0x38b ./Core/Src/stm32f4xx_it.o
 .debug_macro   0x000226be      0x1e7 ./Core/Src/system_stm32f4xx.o
 .debug_macro   0x000228a5      0x381 ./Core/Src/task_handler.o
 .debug_macro   0x00022c26      0x247 ./Drivers/STM32F4xx_HAL_Driver/Src/stm32f4xx_hal.o
 .debug_macro   0x00022e6d      0x1e7 ./Drivers/STM32F4xx_HAL_Driver/Src/stm32f4xx_hal_cortex.o
 .debug_macro   0x00023054      0x1ed ./Drivers/STM32F4xx_HAL_Driver/Src/stm32f4xx_hal_dma.o
 .debug_macro   0x00023241      0x1ed ./Drivers/STM32F4xx_HAL_Driver/Src/stm32f4xx_hal_gpio.o
 .debug_macro   0x0002342e      0x20b ./Drivers/STM32F4xx_HAL_Driver/Src/stm32f4xx_hal_rcc.o
 .debug_macro   0x00023639      0x1e7 ./Drivers/STM32F4xx_HAL_Driver/Src/stm32f4xx_hal_rcc_ex.o
 .debug_macro   0x00023820      0x1e8 ./Drivers/STM32F4xx_HAL_Driver/Src/stm32f4xx_hal_rtc.o
 .debug_macro   0x00023a08      0x1e8 ./Drivers/STM32F4xx_HAL_Driver/Src/stm32f4xx_hal_tim.o
 .debug_macro   0x00023bf0      0x1e7 ./Drivers/STM32F4xx_HAL_Driver/Src/stm32f4xx_hal_tim_ex.o
 .debug_macro   0x00023dd7      0x1e8 ./Drivers/STM32F4xx_HAL_Driver/Src/stm32f4xx_hal_uart.o
 .debug_macro   0x00023fbf      0x198 ./common/ThirdParty/FreeRTOS/list.o
 .debug_macro   0x00024157      0x22f ./common/ThirdParty/FreeRTOS/queue.o
 .debug_macro   0x00024386       0x16 ./common/ThirdParty/FreeRTOS/queue.o
 .debug_macro   0x0002439c      0x27e ./common/ThirdParty/FreeRTOS/tasks.o
 .debug_macro   0x0002461a       0x17 ./common/ThirdParty/FreeRTOS/tasks.o
 .debug_macro   0x00024631      0x1e7 ./common/ThirdParty/FreeRTOS/timers.o
 .debug_macro   0x00024818      0x1a7 ./common/ThirdParty/FreeRTOS/portable/GCC/ARM_CM4F/port.o
 .debug_macro   0x000249bf      0x219 ./common/ThirdParty/FreeRTOS/portable/MemMang/heap_4.o

.debug_line     0x00000000    0x18d95
 .debug_line    0x00000000      0xb0e ./Core/Src/led_effect.o
 .debug_line    0x00000b0e      0xd15 ./Core/Src/main.o
 .debug_line    0x00001823      0xb23 ./Core/Src/stm32f4xx_hal_msp.o
 .debug_line    0x00002346      0x7fb ./Core/Src/stm32f4xx_hal_timebase_tim.o
 .debug_line    0x00002b41      0xb3b ./Core/Src/stm32f4xx_it.o
 .debug_line    0x0000367c      0x804 ./Core/Src/system_stm32f4xx.o
 .debug_line    0x00003e80      0xc19 ./Core/Src/task_handler.o
 .debug_line    0x00004a99       0x7a ./Core/Startup/startup_stm32f446retx.o
 .debug_line    0x00004b13      0xa6d ./Drivers/STM32F4xx_HAL_Driver/Src/stm32f4xx_hal.o
 .debug_line    0x00005580      0xd35 ./Drivers/STM32F4xx_HAL_Driver/Src/stm32f4xx_hal_cortex.o
 .debug_line    0x000062b5      0xfdd ./Drivers/STM32F4xx_HAL_Driver/Src/stm32f4xx_hal_dma.o
 .debug_line    0x00007292      0xbe5 ./Drivers/STM32F4xx_HAL_Driver/Src/stm32f4xx_hal_gpio.o
 .debug_line    0x00007e77      0xdec ./Drivers/STM32F4xx_HAL_Driver/Src/stm32f4xx_hal_rcc.o
 .debug_line    0x00008c63     0x148b ./Drivers/STM32F4xx_HAL_Driver/Src/stm32f4xx_hal_rcc_ex.o
 .debug_line    0x0000a0ee     0x1151 ./Drivers/STM32F4xx_HAL_Driver/Src/stm32f4xx_hal_rtc.o
 .debug_line    0x0000b23f     0x3811 ./Drivers/STM32F4xx_HAL_Driver/Src/stm32f4xx_hal_tim.o
 .debug_line    0x0000ea50     0x1a63 ./Drivers/STM32F4xx_HAL_Driver/Src/stm32f4xx_hal_tim_ex.o
 .debug_line    0x000104b3     0x293f ./Drivers/STM32F4xx_HAL_Driver/Src/stm32f4xx_hal_uart.o
 .debug_line    0x00012df2      0x838 ./common/ThirdParty/FreeRTOS/list.o
 .debug_line    0x0001362a     0x1744 ./common/ThirdParty/FreeRTOS/queue.o
 .debug_line    0x00014d6e     0x1eba ./common/ThirdParty/FreeRTOS/tasks.o
 .debug_line    0x00016c28      0xd7f ./common/ThirdParty/FreeRTOS/timers.o
 .debug_line    0x000179a7      0x935 ./common/ThirdParty/FreeRTOS/portable/GCC/ARM_CM4F/port.o
 .debug_line    0x000182dc      0xab9 ./common/ThirdParty/FreeRTOS/portable/MemMang/heap_4.o

.debug_str      0x00000000    0xe02e1
 .debug_str     0x00000000    0xd85db ./Core/Src/led_effect.o
                              0xd88a5 (size before relaxing)
 .debug_str     0x000d85db      0xefd ./Core/Src/main.o
                              0xd9867 (size before relaxing)
 .debug_str     0x000d94d8      0x765 ./Core/Src/stm32f4xx_hal_msp.o
                              0xd976c (size before relaxing)
 .debug_str     0x000d9c3d      0x107 ./Core/Src/stm32f4xx_hal_timebase_tim.o
                              0xcfc2a (size before relaxing)
 .debug_str     0x000d9d44       0xdf ./Core/Src/stm32f4xx_it.o
                              0xd8fa1 (size before relaxing)
 .debug_str     0x000d9e23       0xdb ./Core/Src/system_stm32f4xx.o
                              0xcf0f2 (size before relaxing)
 .debug_str     0x000d9efe      0x128 ./Core/Src/task_handler.o
                              0xd8f32 (size before relaxing)
 .debug_str     0x000da026       0x44 ./Core/Startup/startup_stm32f446retx.o
                                 0x95 (size before relaxing)
 .debug_str     0x000da06a      0x5d3 ./Drivers/STM32F4xx_HAL_Driver/Src/stm32f4xx_hal.o
                              0xcfcb7 (size before relaxing)
 .debug_str     0x000da63d      0x32e ./Drivers/STM32F4xx_HAL_Driver/Src/stm32f4xx_hal_cortex.o
                              0xcf9dc (size before relaxing)
 .debug_str     0x000da96b      0x323 ./Drivers/STM32F4xx_HAL_Driver/Src/stm32f4xx_hal_dma.o
                              0xcf4e7 (size before relaxing)
 .debug_str     0x000dac8e      0x10e ./Drivers/STM32F4xx_HAL_Driver/Src/stm32f4xx_hal_gpio.o
                              0xcf26d (size before relaxing)
 .debug_str     0x000dad9c      0x1fd ./Drivers/STM32F4xx_HAL_Driver/Src/stm32f4xx_hal_rcc.o
                              0xcf52b (size before relaxing)
 .debug_str     0x000daf99      0x19d ./Drivers/STM32F4xx_HAL_Driver/Src/stm32f4xx_hal_rcc_ex.o
                              0xcf55e (size before relaxing)
 .debug_str     0x000db136      0x337 ./Drivers/STM32F4xx_HAL_Driver/Src/stm32f4xx_hal_rtc.o
                              0xcf53c (size before relaxing)
 .debug_str     0x000db46d      0xe4c ./Drivers/STM32F4xx_HAL_Driver/Src/stm32f4xx_hal_tim.o
                              0xd0457 (size before relaxing)
 .debug_str     0x000dc2b9      0x503 ./Drivers/STM32F4xx_HAL_Driver/Src/stm32f4xx_hal_tim_ex.o
                              0xcfc63 (size before relaxing)
 .debug_str     0x000dc7bc      0x5c0 ./Drivers/STM32F4xx_HAL_Driver/Src/stm32f4xx_hal_uart.o
                              0xcfae2 (size before relaxing)
 .debug_str     0x000dcd7c      0x2ad ./common/ThirdParty/FreeRTOS/list.o
                               0xb2df (size before relaxing)
 .debug_str     0x000dd029      0xc54 ./common/ThirdParty/FreeRTOS/queue.o
                               0xd9de (size before relaxing)
 .debug_str     0x000ddc7d     0x12cb ./common/ThirdParty/FreeRTOS/tasks.o
                               0xe41f (size before relaxing)
 .debug_str     0x000def48      0x548 ./common/ThirdParty/FreeRTOS/timers.o
                               0xdb5e (size before relaxing)
 .debug_str     0x000df490      0x832 ./common/ThirdParty/FreeRTOS/portable/GCC/ARM_CM4F/port.o
                               0x9b3a (size before relaxing)
 .debug_str     0x000dfcc2      0x61f ./common/ThirdParty/FreeRTOS/portable/MemMang/heap_4.o
                               0xcb09 (size before relaxing)

.comment        0x00000000       0x43
 .comment       0x00000000       0x43 ./Core/Src/led_effect.o
                                 0x44 (size before relaxing)
 .comment       0x00000043       0x44 ./Core/Src/main.o
 .comment       0x00000043       0x44 ./Core/Src/stm32f4xx_hal_msp.o
 .comment       0x00000043       0x44 ./Core/Src/stm32f4xx_hal_timebase_tim.o
 .comment       0x00000043       0x44 ./Core/Src/stm32f4xx_it.o
 .comment       0x00000043       0x44 ./Core/Src/system_stm32f4xx.o
 .comment       0x00000043       0x44 ./Core/Src/task_handler.o
 .comment       0x00000043       0x44 ./Drivers/STM32F4xx_HAL_Driver/Src/stm32f4xx_hal.o
 .comment       0x00000043       0x44 ./Drivers/STM32F4xx_HAL_Driver/Src/stm32f4xx_hal_cortex.o
 .comment       0x00000043       0x44 ./Drivers/STM32F4xx_HAL_Driver/Src/stm32f4xx_hal_dma.o
 .comment       0x00000043       0x44 ./Drivers/STM32F4xx_HAL_Driver/Src/stm32f4xx_hal_gpio.o
 .comment       0x00000043       0x44 ./Drivers/STM32F4xx_HAL_Driver/Src/stm32f4xx_hal_rcc.o
 .comment       0x00000043       0x44 ./Drivers/STM32F4xx_HAL_Driver/Src/stm32f4xx_hal_rcc_ex.o
 .comment       0x00000043       0x44 ./Drivers/STM32F4xx_HAL_Driver/Src/stm32f4xx_hal_rtc.o
 .comment       0x00000043       0x44 ./Drivers/STM32F4xx_HAL_Driver/Src/stm32f4xx_hal_tim.o
 .comment       0x00000043       0x44 ./Drivers/STM32F4xx_HAL_Driver/Src/stm32f4xx_hal_tim_ex.o
 .comment       0x00000043       0x44 ./Drivers/STM32F4xx_HAL_Driver/Src/stm32f4xx_hal_uart.o
 .comment       0x00000043       0x44 ./common/ThirdParty/FreeRTOS/list.o
 .comment       0x00000043       0x44 ./common/ThirdParty/FreeRTOS/queue.o
 .comment       0x00000043       0x44 ./common/ThirdParty/FreeRTOS/tasks.o
 .comment       0x00000043       0x44 ./common/ThirdParty/FreeRTOS/timers.o
 .comment       0x00000043       0x44 ./common/ThirdParty/FreeRTOS/portable/GCC/ARM_CM4F/port.o
 .comment       0x00000043       0x44 ./common/ThirdParty/FreeRTOS/portable/MemMang/heap_4.o

.debug_frame    0x00000000     0x5108
 .debug_frame   0x00000000       0xcc ./Core/Src/led_effect.o
 .debug_frame   0x000000cc      0x134 ./Core/Src/main.o
 .debug_frame   0x00000200       0xcc ./Core/Src/stm32f4xx_hal_msp.o
 .debug_frame   0x000002cc       0x74 ./Core/Src/stm32f4xx_hal_timebase_tim.o
 .debug_frame   0x00000340       0xe0 ./Core/Src/stm32f4xx_it.o
 .debug_frame   0x00000420       0x58 ./Core/Src/system_stm32f4xx.o
 .debug_frame   0x00000478       0xf8 ./Core/Src/task_handler.o
 .debug_frame   0x00000570      0x374 ./Drivers/STM32F4xx_HAL_Driver/Src/stm32f4xx_hal.o
 .debug_frame   0x000008e4      0x4b8 ./Drivers/STM32F4xx_HAL_Driver/Src/stm32f4xx_hal_cortex.o
 .debug_frame   0x00000d9c      0x250 ./Drivers/STM32F4xx_HAL_Driver/Src/stm32f4xx_hal_dma.o
 .debug_frame   0x00000fec      0x14c ./Drivers/STM32F4xx_HAL_Driver/Src/stm32f4xx_hal_gpio.o
 .debug_frame   0x00001138      0x1f4 ./Drivers/STM32F4xx_HAL_Driver/Src/stm32f4xx_hal_rcc.o
 .debug_frame   0x0000132c      0x1e8 ./Drivers/STM32F4xx_HAL_Driver/Src/stm32f4xx_hal_rcc_ex.o
 .debug_frame   0x00001514      0x3f4 ./Drivers/STM32F4xx_HAL_Driver/Src/stm32f4xx_hal_rtc.o
 .debug_frame   0x00001908     0x11c0 ./Drivers/STM32F4xx_HAL_Driver/Src/stm32f4xx_hal_tim.o
 .debug_frame   0x00002ac8      0x638 ./Drivers/STM32F4xx_HAL_Driver/Src/stm32f4xx_hal_tim_ex.o
 .debug_frame   0x00003100      0x954 ./Drivers/STM32F4xx_HAL_Driver/Src/stm32f4xx_hal_uart.o
 .debug_frame   0x00003a54       0xd8 ./common/ThirdParty/FreeRTOS/list.o
 .debug_frame   0x00003b2c      0x530 ./common/ThirdParty/FreeRTOS/queue.o
 .debug_frame   0x0000405c      0x8d0 ./common/ThirdParty/FreeRTOS/tasks.o
 .debug_frame   0x0000492c      0x3c8 ./common/ThirdParty/FreeRTOS/timers.o
 .debug_frame   0x00004cf4      0x1d0 ./common/ThirdParty/FreeRTOS/portable/GCC/ARM_CM4F/port.o
 .debug_frame   0x00004ec4      0x150 ./common/ThirdParty/FreeRTOS/portable/MemMang/heap_4.o
 .debug_frame   0x00005014       0x20 C:/ST/STM32CubeIDE_1.16.0/STM32CubeIDE/plugins/com.st.stm32cube.ide.mcu.externaltools.gnu-tools-for-stm32.12.3.rel1.win32_1.0.200.202406191623/tools/bin/../lib/gcc/arm-none-eabi/12.3.1/../../../../arm-none-eabi/lib/thumb/v7e-m+fp/hard\libc_nano.a(libc_a-memset.o)
 .debug_frame   0x00005034       0x2c C:/ST/STM32CubeIDE_1.16.0/STM32CubeIDE/plugins/com.st.stm32cube.ide.mcu.externaltools.gnu-tools-for-stm32.12.3.rel1.win32_1.0.200.202406191623/tools/bin/../lib/gcc/arm-none-eabi/12.3.1/../../../../arm-none-eabi/lib/thumb/v7e-m+fp/hard\libc_nano.a(libc_a-init.o)
 .debug_frame   0x00005060       0x20 C:/ST/STM32CubeIDE_1.16.0/STM32CubeIDE/plugins/com.st.stm32cube.ide.mcu.externaltools.gnu-tools-for-stm32.12.3.rel1.win32_1.0.200.202406191623/tools/bin/../lib/gcc/arm-none-eabi/12.3.1/../../../../arm-none-eabi/lib/thumb/v7e-m+fp/hard\libc_nano.a(libc_a-strcmp.o)
 .debug_frame   0x00005080       0x28 C:/ST/STM32CubeIDE_1.16.0/STM32CubeIDE/plugins/com.st.stm32cube.ide.mcu.externaltools.gnu-tools-for-stm32.12.3.rel1.win32_1.0.200.202406191623/tools/bin/../lib/gcc/arm-none-eabi/12.3.1/../../../../arm-none-eabi/lib/thumb/v7e-m+fp/hard\libc_nano.a(libc_a-memcpy-stub.o)
 .debug_frame   0x000050a8       0x2c C:/ST/STM32CubeIDE_1.16.0/STM32CubeIDE/plugins/com.st.stm32cube.ide.mcu.externaltools.gnu-tools-for-stm32.12.3.rel1.win32_1.0.200.202406191623/tools/bin/../lib/gcc/arm-none-eabi/12.3.1/thumb/v7e-m+fp/hard\libgcc.a(_aeabi_uldivmod.o)
 .debug_frame   0x000050d4       0x34 C:/ST/STM32CubeIDE_1.16.0/STM32CubeIDE/plugins/com.st.stm32cube.ide.mcu.externaltools.gnu-tools-for-stm32.12.3.rel1.win32_1.0.200.202406191623/tools/bin/../lib/gcc/arm-none-eabi/12.3.1/thumb/v7e-m+fp/hard\libgcc.a(_udivmoddi4.o)

.debug_line_str
                0x00000000       0x79
 .debug_line_str
                0x00000000       0x79 ./Core/Startup/startup_stm32f446retx.o
