17:47:11 **** Incremental Build of configuration Debug for project FreeRTOS_Project ****
make -j16 all 
arm-none-eabi-gcc "../Core/Src/main.c" -mcpu=cortex-m4 -std=gnu11 -g3 -DDEBUG -DUSE_HAL_DRIVER -DSTM32F446xx -c -I"C:/Users/rajvi/OneDrive/Documents/00_Projects/Embedded_Code/RTOS_ws/FreeRTOS_Project/ThirdParty/Segger/Config" -I"C:/Users/rajvi/OneDrive/Documents/00_Projects/Embedded_Code/RTOS_ws/FreeRTOS_Project/ThirdParty/Segger/OS" -I"C:/Users/rajvi/OneDrive/Documents/00_Projects/Embedded_Code/RTOS_ws/FreeRTOS_Project/ThirdParty/Segger/SEGGER" -I../Core/Inc -I"C:/Users/rajvi/OneDrive/Documents/00_Projects/Embedded_Code/RTOS_ws/FreeRTOS_Project/ThirdParty/FreeRTOS" -I"C:/Users/rajvi/OneDrive/Documents/00_Projects/Embedded_Code/RTOS_ws/FreeRTOS_Project/ThirdParty/FreeRTOS/include" -I"C:/Users/rajvi/OneDrive/Documents/00_Projects/Embedded_Code/RTOS_ws/FreeRTOS_Project/ThirdParty/FreeRTOS/portable/GCC/ARM_CM4F" -I../Drivers/STM32F4xx_HAL_Driver/Inc -I../Drivers/STM32F4xx_HAL_Driver/Inc/Legacy -I../Drivers/CMSIS/Device/ST/STM32F4xx/Include -I../Drivers/CMSIS/Include -O0 -ffunction-sections -fdata-sections -Wall -fstack-usage -fcyclomatic-complexity -MMD -MP -MF"Core/Src/main.d" -MT"Core/Src/main.o" --specs=nano.specs -mfpu=fpv4-sp-d16 -mfloat-abi=hard -mthumb -o "Core/Src/main.o"
arm-none-eabi-gcc -o "FreeRTOS_Project.elf" @"objects.list"   -mcpu=cortex-m4 -T"C:\Users\rajvi\OneDrive\Documents\00_Projects\Embedded_Code\RTOS_ws\FreeRTOS_Project\STM32F446RETX_FLASH.ld" --specs=nosys.specs -Wl,-Map="FreeRTOS_Project.map" -Wl,--gc-sections -static --specs=nano.specs -mfpu=fpv4-sp-d16 -mfloat-abi=hard -mthumb -Wl,--start-group -lc -lm -Wl,--end-group
Finished building target: FreeRTOS_Project.elf
 
arm-none-eabi-size  FreeRTOS_Project.elf 
arm-none-eabi-objdump -h -S FreeRTOS_Project.elf  > "FreeRTOS_Project.list"
   text	   data	    bss	    dec	    hex	filename
  32244	    108	  84956	 117308	  1ca3c	FreeRTOS_Project.elf
Finished building: default.size.stdout
 
Finished building: FreeRTOS_Project.list
 
17:47:18 **** Incremental Build of configuration Debug for project FreeRTOS_Project ****
make -j16 all 
arm-none-eabi-size  FreeRTOS_Project.elf 
   text	   data	    bss	    dec	    hex	filename
  32244	    108	  84956	 117308	  1ca3c	FreeRTOS_Project.elf
Finished building: default.size.stdout
 
