19:20:48 **** Incremental Build of configuration Debug for project FreeRTOS_Project ****
make -j16 all 
arm-none-eabi-gcc "../ThirdParty/FreeRTOS/portable/MemMang/heap_4.c" -mcpu=cortex-m4 -std=gnu11 -g3 -DDEBUG -DUSE_HAL_DRIVER -DSTM32F446xx -c -I../Core/Inc -I"C:/Users/rajvi/OneDrive/Documents/00_Projects/Embedded_Code/RTOS_ws/FreeRTOS_Project/ThirdParty/FreeRTOS" -I"C:/Users/rajvi/OneDrive/Documents/00_Projects/Embedded_Code/RTOS_ws/FreeRTOS_Project/ThirdParty/FreeRTOS/include" -I"C:/Users/rajvi/OneDrive/Documents/00_Projects/Embedded_Code/RTOS_ws/FreeRTOS_Project/ThirdParty/FreeRTOS/portable/GCC/ARM_CM4F" -I../Drivers/STM32F4xx_HAL_Driver/Inc -I../Drivers/STM32F4xx_HAL_Driver/Inc/Legacy -I../Drivers/CMSIS/Device/ST/STM32F4xx/Include -I../Drivers/CMSIS/Include -O0 -ffunction-sections -fdata-sections -Wall -fstack-usage -fcyclomatic-complexity -MMD -MP -MF"ThirdParty/FreeRTOS/portable/MemMang/heap_4.d" -MT"ThirdParty/FreeRTOS/portable/MemMang/heap_4.o" --specs=nano.specs -mfpu=fpv4-sp-d16 -mfloat-abi=hard -mthumb -o "ThirdParty/FreeRTOS/portable/MemMang/heap_4.o"
arm-none-eabi-gcc "../ThirdParty/FreeRTOS/portable/GCC/ARM_CM4F/port.c" -mcpu=cortex-m4 -std=gnu11 -g3 -DDEBUG -DUSE_HAL_DRIVER -DSTM32F446xx -c -I../Core/Inc -I"C:/Users/rajvi/OneDrive/Documents/00_Projects/Embedded_Code/RTOS_ws/FreeRTOS_Project/ThirdParty/FreeRTOS" -I"C:/Users/rajvi/OneDrive/Documents/00_Projects/Embedded_Code/RTOS_ws/FreeRTOS_Project/ThirdParty/FreeRTOS/include" -I"C:/Users/rajvi/OneDrive/Documents/00_Projects/Embedded_Code/RTOS_ws/FreeRTOS_Project/ThirdParty/FreeRTOS/portable/GCC/ARM_CM4F" -I../Drivers/STM32F4xx_HAL_Driver/Inc -I../Drivers/STM32F4xx_HAL_Driver/Inc/Legacy -I../Drivers/CMSIS/Device/ST/STM32F4xx/Include -I../Drivers/CMSIS/Include -O0 -ffunction-sections -fdata-sections -Wall -fstack-usage -fcyclomatic-complexity -MMD -MP -MF"ThirdParty/FreeRTOS/portable/GCC/ARM_CM4F/port.d" -MT"ThirdParty/FreeRTOS/portable/GCC/ARM_CM4F/port.o" --specs=nano.specs -mfpu=fpv4-sp-d16 -mfloat-abi=hard -mthumb -o "ThirdParty/FreeRTOS/portable/GCC/ARM_CM4F/port.o"
arm-none-eabi-gcc "../ThirdParty/FreeRTOS/croutine.c" -mcpu=cortex-m4 -std=gnu11 -g3 -DDEBUG -DUSE_HAL_DRIVER -DSTM32F446xx -c -I../Core/Inc -I"C:/Users/rajvi/OneDrive/Documents/00_Projects/Embedded_Code/RTOS_ws/FreeRTOS_Project/ThirdParty/FreeRTOS" -I"C:/Users/rajvi/OneDrive/Documents/00_Projects/Embedded_Code/RTOS_ws/FreeRTOS_Project/ThirdParty/FreeRTOS/include" -I"C:/Users/rajvi/OneDrive/Documents/00_Projects/Embedded_Code/RTOS_ws/FreeRTOS_Project/ThirdParty/FreeRTOS/portable/GCC/ARM_CM4F" -I../Drivers/STM32F4xx_HAL_Driver/Inc -I../Drivers/STM32F4xx_HAL_Driver/Inc/Legacy -I../Drivers/CMSIS/Device/ST/STM32F4xx/Include -I../Drivers/CMSIS/Include -O0 -ffunction-sections -fdata-sections -Wall -fstack-usage -fcyclomatic-complexity -MMD -MP -MF"ThirdParty/FreeRTOS/croutine.d" -MT"ThirdParty/FreeRTOS/croutine.o" --specs=nano.specs -mfpu=fpv4-sp-d16 -mfloat-abi=hard -mthumb -o "ThirdParty/FreeRTOS/croutine.o"
arm-none-eabi-gcc "../ThirdParty/FreeRTOS/event_groups.c" -mcpu=cortex-m4 -std=gnu11 -g3 -DDEBUG -DUSE_HAL_DRIVER -DSTM32F446xx -c -I../Core/Inc -I"C:/Users/rajvi/OneDrive/Documents/00_Projects/Embedded_Code/RTOS_ws/FreeRTOS_Project/ThirdParty/FreeRTOS" -I"C:/Users/rajvi/OneDrive/Documents/00_Projects/Embedded_Code/RTOS_ws/FreeRTOS_Project/ThirdParty/FreeRTOS/include" -I"C:/Users/rajvi/OneDrive/Documents/00_Projects/Embedded_Code/RTOS_ws/FreeRTOS_Project/ThirdParty/FreeRTOS/portable/GCC/ARM_CM4F" -I../Drivers/STM32F4xx_HAL_Driver/Inc -I../Drivers/STM32F4xx_HAL_Driver/Inc/Legacy -I../Drivers/CMSIS/Device/ST/STM32F4xx/Include -I../Drivers/CMSIS/Include -O0 -ffunction-sections -fdata-sections -Wall -fstack-usage -fcyclomatic-complexity -MMD -MP -MF"ThirdParty/FreeRTOS/event_groups.d" -MT"ThirdParty/FreeRTOS/event_groups.o" --specs=nano.specs -mfpu=fpv4-sp-d16 -mfloat-abi=hard -mthumb -o "ThirdParty/FreeRTOS/event_groups.o"
arm-none-eabi-gcc "../ThirdParty/FreeRTOS/list.c" -mcpu=cortex-m4 -std=gnu11 -g3 -DDEBUG -DUSE_HAL_DRIVER -DSTM32F446xx -c -I../Core/Inc -I"C:/Users/rajvi/OneDrive/Documents/00_Projects/Embedded_Code/RTOS_ws/FreeRTOS_Project/ThirdParty/FreeRTOS" -I"C:/Users/rajvi/OneDrive/Documents/00_Projects/Embedded_Code/RTOS_ws/FreeRTOS_Project/ThirdParty/FreeRTOS/include" -I"C:/Users/rajvi/OneDrive/Documents/00_Projects/Embedded_Code/RTOS_ws/FreeRTOS_Project/ThirdParty/FreeRTOS/portable/GCC/ARM_CM4F" -I../Drivers/STM32F4xx_HAL_Driver/Inc -I../Drivers/STM32F4xx_HAL_Driver/Inc/Legacy -I../Drivers/CMSIS/Device/ST/STM32F4xx/Include -I../Drivers/CMSIS/Include -O0 -ffunction-sections -fdata-sections -Wall -fstack-usage -fcyclomatic-complexity -MMD -MP -MF"ThirdParty/FreeRTOS/list.d" -MT"ThirdParty/FreeRTOS/list.o" --specs=nano.specs -mfpu=fpv4-sp-d16 -mfloat-abi=hard -mthumb -o "ThirdParty/FreeRTOS/list.o"
arm-none-eabi-gcc "../ThirdParty/FreeRTOS/queue.c" -mcpu=cortex-m4 -std=gnu11 -g3 -DDEBUG -DUSE_HAL_DRIVER -DSTM32F446xx -c -I../Core/Inc -I"C:/Users/rajvi/OneDrive/Documents/00_Projects/Embedded_Code/RTOS_ws/FreeRTOS_Project/ThirdParty/FreeRTOS" -I"C:/Users/rajvi/OneDrive/Documents/00_Projects/Embedded_Code/RTOS_ws/FreeRTOS_Project/ThirdParty/FreeRTOS/include" -I"C:/Users/rajvi/OneDrive/Documents/00_Projects/Embedded_Code/RTOS_ws/FreeRTOS_Project/ThirdParty/FreeRTOS/portable/GCC/ARM_CM4F" -I../Drivers/STM32F4xx_HAL_Driver/Inc -I../Drivers/STM32F4xx_HAL_Driver/Inc/Legacy -I../Drivers/CMSIS/Device/ST/STM32F4xx/Include -I../Drivers/CMSIS/Include -O0 -ffunction-sections -fdata-sections -Wall -fstack-usage -fcyclomatic-complexity -MMD -MP -MF"ThirdParty/FreeRTOS/queue.d" -MT"ThirdParty/FreeRTOS/queue.o" --specs=nano.specs -mfpu=fpv4-sp-d16 -mfloat-abi=hard -mthumb -o "ThirdParty/FreeRTOS/queue.o"
arm-none-eabi-gcc "../ThirdParty/FreeRTOS/stream_buffer.c" -mcpu=cortex-m4 -std=gnu11 -g3 -DDEBUG -DUSE_HAL_DRIVER -DSTM32F446xx -c -I../Core/Inc -I"C:/Users/rajvi/OneDrive/Documents/00_Projects/Embedded_Code/RTOS_ws/FreeRTOS_Project/ThirdParty/FreeRTOS" -I"C:/Users/rajvi/OneDrive/Documents/00_Projects/Embedded_Code/RTOS_ws/FreeRTOS_Project/ThirdParty/FreeRTOS/include" -I"C:/Users/rajvi/OneDrive/Documents/00_Projects/Embedded_Code/RTOS_ws/FreeRTOS_Project/ThirdParty/FreeRTOS/portable/GCC/ARM_CM4F" -I../Drivers/STM32F4xx_HAL_Driver/Inc -I../Drivers/STM32F4xx_HAL_Driver/Inc/Legacy -I../Drivers/CMSIS/Device/ST/STM32F4xx/Include -I../Drivers/CMSIS/Include -O0 -ffunction-sections -fdata-sections -Wall -fstack-usage -fcyclomatic-complexity -MMD -MP -MF"ThirdParty/FreeRTOS/stream_buffer.d" -MT"ThirdParty/FreeRTOS/stream_buffer.o" --specs=nano.specs -mfpu=fpv4-sp-d16 -mfloat-abi=hard -mthumb -o "ThirdParty/FreeRTOS/stream_buffer.o"
arm-none-eabi-gcc "../ThirdParty/FreeRTOS/tasks.c" -mcpu=cortex-m4 -std=gnu11 -g3 -DDEBUG -DUSE_HAL_DRIVER -DSTM32F446xx -c -I../Core/Inc -I"C:/Users/rajvi/OneDrive/Documents/00_Projects/Embedded_Code/RTOS_ws/FreeRTOS_Project/ThirdParty/FreeRTOS" -I"C:/Users/rajvi/OneDrive/Documents/00_Projects/Embedded_Code/RTOS_ws/FreeRTOS_Project/ThirdParty/FreeRTOS/include" -I"C:/Users/rajvi/OneDrive/Documents/00_Projects/Embedded_Code/RTOS_ws/FreeRTOS_Project/ThirdParty/FreeRTOS/portable/GCC/ARM_CM4F" -I../Drivers/STM32F4xx_HAL_Driver/Inc -I../Drivers/STM32F4xx_HAL_Driver/Inc/Legacy -I../Drivers/CMSIS/Device/ST/STM32F4xx/Include -I../Drivers/CMSIS/Include -O0 -ffunction-sections -fdata-sections -Wall -fstack-usage -fcyclomatic-complexity -MMD -MP -MF"ThirdParty/FreeRTOS/tasks.d" -MT"ThirdParty/FreeRTOS/tasks.o" --specs=nano.specs -mfpu=fpv4-sp-d16 -mfloat-abi=hard -mthumb -o "ThirdParty/FreeRTOS/tasks.o"
arm-none-eabi-gcc "../ThirdParty/FreeRTOS/timers.c" -mcpu=cortex-m4 -std=gnu11 -g3 -DDEBUG -DUSE_HAL_DRIVER -DSTM32F446xx -c -I../Core/Inc -I"C:/Users/rajvi/OneDrive/Documents/00_Projects/Embedded_Code/RTOS_ws/FreeRTOS_Project/ThirdParty/FreeRTOS" -I"C:/Users/rajvi/OneDrive/Documents/00_Projects/Embedded_Code/RTOS_ws/FreeRTOS_Project/ThirdParty/FreeRTOS/include" -I"C:/Users/rajvi/OneDrive/Documents/00_Projects/Embedded_Code/RTOS_ws/FreeRTOS_Project/ThirdParty/FreeRTOS/portable/GCC/ARM_CM4F" -I../Drivers/STM32F4xx_HAL_Driver/Inc -I../Drivers/STM32F4xx_HAL_Driver/Inc/Legacy -I../Drivers/CMSIS/Device/ST/STM32F4xx/Include -I../Drivers/CMSIS/Include -O0 -ffunction-sections -fdata-sections -Wall -fstack-usage -fcyclomatic-complexity -MMD -MP -MF"ThirdParty/FreeRTOS/timers.d" -MT"ThirdParty/FreeRTOS/timers.o" --specs=nano.specs -mfpu=fpv4-sp-d16 -mfloat-abi=hard -mthumb -o "ThirdParty/FreeRTOS/timers.o"
arm-none-eabi-gcc "../Core/Src/main.c" -mcpu=cortex-m4 -std=gnu11 -g3 -DDEBUG -DUSE_HAL_DRIVER -DSTM32F446xx -c -I../Core/Inc -I"C:/Users/rajvi/OneDrive/Documents/00_Projects/Embedded_Code/RTOS_ws/FreeRTOS_Project/ThirdParty/FreeRTOS" -I"C:/Users/rajvi/OneDrive/Documents/00_Projects/Embedded_Code/RTOS_ws/FreeRTOS_Project/ThirdParty/FreeRTOS/include" -I"C:/Users/rajvi/OneDrive/Documents/00_Projects/Embedded_Code/RTOS_ws/FreeRTOS_Project/ThirdParty/FreeRTOS/portable/GCC/ARM_CM4F" -I../Drivers/STM32F4xx_HAL_Driver/Inc -I../Drivers/STM32F4xx_HAL_Driver/Inc/Legacy -I../Drivers/CMSIS/Device/ST/STM32F4xx/Include -I../Drivers/CMSIS/Include -O0 -ffunction-sections -fdata-sections -Wall -fstack-usage -fcyclomatic-complexity -MMD -MP -MF"Core/Src/main.d" -MT"Core/Src/main.o" --specs=nano.specs -mfpu=fpv4-sp-d16 -mfloat-abi=hard -mthumb -o "Core/Src/main.o"
arm-none-eabi-gcc -o "FreeRTOS_Project.elf" @"objects.list"   -mcpu=cortex-m4 -T"C:\Users\rajvi\OneDrive\Documents\00_Projects\Embedded_Code\RTOS_ws\FreeRTOS_Project\STM32F446RETX_FLASH.ld" --specs=nosys.specs -Wl,-Map="FreeRTOS_Project.map" -Wl,--gc-sections -static --specs=nano.specs -mfpu=fpv4-sp-d16 -mfloat-abi=hard -mthumb -Wl,--start-group -lc -lm -Wl,--end-group
Finished building target: FreeRTOS_Project.elf
 
arm-none-eabi-size  FreeRTOS_Project.elf 
arm-none-eabi-objdump -h -S FreeRTOS_Project.elf  > "FreeRTOS_Project.list"
   text	   data	    bss	    dec	    hex	filename
  20172	    112	  79200	  99484	  1849c	FreeRTOS_Project.elf
Finished building: default.size.stdout
 
Finished building: FreeRTOS_Project.list
 
19:22:34 **** Incremental Build of configuration Debug for project FreeRTOS_Project ****
make -j16 all 
arm-none-eabi-size  FreeRTOS_Project.elf 
   text	   data	    bss	    dec	    hex	filename
  20172	    112	  79200	  99484	  1849c	FreeRTOS_Project.elf
Finished building: default.size.stdout
 
19:29:04 **** Incremental Build of configuration Debug for project FreeRTOS_Project ****
make -j16 all 
arm-none-eabi-gcc "../ThirdParty/FreeRTOS/portable/MemMang/heap_4.c" -mcpu=cortex-m4 -std=gnu11 -g3 -DDEBUG -DUSE_HAL_DRIVER -DSTM32F446xx -c -I../Core/Inc -I"C:/Users/rajvi/OneDrive/Documents/00_Projects/Embedded_Code/RTOS_ws/FreeRTOS_Project/ThirdParty/FreeRTOS" -I"C:/Users/rajvi/OneDrive/Documents/00_Projects/Embedded_Code/RTOS_ws/FreeRTOS_Project/ThirdParty/FreeRTOS/include" -I"C:/Users/rajvi/OneDrive/Documents/00_Projects/Embedded_Code/RTOS_ws/FreeRTOS_Project/ThirdParty/FreeRTOS/portable/GCC/ARM_CM4F" -I../Drivers/STM32F4xx_HAL_Driver/Inc -I../Drivers/STM32F4xx_HAL_Driver/Inc/Legacy -I../Drivers/CMSIS/Device/ST/STM32F4xx/Include -I../Drivers/CMSIS/Include -O0 -ffunction-sections -fdata-sections -Wall -fstack-usage -fcyclomatic-complexity -MMD -MP -MF"ThirdParty/FreeRTOS/portable/MemMang/heap_4.d" -MT"ThirdParty/FreeRTOS/portable/MemMang/heap_4.o" --specs=nano.specs -mfpu=fpv4-sp-d16 -mfloat-abi=hard -mthumb -o "ThirdParty/FreeRTOS/portable/MemMang/heap_4.o"
arm-none-eabi-gcc "../ThirdParty/FreeRTOS/portable/GCC/ARM_CM4F/port.c" -mcpu=cortex-m4 -std=gnu11 -g3 -DDEBUG -DUSE_HAL_DRIVER -DSTM32F446xx -c -I../Core/Inc -I"C:/Users/rajvi/OneDrive/Documents/00_Projects/Embedded_Code/RTOS_ws/FreeRTOS_Project/ThirdParty/FreeRTOS" -I"C:/Users/rajvi/OneDrive/Documents/00_Projects/Embedded_Code/RTOS_ws/FreeRTOS_Project/ThirdParty/FreeRTOS/include" -I"C:/Users/rajvi/OneDrive/Documents/00_Projects/Embedded_Code/RTOS_ws/FreeRTOS_Project/ThirdParty/FreeRTOS/portable/GCC/ARM_CM4F" -I../Drivers/STM32F4xx_HAL_Driver/Inc -I../Drivers/STM32F4xx_HAL_Driver/Inc/Legacy -I../Drivers/CMSIS/Device/ST/STM32F4xx/Include -I../Drivers/CMSIS/Include -O0 -ffunction-sections -fdata-sections -Wall -fstack-usage -fcyclomatic-complexity -MMD -MP -MF"ThirdParty/FreeRTOS/portable/GCC/ARM_CM4F/port.d" -MT"ThirdParty/FreeRTOS/portable/GCC/ARM_CM4F/port.o" --specs=nano.specs -mfpu=fpv4-sp-d16 -mfloat-abi=hard -mthumb -o "ThirdParty/FreeRTOS/portable/GCC/ARM_CM4F/port.o"
arm-none-eabi-gcc "../ThirdParty/FreeRTOS/croutine.c" -mcpu=cortex-m4 -std=gnu11 -g3 -DDEBUG -DUSE_HAL_DRIVER -DSTM32F446xx -c -I../Core/Inc -I"C:/Users/rajvi/OneDrive/Documents/00_Projects/Embedded_Code/RTOS_ws/FreeRTOS_Project/ThirdParty/FreeRTOS" -I"C:/Users/rajvi/OneDrive/Documents/00_Projects/Embedded_Code/RTOS_ws/FreeRTOS_Project/ThirdParty/FreeRTOS/include" -I"C:/Users/rajvi/OneDrive/Documents/00_Projects/Embedded_Code/RTOS_ws/FreeRTOS_Project/ThirdParty/FreeRTOS/portable/GCC/ARM_CM4F" -I../Drivers/STM32F4xx_HAL_Driver/Inc -I../Drivers/STM32F4xx_HAL_Driver/Inc/Legacy -I../Drivers/CMSIS/Device/ST/STM32F4xx/Include -I../Drivers/CMSIS/Include -O0 -ffunction-sections -fdata-sections -Wall -fstack-usage -fcyclomatic-complexity -MMD -MP -MF"ThirdParty/FreeRTOS/croutine.d" -MT"ThirdParty/FreeRTOS/croutine.o" --specs=nano.specs -mfpu=fpv4-sp-d16 -mfloat-abi=hard -mthumb -o "ThirdParty/FreeRTOS/croutine.o"
arm-none-eabi-gcc "../ThirdParty/FreeRTOS/event_groups.c" -mcpu=cortex-m4 -std=gnu11 -g3 -DDEBUG -DUSE_HAL_DRIVER -DSTM32F446xx -c -I../Core/Inc -I"C:/Users/rajvi/OneDrive/Documents/00_Projects/Embedded_Code/RTOS_ws/FreeRTOS_Project/ThirdParty/FreeRTOS" -I"C:/Users/rajvi/OneDrive/Documents/00_Projects/Embedded_Code/RTOS_ws/FreeRTOS_Project/ThirdParty/FreeRTOS/include" -I"C:/Users/rajvi/OneDrive/Documents/00_Projects/Embedded_Code/RTOS_ws/FreeRTOS_Project/ThirdParty/FreeRTOS/portable/GCC/ARM_CM4F" -I../Drivers/STM32F4xx_HAL_Driver/Inc -I../Drivers/STM32F4xx_HAL_Driver/Inc/Legacy -I../Drivers/CMSIS/Device/ST/STM32F4xx/Include -I../Drivers/CMSIS/Include -O0 -ffunction-sections -fdata-sections -Wall -fstack-usage -fcyclomatic-complexity -MMD -MP -MF"ThirdParty/FreeRTOS/event_groups.d" -MT"ThirdParty/FreeRTOS/event_groups.o" --specs=nano.specs -mfpu=fpv4-sp-d16 -mfloat-abi=hard -mthumb -o "ThirdParty/FreeRTOS/event_groups.o"
arm-none-eabi-gcc "../ThirdParty/FreeRTOS/list.c" -mcpu=cortex-m4 -std=gnu11 -g3 -DDEBUG -DUSE_HAL_DRIVER -DSTM32F446xx -c -I../Core/Inc -I"C:/Users/rajvi/OneDrive/Documents/00_Projects/Embedded_Code/RTOS_ws/FreeRTOS_Project/ThirdParty/FreeRTOS" -I"C:/Users/rajvi/OneDrive/Documents/00_Projects/Embedded_Code/RTOS_ws/FreeRTOS_Project/ThirdParty/FreeRTOS/include" -I"C:/Users/rajvi/OneDrive/Documents/00_Projects/Embedded_Code/RTOS_ws/FreeRTOS_Project/ThirdParty/FreeRTOS/portable/GCC/ARM_CM4F" -I../Drivers/STM32F4xx_HAL_Driver/Inc -I../Drivers/STM32F4xx_HAL_Driver/Inc/Legacy -I../Drivers/CMSIS/Device/ST/STM32F4xx/Include -I../Drivers/CMSIS/Include -O0 -ffunction-sections -fdata-sections -Wall -fstack-usage -fcyclomatic-complexity -MMD -MP -MF"ThirdParty/FreeRTOS/list.d" -MT"ThirdParty/FreeRTOS/list.o" --specs=nano.specs -mfpu=fpv4-sp-d16 -mfloat-abi=hard -mthumb -o "ThirdParty/FreeRTOS/list.o"
arm-none-eabi-gcc "../ThirdParty/FreeRTOS/queue.c" -mcpu=cortex-m4 -std=gnu11 -g3 -DDEBUG -DUSE_HAL_DRIVER -DSTM32F446xx -c -I../Core/Inc -I"C:/Users/rajvi/OneDrive/Documents/00_Projects/Embedded_Code/RTOS_ws/FreeRTOS_Project/ThirdParty/FreeRTOS" -I"C:/Users/rajvi/OneDrive/Documents/00_Projects/Embedded_Code/RTOS_ws/FreeRTOS_Project/ThirdParty/FreeRTOS/include" -I"C:/Users/rajvi/OneDrive/Documents/00_Projects/Embedded_Code/RTOS_ws/FreeRTOS_Project/ThirdParty/FreeRTOS/portable/GCC/ARM_CM4F" -I../Drivers/STM32F4xx_HAL_Driver/Inc -I../Drivers/STM32F4xx_HAL_Driver/Inc/Legacy -I../Drivers/CMSIS/Device/ST/STM32F4xx/Include -I../Drivers/CMSIS/Include -O0 -ffunction-sections -fdata-sections -Wall -fstack-usage -fcyclomatic-complexity -MMD -MP -MF"ThirdParty/FreeRTOS/queue.d" -MT"ThirdParty/FreeRTOS/queue.o" --specs=nano.specs -mfpu=fpv4-sp-d16 -mfloat-abi=hard -mthumb -o "ThirdParty/FreeRTOS/queue.o"
arm-none-eabi-gcc "../ThirdParty/FreeRTOS/stream_buffer.c" -mcpu=cortex-m4 -std=gnu11 -g3 -DDEBUG -DUSE_HAL_DRIVER -DSTM32F446xx -c -I../Core/Inc -I"C:/Users/rajvi/OneDrive/Documents/00_Projects/Embedded_Code/RTOS_ws/FreeRTOS_Project/ThirdParty/FreeRTOS" -I"C:/Users/rajvi/OneDrive/Documents/00_Projects/Embedded_Code/RTOS_ws/FreeRTOS_Project/ThirdParty/FreeRTOS/include" -I"C:/Users/rajvi/OneDrive/Documents/00_Projects/Embedded_Code/RTOS_ws/FreeRTOS_Project/ThirdParty/FreeRTOS/portable/GCC/ARM_CM4F" -I../Drivers/STM32F4xx_HAL_Driver/Inc -I../Drivers/STM32F4xx_HAL_Driver/Inc/Legacy -I../Drivers/CMSIS/Device/ST/STM32F4xx/Include -I../Drivers/CMSIS/Include -O0 -ffunction-sections -fdata-sections -Wall -fstack-usage -fcyclomatic-complexity -MMD -MP -MF"ThirdParty/FreeRTOS/stream_buffer.d" -MT"ThirdParty/FreeRTOS/stream_buffer.o" --specs=nano.specs -mfpu=fpv4-sp-d16 -mfloat-abi=hard -mthumb -o "ThirdParty/FreeRTOS/stream_buffer.o"
arm-none-eabi-gcc "../ThirdParty/FreeRTOS/tasks.c" -mcpu=cortex-m4 -std=gnu11 -g3 -DDEBUG -DUSE_HAL_DRIVER -DSTM32F446xx -c -I../Core/Inc -I"C:/Users/rajvi/OneDrive/Documents/00_Projects/Embedded_Code/RTOS_ws/FreeRTOS_Project/ThirdParty/FreeRTOS" -I"C:/Users/rajvi/OneDrive/Documents/00_Projects/Embedded_Code/RTOS_ws/FreeRTOS_Project/ThirdParty/FreeRTOS/include" -I"C:/Users/rajvi/OneDrive/Documents/00_Projects/Embedded_Code/RTOS_ws/FreeRTOS_Project/ThirdParty/FreeRTOS/portable/GCC/ARM_CM4F" -I../Drivers/STM32F4xx_HAL_Driver/Inc -I../Drivers/STM32F4xx_HAL_Driver/Inc/Legacy -I../Drivers/CMSIS/Device/ST/STM32F4xx/Include -I../Drivers/CMSIS/Include -O0 -ffunction-sections -fdata-sections -Wall -fstack-usage -fcyclomatic-complexity -MMD -MP -MF"ThirdParty/FreeRTOS/tasks.d" -MT"ThirdParty/FreeRTOS/tasks.o" --specs=nano.specs -mfpu=fpv4-sp-d16 -mfloat-abi=hard -mthumb -o "ThirdParty/FreeRTOS/tasks.o"
arm-none-eabi-gcc "../ThirdParty/FreeRTOS/timers.c" -mcpu=cortex-m4 -std=gnu11 -g3 -DDEBUG -DUSE_HAL_DRIVER -DSTM32F446xx -c -I../Core/Inc -I"C:/Users/rajvi/OneDrive/Documents/00_Projects/Embedded_Code/RTOS_ws/FreeRTOS_Project/ThirdParty/FreeRTOS" -I"C:/Users/rajvi/OneDrive/Documents/00_Projects/Embedded_Code/RTOS_ws/FreeRTOS_Project/ThirdParty/FreeRTOS/include" -I"C:/Users/rajvi/OneDrive/Documents/00_Projects/Embedded_Code/RTOS_ws/FreeRTOS_Project/ThirdParty/FreeRTOS/portable/GCC/ARM_CM4F" -I../Drivers/STM32F4xx_HAL_Driver/Inc -I../Drivers/STM32F4xx_HAL_Driver/Inc/Legacy -I../Drivers/CMSIS/Device/ST/STM32F4xx/Include -I../Drivers/CMSIS/Include -O0 -ffunction-sections -fdata-sections -Wall -fstack-usage -fcyclomatic-complexity -MMD -MP -MF"ThirdParty/FreeRTOS/timers.d" -MT"ThirdParty/FreeRTOS/timers.o" --specs=nano.specs -mfpu=fpv4-sp-d16 -mfloat-abi=hard -mthumb -o "ThirdParty/FreeRTOS/timers.o"
arm-none-eabi-gcc "../Core/Src/main.c" -mcpu=cortex-m4 -std=gnu11 -g3 -DDEBUG -DUSE_HAL_DRIVER -DSTM32F446xx -c -I../Core/Inc -I"C:/Users/rajvi/OneDrive/Documents/00_Projects/Embedded_Code/RTOS_ws/FreeRTOS_Project/ThirdParty/FreeRTOS" -I"C:/Users/rajvi/OneDrive/Documents/00_Projects/Embedded_Code/RTOS_ws/FreeRTOS_Project/ThirdParty/FreeRTOS/include" -I"C:/Users/rajvi/OneDrive/Documents/00_Projects/Embedded_Code/RTOS_ws/FreeRTOS_Project/ThirdParty/FreeRTOS/portable/GCC/ARM_CM4F" -I../Drivers/STM32F4xx_HAL_Driver/Inc -I../Drivers/STM32F4xx_HAL_Driver/Inc/Legacy -I../Drivers/CMSIS/Device/ST/STM32F4xx/Include -I../Drivers/CMSIS/Include -O0 -ffunction-sections -fdata-sections -Wall -fstack-usage -fcyclomatic-complexity -MMD -MP -MF"Core/Src/main.d" -MT"Core/Src/main.o" --specs=nano.specs -mfpu=fpv4-sp-d16 -mfloat-abi=hard -mthumb -o "Core/Src/main.o"
arm-none-eabi-gcc -o "FreeRTOS_Project.elf" @"objects.list"   -mcpu=cortex-m4 -T"C:\Users\rajvi\OneDrive\Documents\00_Projects\Embedded_Code\RTOS_ws\FreeRTOS_Project\STM32F446RETX_FLASH.ld" --specs=nosys.specs -Wl,-Map="FreeRTOS_Project.map" -Wl,--gc-sections -static --specs=nano.specs -mfpu=fpv4-sp-d16 -mfloat-abi=hard -mthumb -Wl,--start-group -lc -lm -Wl,--end-group
Finished building target: FreeRTOS_Project.elf
 
arm-none-eabi-size  FreeRTOS_Project.elf 
arm-none-eabi-objdump -h -S FreeRTOS_Project.elf  > "FreeRTOS_Project.list"
   text	   data	    bss	    dec	    hex	filename
  19996	    112	  79200	  99308	  183ec	FreeRTOS_Project.elf
Finished building: default.size.stdout
 
Finished building: FreeRTOS_Project.list
 
19:30:51 **** Incremental Build of configuration Debug for project FreeRTOS_Project ****
make -j16 all 
arm-none-eabi-gcc "../Core/Src/main.c" -mcpu=cortex-m4 -std=gnu11 -g3 -DDEBUG -DUSE_HAL_DRIVER -DSTM32F446xx -c -I../Core/Inc -I"C:/Users/rajvi/OneDrive/Documents/00_Projects/Embedded_Code/RTOS_ws/FreeRTOS_Project/ThirdParty/FreeRTOS" -I"C:/Users/rajvi/OneDrive/Documents/00_Projects/Embedded_Code/RTOS_ws/FreeRTOS_Project/ThirdParty/FreeRTOS/include" -I"C:/Users/rajvi/OneDrive/Documents/00_Projects/Embedded_Code/RTOS_ws/FreeRTOS_Project/ThirdParty/FreeRTOS/portable/GCC/ARM_CM4F" -I../Drivers/STM32F4xx_HAL_Driver/Inc -I../Drivers/STM32F4xx_HAL_Driver/Inc/Legacy -I../Drivers/CMSIS/Device/ST/STM32F4xx/Include -I../Drivers/CMSIS/Include -O0 -ffunction-sections -fdata-sections -Wall -fstack-usage -fcyclomatic-complexity -MMD -MP -MF"Core/Src/main.d" -MT"Core/Src/main.o" --specs=nano.specs -mfpu=fpv4-sp-d16 -mfloat-abi=hard -mthumb -o "Core/Src/main.o"
arm-none-eabi-gcc -o "FreeRTOS_Project.elf" @"objects.list"   -mcpu=cortex-m4 -T"C:\Users\rajvi\OneDrive\Documents\00_Projects\Embedded_Code\RTOS_ws\FreeRTOS_Project\STM32F446RETX_FLASH.ld" --specs=nosys.specs -Wl,-Map="FreeRTOS_Project.map" -Wl,--gc-sections -static --specs=nano.specs -mfpu=fpv4-sp-d16 -mfloat-abi=hard -mthumb -Wl,--start-group -lc -lm -Wl,--end-group
Finished building target: FreeRTOS_Project.elf
 
arm-none-eabi-size  FreeRTOS_Project.elf 
arm-none-eabi-objdump -h -S FreeRTOS_Project.elf  > "FreeRTOS_Project.list"
   text	   data	    bss	    dec	    hex	filename
  20044	    112	  79200	  99356	  1841c	FreeRTOS_Project.elf
Finished building: default.size.stdout
 
Finished building: FreeRTOS_Project.list
 
