17:27:50 **** Incremental Build of configuration Debug for project stm32f4xx_drivers ****
make -j12 all 
arm-none-eabi-gcc "../drivers/Src/stm32f446xx_I2C_drivers.c" -mcpu=cortex-m4 -std=gnu11 -g3 -DDEBUG -DSTM32 -DSTM32F4 -DSTM32F446RETx -c -I../Inc -I"C:/Users/RShah23/Documents/R_ws/stm32f4xx_drivers/drivers/Inc" -I"C:/Users/RShah23/Documents/R_ws/stm32f4xx_drivers/drivers/Inc" -O0 -ffunction-sections -fdata-sections -Wall -fstack-usage -fcyclomatic-complexity -MMD -MP -MF"drivers/Src/stm32f446xx_I2C_drivers.d" -MT"drivers/Src/stm32f446xx_I2C_drivers.o" --specs=nano.specs -mfpu=fpv4-sp-d16 -mfloat-abi=hard -mthumb -o "drivers/Src/stm32f446xx_I2C_drivers.o"
arm-none-eabi-gcc -o "stm32f4xx_drivers.elf" @"objects.list"   -mcpu=cortex-m4 -T"C:\Users\RShah23\Documents\R_ws\stm32f4xx_drivers\STM32F446RETX_FLASH.ld" --specs=nosys.specs -Wl,-Map="stm32f4xx_drivers.map" -Wl,--gc-sections -static --specs=nano.specs -mfpu=fpv4-sp-d16 -mfloat-abi=hard -mthumb -Wl,--start-group -lc -lm -Wl,--end-group
Finished building target: stm32f4xx_drivers.elf
 
arm-none-eabi-size  stm32f4xx_drivers.elf 
arm-none-eabi-objdump -h -S stm32f4xx_drivers.elf  > "stm32f4xx_drivers.list"
   text	   data	    bss	    dec	    hex	filename
   1824	      8	   1568	   3400	    d48	stm32f4xx_drivers.elf
Finished building: default.size.stdout
 
Finished building: stm32f4xx_drivers.list
 

17:27:51 Build Finished. 0 errors, 0 warnings. (took 802ms)

